{"#":98,"ts":"2009-11-18T09:15:10.855364096Z","uid":"YmvKAMrJ6v9","id":{"orig_h":"192.168.1.102","orig_p":1196,"resp_h":"192.168.1.1","resp_p":53},"proto":"udp","service":"dns","duration":"13.042ms","orig_bytes":36,"resp_bytes":215,"conn_state":"SF","local_orig":null,"local_resp":null,"missed_bytes":0,"history":"Dd","orig_pkts":1,"orig_ip_bytes":64,"resp_pkts":1,"resp_ip_bytes":243,"tunnel_parents":[],"community_id":null,"_write_ts":null}