{"_path": null, "_write_ts": null, "ts": "2009-11-18T13:15:53.783225", "uid": "xtHma3vPGie", "id": {"orig_h": "192.168.1.103", "orig_p": 1280, "resp_h": "212.96.161.238", "resp_p": 80}, "proto": "tcp", "service": "http", "duration": 1.959765, "orig_bytes": 368, "resp_bytes": 28171, "conn_state": "SF", "local_orig": null, "local_resp": null, "missed_bytes": 0, "history": "ShADadfF", "orig_pkts": 12, "orig_ip_bytes": 856, "resp_pkts": 26, "resp_ip_bytes": 29219, "tunnel_parents": [], "community_id": null}
{"_path": null, "_write_ts": null, "ts": "2009-11-18T13:56:02.090085", "uid": "6uKsJjqb20e", "id": {"orig_h": "192.168.1.103", "orig_p": 1300, "resp_h": "212.227.96.110", "resp_p": 80}, "proto": "tcp", "service": "http", "duration": 1.96401, "orig_bytes": 1121, "resp_bytes": 342, "conn_state": "SF", "local_orig": null, "local_resp": null, "missed_bytes": 0, "history": "ShADadfF", "orig_pkts": 5, "orig_ip_bytes": 1329, "resp_pkts": 5, "resp_ip_bytes": 546, "tunnel_parents": [], "community_id": null}
{"_path": null, "_write_ts": null, "ts": "2009-11-18T17:17:56.087714", "uid": "7V0iD1ii3B4", "id": {"orig_h": "192.168.1.103", "orig_p": 1540, "resp_h": "198.189.255.89", "resp_p": 80}, "proto": "tcp", "service": "http", "duration": 1.843095, "orig_bytes": 1174, "resp_bytes": 5445, "conn_state": "RSTO", "local_orig": null, "local_resp": null, "missed_bytes": 0, "history": "ShADadR", "orig_pkts": 8, "orig_ip_bytes": 1502, "resp_pkts": 7, "resp_ip_bytes": 5733, "tunnel_parents": [], "community_id": null}
{"_path": null, "_write_ts": null, "ts": "2009-11-18T17:20:13.941452", "uid": "uU2IpPjP6Oe", "id": {"orig_h": "192.168.1.103", "orig_p": 1698, "resp_h": "209.234.235.204", "resp_p": 80}, "proto": "tcp", "service": "http", "duration": 1.810114, "orig_bytes": 1027, "resp_bytes": 0, "conn_state": "RSTO", "local_orig": null, "local_resp": null, "missed_bytes": 0, "history": "ShADaR", "orig_pkts": 4, "orig_ip_bytes": 1195, "resp_pkts": 2, "resp_ip_bytes": 88, "tunnel_parents": [], "community_id": null}
{"_path": null, "_write_ts": null, "ts": "2009-11-18T17:59:52.875098", "uid": "qacjpvy9JH3", "id": {"orig_h": "192.168.1.105", "orig_p": 49240, "resp_h": "198.189.255.90", "resp_p": 80}, "proto": "tcp", "service": "http", "duration": 1.898809, "orig_bytes": 1217, "resp_bytes": 15783, "conn_state": "S1", "local_orig": null, "local_resp": null, "missed_bytes": 0, "history": "ShADad", "orig_pkts": 14, "orig_ip_bytes": 1789, "resp_pkts": 14, "resp_ip_bytes": 16355, "tunnel_parents": [], "community_id": null}
{"_path": null, "_write_ts": null, "ts": "2009-11-18T18:00:25.684015", "uid": "An62j1IlAMk", "id": {"orig_h": "192.168.1.105", "orig_p": 62165, "resp_h": "192.168.1.1", "resp_p": 53}, "proto": "udp", "service": "dns", "duration": 1.885521, "orig_bytes": 52, "resp_bytes": 80, "conn_state": "SF", "local_orig": null, "local_resp": null, "missed_bytes": 0, "history": "Dd", "orig_pkts": 2, "orig_ip_bytes": 108, "resp_pkts": 1, "resp_ip_bytes": 108, "tunnel_parents": [], "community_id": null}
{"_path": null, "_write_ts": null, "ts": "2009-11-18T18:02:14.472267", "uid": "J1G6RKLTM4", "id": {"orig_h": "192.168.1.102", "orig_p": 52220, "resp_h": "192.168.1.1", "resp_p": 53}, "proto": "udp", "service": "dns", "duration": 1.807826, "orig_bytes": 88, "resp_bytes": 107, "conn_state": "SF", "local_orig": null, "local_resp": null, "missed_bytes": 0, "history": "Dd", "orig_pkts": 2, "orig_ip_bytes": 144, "resp_pkts": 1, "resp_ip_bytes": 135, "tunnel_parents": [], "community_id": null}
{"_path": null, "_write_ts": null, "ts": "2009-11-18T18:02:14.624134", "uid": "ZlyAgY3PTtj", "id": {"orig_h": "192.168.1.102", "orig_p": 53966, "resp_h": "192.168.1.1", "resp_p": 53}, "proto": "udp", "service": "dns", "duration": 1.811554, "orig_bytes": 66, "resp_bytes": 85, "conn_state": "SF", "local_orig": null, "local_resp": null, "missed_bytes": 0, "history": "Dd", "orig_pkts": 2, "orig_ip_bytes": 122, "resp_pkts": 1, "resp_ip_bytes": 113, "tunnel_parents": [], "community_id": null}
{"_path": null, "_write_ts": null, "ts": "2009-11-18T18:12:50.105778", "uid": "Ep3pn3j9Nz", "id": {"orig_h": "192.168.1.102", "orig_p": 1592, "resp_h": "74.217.1.83", "resp_p": 80}, "proto": "tcp", "service": "http", "duration": 1.896911, "orig_bytes": 2542, "resp_bytes": 2844, "conn_state": "SF", "local_orig": null, "local_resp": null, "missed_bytes": 0, "history": "ShADadFf", "orig_pkts": 9, "orig_ip_bytes": 2922, "resp_pkts": 7, "resp_ip_bytes": 3132, "tunnel_parents": [], "community_id": null}
{"_path": null, "_write_ts": null, "ts": "2009-11-18T18:12:55.021445", "uid": "5x6aCF0FbOb", "id": {"orig_h": "192.168.1.102", "orig_p": 60943, "resp_h": "192.168.1.1", "resp_p": 53}, "proto": "udp", "service": "dns", "duration": 1.899521, "orig_bytes": 62, "resp_bytes": 82, "conn_state": "SF", "local_orig": null, "local_resp": null, "missed_bytes": 0, "history": "Dd", "orig_pkts": 2, "orig_ip_bytes": 118, "resp_pkts": 1, "resp_ip_bytes": 110, "tunnel_parents": [], "community_id": null}
{"_path": null, "_write_ts": null, "ts": "2009-11-18T18:15:34.503098", "uid": "ZBz0rXkrH46", "id": {"orig_h": "192.168.1.105", "orig_p": 49422, "resp_h": "174.129.236.21", "resp_p": 80}, "proto": "tcp", "service": "http", "duration": 1.857086, "orig_bytes": 740, "resp_bytes": 236, "conn_state": "SF", "local_orig": null, "local_resp": null, "missed_bytes": 0, "history": "ShADadfF", "orig_pkts": 6, "orig_ip_bytes": 992, "resp_pkts": 5, "resp_ip_bytes": 448, "tunnel_parents": [], "community_id": null}
{"_path": null, "_write_ts": null, "ts": "2009-11-18T18:15:37.685602", "uid": "iCILvZXQtE6", "id": {"orig_h": "192.168.1.105", "orig_p": 52266, "resp_h": "192.168.1.1", "resp_p": 53}, "proto": "udp", "service": "dns", "duration": 1.825289, "orig_bytes": 62, "resp_bytes": 113, "conn_state": "SF", "local_orig": null, "local_resp": null, "missed_bytes": 0, "history": "Dd", "orig_pkts": 2, "orig_ip_bytes": 118, "resp_pkts": 1, "resp_ip_bytes": 141, "tunnel_parents": [], "community_id": null}
{"_path": null, "_write_ts": null, "ts": "2009-11-18T18:17:19.414999", "uid": "Byx2OJIVLJ8", "id": {"orig_h": "192.168.1.105", "orig_p": 59590, "resp_h": "192.168.1.1", "resp_p": 53}, "proto": "udp", "service": "dns", "duration": 1.904031, "orig_bytes": 60, "resp_bytes": 285, "conn_state": "SF", "local_orig": null, "local_resp": null, "missed_bytes": 0, "history": "Dd", "orig_pkts": 2, "orig_ip_bytes": 116, "resp_pkts": 1, "resp_ip_bytes": 313, "tunnel_parents": [], "community_id": null}
{"_path": null, "_write_ts": null, "ts": "2009-11-18T18:17:34.286676", "uid": "uAVx1bb7vqe", "id": {"orig_h": "192.168.1.102", "orig_p": 56612, "resp_h": "192.168.1.1", "resp_p": 53}, "proto": "udp", "service": "dns", "duration": 1.924467, "orig_bytes": 68, "resp_bytes": 100, "conn_state": "SF", "local_orig": null, "local_resp": null, "missed_bytes": 0, "history": "Dd", "orig_pkts": 2, "orig_ip_bytes": 124, "resp_pkts": 1, "resp_ip_bytes": 128, "tunnel_parents": [], "community_id": null}
{"_path": null, "_write_ts": null, "ts": "2009-11-18T18:18:01.116344", "uid": "NHFswpfLsHg", "id": {"orig_h": "192.168.1.105", "orig_p": 49511, "resp_h": "207.38.101.10", "resp_p": 443}, "proto": "tcp", "service": "ssl", "duration": 1.841329, "orig_bytes": 768, "resp_bytes": 4727, "conn_state": "SF", "local_orig": null, "local_resp": null, "missed_bytes": 0, "history": "ShADdfFa", "orig_pkts": 10, "orig_ip_bytes": 1180, "resp_pkts": 10, "resp_ip_bytes": 5139, "tunnel_parents": [], "community_id": null}
{"_path": null, "_write_ts": null, "ts": "2009-11-18T18:24:43.329879", "uid": "7HXBfLqZqEk", "id": {"orig_h": "192.168.1.102", "orig_p": 64324, "resp_h": "192.168.1.1", "resp_p": 53}, "proto": "udp", "service": "dns", "duration": 1.928866, "orig_bytes": 72, "resp_bytes": 109, "conn_state": "SF", "local_orig": null, "local_resp": null, "missed_bytes": 0, "history": "Dd", "orig_pkts": 2, "orig_ip_bytes": 128, "resp_pkts": 1, "resp_ip_bytes": 137, "tunnel_parents": [], "community_id": null}
{"_path": null, "_write_ts": null, "ts": "2009-11-18T18:27:17.185317", "uid": "WZc04GHYYn", "id": {"orig_h": "192.168.1.104", "orig_p": 1487, "resp_h": "151.207.240.23", "resp_p": 80}, "proto": "tcp", "service": "http", "duration": 1.998487, "orig_bytes": 532, "resp_bytes": 27161, "conn_state": "SF", "local_orig": null, "local_resp": null, "missed_bytes": 0, "history": "ShADadfF", "orig_pkts": 22, "orig_ip_bytes": 1480, "resp_pkts": 23, "resp_ip_bytes": 28089, "tunnel_parents": [], "community_id": null}
{"_path": null, "_write_ts": null, "ts": "2009-11-18T19:03:57.549534", "uid": "b5mLfy4nXOe", "id": {"orig_h": "192.168.1.104", "orig_p": 1515, "resp_h": "151.207.240.23", "resp_p": 80}, "proto": "tcp", "service": "http", "duration": 1.813355, "orig_bytes": 532, "resp_bytes": 35674, "conn_state": "SF", "local_orig": null, "local_resp": null, "missed_bytes": 0, "history": "ShADadfF", "orig_pkts": 22, "orig_ip_bytes": 1456, "resp_pkts": 31, "resp_ip_bytes": 36922, "tunnel_parents": [], "community_id": null}
{"_path": null, "_write_ts": null, "ts": "2009-11-18T19:10:45.493995", "uid": "AMzQzHurWX6", "id": {"orig_h": "192.168.1.102", "orig_p": 1755, "resp_h": "151.207.240.26", "resp_p": 80}, "proto": "tcp", "service": "http", "duration": 1.901802, "orig_bytes": 538, "resp_bytes": 108877, "conn_state": "SF", "local_orig": null, "local_resp": null, "missed_bytes": 0, "history": "ShADadfF", "orig_pkts": 57, "orig_ip_bytes": 3030, "resp_pkts": 84, "resp_ip_bytes": 112245, "tunnel_parents": [], "community_id": null}
{"_path": null, "_write_ts": null, "ts": "2009-11-18T19:27:40.500699", "uid": "81GVCaiJqw5", "id": {"orig_h": "192.168.1.104", "orig_p": 1547, "resp_h": "151.207.240.23", "resp_p": 80}, "proto": "tcp", "service": "http", "duration": 1.927785, "orig_bytes": 531, "resp_bytes": 46420, "conn_state": "SF", "local_orig": null, "local_resp": null, "missed_bytes": 0, "history": "ShADadfF", "orig_pkts": 30, "orig_ip_bytes": 1823, "resp_pkts": 37, "resp_ip_bytes": 47908, "tunnel_parents": [], "community_id": null}
{"_path": null, "_write_ts": null, "ts": "2009-11-18T20:00:40.766088", "uid": "PFI7ennEu1l", "id": {"orig_h": "192.168.1.102", "orig_p": 1807, "resp_h": "216.218.224.241", "resp_p": 80}, "proto": "tcp", "service": "http", "duration": 1.941282, "orig_bytes": 784, "resp_bytes": 666, "conn_state": "SF", "local_orig": null, "local_resp": null, "missed_bytes": 0, "history": "ShADadfF", "orig_pkts": 5, "orig_ip_bytes": 992, "resp_pkts": 5, "resp_ip_bytes": 874, "tunnel_parents": [], "community_id": null}
{"_path": null, "_write_ts": null, "ts": "2009-11-18T20:44:22.907561", "uid": "huwBRnmek9b", "id": {"orig_h": "192.168.1.103", "orig_p": 1888, "resp_h": "208.97.132.223", "resp_p": 995}, "proto": "tcp", "service": "ssl", "duration": 1.860828, "orig_bytes": 495, "resp_bytes": 2130, "conn_state": "SF", "local_orig": null, "local_resp": null, "missed_bytes": 0, "history": "ShADdafF", "orig_pkts": 14, "orig_ip_bytes": 1063, "resp_pkts": 14, "resp_ip_bytes": 2698, "tunnel_parents": [], "community_id": null}
{"_path": null, "_write_ts": null, "ts": "2009-11-18T20:58:05.666193", "uid": "QRxzWY91C21", "id": {"orig_h": "192.168.1.104", "orig_p": 50788, "resp_h": "192.168.1.1", "resp_p": 53}, "proto": "udp", "service": "dns", "duration": 1.847294, "orig_bytes": 80, "resp_bytes": 117, "conn_state": "SF", "local_orig": null, "local_resp": null, "missed_bytes": 0, "history": "Dd", "orig_pkts": 2, "orig_ip_bytes": 136, "resp_pkts": 1, "resp_ip_bytes": 145, "tunnel_parents": [], "community_id": null}
{"_path": null, "_write_ts": null, "ts": "2009-11-18T21:02:42.569905", "uid": "r0DuUMAOlli", "id": {"orig_h": "192.168.1.104", "orig_p": 52608, "resp_h": "192.168.1.1", "resp_p": 53}, "proto": "udp", "service": "dns", "duration": 1.847563, "orig_bytes": 70, "resp_bytes": 177, "conn_state": "SF", "local_orig": null, "local_resp": null, "missed_bytes": 0, "history": "Dd", "orig_pkts": 2, "orig_ip_bytes": 126, "resp_pkts": 1, "resp_ip_bytes": 205, "tunnel_parents": [], "community_id": null}
{"_path": null, "_write_ts": null, "ts": "2009-11-18T21:02:42.811755", "uid": "kWHEzFtoFfa", "id": {"orig_h": "192.168.1.104", "orig_p": 54737, "resp_h": "192.168.1.1", "resp_p": 53}, "proto": "udp", "service": "dns", "duration": 1.911731, "orig_bytes": 80, "resp_bytes": 120, "conn_state": "SF", "local_orig": null, "local_resp": null, "missed_bytes": 0, "history": "Dd", "orig_pkts": 2, "orig_ip_bytes": 136, "resp_pkts": 1, "resp_ip_bytes": 148, "tunnel_parents": [], "community_id": null}
{"_path": null, "_write_ts": null, "ts": "2009-11-18T21:02:45.860847", "uid": "jstmymrMAW4", "id": {"orig_h": "192.168.1.104", "orig_p": 57197, "resp_h": "192.168.1.1", "resp_p": 53}, "proto": "udp", "service": "dns", "duration": 1.846037, "orig_bytes": 58, "resp_bytes": 88, "conn_state": "SF", "local_orig": null, "local_resp": null, "missed_bytes": 0, "history": "Dd", "orig_pkts": 2, "orig_ip_bytes": 114, "resp_pkts": 1, "resp_ip_bytes": 116, "tunnel_parents": [], "community_id": null}
{"_path": null, "_write_ts": null, "ts": "2009-11-18T21:02:48.226854", "uid": "qYVVnyt6Ix5", "id": {"orig_h": "192.168.1.104", "orig_p": 54348, "resp_h": "192.168.1.1", "resp_p": 53}, "proto": "udp", "service": "dns", "duration": 1.885084, "orig_bytes": 72, "resp_bytes": 292, "conn_state": "SF", "local_orig": null, "local_resp": null, "missed_bytes": 0, "history": "Dd", "orig_pkts": 2, "orig_ip_bytes": 128, "resp_pkts": 1, "resp_ip_bytes": 320, "tunnel_parents": [], "community_id": null}
{"_path": null, "_write_ts": null, "ts": "2009-11-18T21:02:51.426353", "uid": "UPNCRssr3Sh", "id": {"orig_h": "192.168.1.104", "orig_p": 55923, "resp_h": "192.168.1.1", "resp_p": 53}, "proto": "udp", "service": "dns", "duration": 1.924039, "orig_bytes": 60, "resp_bytes": 293, "conn_state": "SF", "local_orig": null, "local_resp": null, "missed_bytes": 0, "history": "Dd", "orig_pkts": 2, "orig_ip_bytes": 116, "resp_pkts": 1, "resp_ip_bytes": 321, "tunnel_parents": [], "community_id": null}
{"_path": null, "_write_ts": null, "ts": "2009-11-18T21:02:59.091036", "uid": "jYO7ZWMd2bh", "id": {"orig_h": "192.168.1.104", "orig_p": 51314, "resp_h": "192.168.1.1", "resp_p": 53}, "proto": "udp", "service": "dns", "duration": 1.860579, "orig_bytes": 70, "resp_bytes": 129, "conn_state": "SF", "local_orig": null, "local_resp": null, "missed_bytes": 0, "history": "Dd", "orig_pkts": 2, "orig_ip_bytes": 126, "resp_pkts": 1, "resp_ip_bytes": 157, "tunnel_parents": [], "community_id": null}
{"_path": null, "_write_ts": null, "ts": "2009-11-18T21:03:01.607961", "uid": "mcEp8NAFL9c", "id": {"orig_h": "192.168.1.104", "orig_p": 56443, "resp_h": "192.168.1.1", "resp_p": 53}, "proto": "udp", "service": "dns", "duration": 1.985707, "orig_bytes": 66, "resp_bytes": 129, "conn_state": "SF", "local_orig": null, "local_resp": null, "missed_bytes": 0, "history": "Dd", "orig_pkts": 2, "orig_ip_bytes": 122, "resp_pkts": 1, "resp_ip_bytes": 157, "tunnel_parents": [], "community_id": null}
{"_path": null, "_write_ts": null, "ts": "2009-11-18T21:15:25.949295", "uid": "ZJ8TJMPYAp9", "id": {"orig_h": "192.168.1.102", "orig_p": 1849, "resp_h": "87.106.13.62", "resp_p": 80}, "proto": "tcp", "service": "http", "duration": 1.837597, "orig_bytes": 1160, "resp_bytes": 342, "conn_state": "SF", "local_orig": null, "local_resp": null, "missed_bytes": 0, "history": "ShADadfF", "orig_pkts": 5, "orig_ip_bytes": 1368, "resp_pkts": 5, "resp_ip_bytes": 550, "tunnel_parents": [], "community_id": null}
{"_path": null, "_write_ts": null, "ts": "2009-11-18T21:17:45.490958", "uid": "OBSrXWsW1d5", "id": {"orig_h": "192.168.1.104", "orig_p": 57815, "resp_h": "192.168.1.1", "resp_p": 53}, "proto": "udp", "service": "dns", "duration": 1.8338, "orig_bytes": 52, "resp_bytes": 187, "conn_state": "SF", "local_orig": null, "local_resp": null, "missed_bytes": 0, "history": "Dd", "orig_pkts": 2, "orig_ip_bytes": 108, "resp_pkts": 1, "resp_ip_bytes": 215, "tunnel_parents": [], "community_id": null}
{"_path": null, "_write_ts": null, "ts": "2009-11-18T21:17:46.501076", "uid": "gcDmo7vMg28", "id": {"orig_h": "192.168.1.104", "orig_p": 64852, "resp_h": "192.168.1.1", "resp_p": 53}, "proto": "udp", "service": "dns", "duration": 1.843531, "orig_bytes": 60, "resp_bytes": 94, "conn_state": "SF", "local_orig": null, "local_resp": null, "missed_bytes": 0, "history": "Dd", "orig_pkts": 2, "orig_ip_bytes": 116, "resp_pkts": 1, "resp_ip_bytes": 122, "tunnel_parents": [], "community_id": null}
{"_path": null, "_write_ts": null, "ts": "2009-11-18T21:17:50.103069", "uid": "Jq7jVPEZMv1", "id": {"orig_h": "192.168.1.104", "orig_p": 64858, "resp_h": "192.168.1.1", "resp_p": 53}, "proto": "udp", "service": "dns", "duration": 1.890805, "orig_bytes": 66, "resp_bytes": 336, "conn_state": "SF", "local_orig": null, "local_resp": null, "missed_bytes": 0, "history": "Dd", "orig_pkts": 2, "orig_ip_bytes": 122, "resp_pkts": 1, "resp_ip_bytes": 364, "tunnel_parents": [], "community_id": null}
{"_path": null, "_write_ts": null, "ts": "2009-11-18T21:17:53.016738", "uid": "XtqGPiCOc42", "id": {"orig_h": "192.168.1.104", "orig_p": 57870, "resp_h": "192.168.1.1", "resp_p": 53}, "proto": "udp", "service": "dns", "duration": 1.984015, "orig_bytes": 68, "resp_bytes": 115, "conn_state": "SF", "local_orig": null, "local_resp": null, "missed_bytes": 0, "history": "Dd", "orig_pkts": 2, "orig_ip_bytes": 124, "resp_pkts": 1, "resp_ip_bytes": 143, "tunnel_parents": [], "community_id": null}
{"_path": null, "_write_ts": null, "ts": "2009-11-18T21:32:51.419881", "uid": "ZGyYvyEPIRd", "id": {"orig_h": "192.168.1.104", "orig_p": 64871, "resp_h": "192.168.1.1", "resp_p": 53}, "proto": "udp", "service": "dns", "duration": 1.906302, "orig_bytes": 64, "resp_bytes": 170, "conn_state": "SF", "local_orig": null, "local_resp": null, "missed_bytes": 0, "history": "Dd", "orig_pkts": 2, "orig_ip_bytes": 120, "resp_pkts": 1, "resp_ip_bytes": 198, "tunnel_parents": [], "community_id": null}
{"_path": null, "_write_ts": null, "ts": "2009-11-18T21:32:56.585891", "uid": "ohdTGoGtHJ8", "id": {"orig_h": "192.168.1.104", "orig_p": 55412, "resp_h": "192.168.1.1", "resp_p": 53}, "proto": "udp", "service": "dns", "duration": 1.8553, "orig_bytes": 76, "resp_bytes": 152, "conn_state": "SF", "local_orig": null, "local_resp": null, "missed_bytes": 0, "history": "Dd", "orig_pkts": 2, "orig_ip_bytes": 132, "resp_pkts": 1, "resp_ip_bytes": 180, "tunnel_parents": [], "community_id": null}
{"_path": null, "_write_ts": null, "ts": "2009-11-18T21:47:50.594511", "uid": "Uy6utEdBfp2", "id": {"orig_h": "192.168.1.104", "orig_p": 59875, "resp_h": "192.168.1.1", "resp_p": 53}, "proto": "udp", "service": "dns", "duration": 1.861147, "orig_bytes": 78, "resp_bytes": 133, "conn_state": "SF", "local_orig": null, "local_resp": null, "missed_bytes": 0, "history": "Dd", "orig_pkts": 2, "orig_ip_bytes": 134, "resp_pkts": 1, "resp_ip_bytes": 161, "tunnel_parents": [], "community_id": null}
{"_path": null, "_write_ts": null, "ts": "2009-11-18T21:56:48.263546", "uid": "RKuHs4ZVan1", "id": {"orig_h": "192.168.1.103", "orig_p": 1925, "resp_h": "87.106.13.62", "resp_p": 80}, "proto": "tcp", "service": "http", "duration": 1.838605, "orig_bytes": 1119, "resp_bytes": 342, "conn_state": "SF", "local_orig": null, "local_resp": null, "missed_bytes": 0, "history": "ShADadfF", "orig_pkts": 5, "orig_ip_bytes": 1327, "resp_pkts": 5, "resp_ip_bytes": 550, "tunnel_parents": [], "community_id": null}
{"_path": null, "_write_ts": null, "ts": "2009-11-18T22:02:54.374568", "uid": "JxVQNC0H6t5", "id": {"orig_h": "192.168.1.104", "orig_p": 64917, "resp_h": "192.168.1.1", "resp_p": 53}, "proto": "udp", "service": "dns", "duration": 1.863118, "orig_bytes": 80, "resp_bytes": 329, "conn_state": "SF", "local_orig": null, "local_resp": null, "missed_bytes": 0, "history": "Dd", "orig_pkts": 2, "orig_ip_bytes": 136, "resp_pkts": 1, "resp_ip_bytes": 357, "tunnel_parents": [], "community_id": null}
{"_path": null, "_write_ts": null, "ts": "2009-11-18T22:03:15.704924", "uid": "kuCWsb1tWF6", "id": {"orig_h": "192.168.1.103", "orig_p": 64729, "resp_h": "192.168.1.1", "resp_p": 53}, "proto": "udp", "service": "dns", "duration": 1.806082, "orig_bytes": 74, "resp_bytes": 169, "conn_state": "SF", "local_orig": null, "local_resp": null, "missed_bytes": 0, "history": "Dd", "orig_pkts": 2, "orig_ip_bytes": 130, "resp_pkts": 1, "resp_ip_bytes": 197, "tunnel_parents": [], "community_id": null}
{"_path": null, "_write_ts": null, "ts": "2009-11-18T22:04:06.810856", "uid": "bvEtFg6M3Wg", "id": {"orig_h": "192.168.1.103", "orig_p": 58452, "resp_h": "192.168.1.1", "resp_p": 53}, "proto": "udp", "service": "dns", "duration": 1.838065, "orig_bytes": 66, "resp_bytes": 127, "conn_state": "SF", "local_orig": null, "local_resp": null, "missed_bytes": 0, "history": "Dd", "orig_pkts": 2, "orig_ip_bytes": 122, "resp_pkts": 1, "resp_ip_bytes": 155, "tunnel_parents": [], "community_id": null}
{"_path": null, "_write_ts": null, "ts": "2009-11-18T22:17:51.784730", "uid": "DyfVSXEhqda", "id": {"orig_h": "192.168.1.104", "orig_p": 64986, "resp_h": "192.168.1.1", "resp_p": 53}, "proto": "udp", "service": "dns", "duration": 1.852347, "orig_bytes": 92, "resp_bytes": 121, "conn_state": "SF", "local_orig": null, "local_resp": null, "missed_bytes": 0, "history": "Dd", "orig_pkts": 2, "orig_ip_bytes": 148, "resp_pkts": 1, "resp_ip_bytes": 149, "tunnel_parents": [], "community_id": null}
{"_path": null, "_write_ts": null, "ts": "2009-11-18T22:47:54.458113", "uid": "6dnsDWTp4nk", "id": {"orig_h": "192.168.1.104", "orig_p": 60502, "resp_h": "192.168.1.1", "resp_p": 53}, "proto": "udp", "service": "dns", "duration": 1.800841, "orig_bytes": 70, "resp_bytes": 303, "conn_state": "SF", "local_orig": null, "local_resp": null, "missed_bytes": 0, "history": "Dd", "orig_pkts": 2, "orig_ip_bytes": 126, "resp_pkts": 1, "resp_ip_bytes": 331, "tunnel_parents": [], "community_id": null}
{"_path": null, "_write_ts": null, "ts": "2009-11-18T22:47:54.771667", "uid": "Lo9mQcZlSVg", "id": {"orig_h": "192.168.1.104", "orig_p": 61732, "resp_h": "192.168.1.1", "resp_p": 53}, "proto": "udp", "service": "dns", "duration": 1.861308, "orig_bytes": 88, "resp_bytes": 103, "conn_state": "SF", "local_orig": null, "local_resp": null, "missed_bytes": 0, "history": "Dd", "orig_pkts": 2, "orig_ip_bytes": 144, "resp_pkts": 1, "resp_ip_bytes": 131, "tunnel_parents": [], "community_id": null}
{"_path": null, "_write_ts": null, "ts": "2009-11-18T22:49:02.536137", "uid": "1OfvjsLQuq", "id": {"orig_h": "192.168.1.103", "orig_p": 62514, "resp_h": "192.168.1.1", "resp_p": 53}, "proto": "udp", "service": "dns", "duration": 1.877162, "orig_bytes": 66, "resp_bytes": 114, "conn_state": "SF", "local_orig": null, "local_resp": null, "missed_bytes": 0, "history": "Dd", "orig_pkts": 2, "orig_ip_bytes": 122, "resp_pkts": 1, "resp_ip_bytes": 142, "tunnel_parents": [], "community_id": null}
{"_path": null, "_write_ts": null, "ts": "2009-11-18T23:02:51.835227", "uid": "QyJGlNz24a7", "id": {"orig_h": "192.168.1.104", "orig_p": 62260, "resp_h": "192.168.1.1", "resp_p": 53}, "proto": "udp", "service": "dns", "duration": 1.879806, "orig_bytes": 60, "resp_bytes": 292, "conn_state": "SF", "local_orig": null, "local_resp": null, "missed_bytes": 0, "history": "Dd", "orig_pkts": 2, "orig_ip_bytes": 116, "resp_pkts": 1, "resp_ip_bytes": 320, "tunnel_parents": [], "community_id": null}
{"_path": null, "_write_ts": null, "ts": "2009-11-18T23:17:56.218884", "uid": "xkkzVwzYD1l", "id": {"orig_h": "192.168.1.104", "orig_p": 49305, "resp_h": "192.168.1.1", "resp_p": 53}, "proto": "udp", "service": "dns", "duration": 1.90029, "orig_bytes": 72, "resp_bytes": 157, "conn_state": "SF", "local_orig": null, "local_resp": null, "missed_bytes": 0, "history": "Dd", "orig_pkts": 2, "orig_ip_bytes": 128, "resp_pkts": 1, "resp_ip_bytes": 185, "tunnel_parents": [], "community_id": null}
{"_path": null, "_write_ts": null, "ts": "2009-11-18T23:48:01.391205", "uid": "PtHRRGhVYj8", "id": {"orig_h": "192.168.1.104", "orig_p": 65030, "resp_h": "192.168.1.1", "resp_p": 53}, "proto": "udp", "service": "dns", "duration": 1.84738, "orig_bytes": 74, "resp_bytes": 125, "conn_state": "SF", "local_orig": null, "local_resp": null, "missed_bytes": 0, "history": "Dd", "orig_pkts": 2, "orig_ip_bytes": 130, "resp_pkts": 1, "resp_ip_bytes": 153, "tunnel_parents": [], "community_id": null}
{"_path": null, "_write_ts": null, "ts": "2009-11-19T00:13:22.649570", "uid": "toafnqiVEg5", "id": {"orig_h": "192.168.1.105", "orig_p": 49621, "resp_h": "87.106.13.62", "resp_p": 80}, "proto": "tcp", "service": "http", "duration": 1.945515, "orig_bytes": 1160, "resp_bytes": 342, "conn_state": "SF", "local_orig": null, "local_resp": null, "missed_bytes": 0, "history": "ShADadfF", "orig_pkts": 5, "orig_ip_bytes": 1372, "resp_pkts": 5, "resp_ip_bytes": 554, "tunnel_parents": [], "community_id": null}
{"_path": null, "_write_ts": null, "ts": "2009-11-19T01:44:09.389448", "uid": "u6ElnvFacvi", "id": {"orig_h": "192.168.1.103", "orig_p": 123, "resp_h": "207.46.232.182", "resp_p": 123}, "proto": "udp", "service": null, "duration": 1.991008, "orig_bytes": 192, "resp_bytes": 0, "conn_state": "S0", "local_orig": null, "local_resp": null, "missed_bytes": 0, "history": "D", "orig_pkts": 4, "orig_ip_bytes": 304, "resp_pkts": 0, "resp_ip_bytes": 0, "tunnel_parents": [], "community_id": null}
{"_path": null, "_write_ts": null, "ts": "2009-11-19T01:51:46.839333", "uid": "wlQeHeH6Wak", "id": {"orig_h": "192.168.1.105", "orig_p": 49430, "resp_h": "65.54.95.7", "resp_p": 80}, "proto": "tcp", "service": "http", "duration": 1.884817, "orig_bytes": 319, "resp_bytes": 465515, "conn_state": "RSTO", "local_orig": null, "local_resp": null, "missed_bytes": 35880, "history": "ShADadfR", "orig_pkts": 179, "orig_ip_bytes": 8206, "resp_pkts": 640, "resp_ip_bytes": 901454, "tunnel_parents": [], "community_id": null}
{"_path": null, "_write_ts": null, "ts": "2009-11-19T07:17:17.424120", "uid": "K13S8wJI0p4", "id": {"orig_h": "192.168.1.104", "orig_p": 1220, "resp_h": "87.106.1.47", "resp_p": 80}, "proto": "tcp", "service": "http", "duration": 1.894374, "orig_bytes": 1118, "resp_bytes": 342, "conn_state": "SF", "local_orig": null, "local_resp": null, "missed_bytes": 0, "history": "ShADadfF", "orig_pkts": 10, "orig_ip_bytes": 2652, "resp_pkts": 10, "resp_ip_bytes": 1092, "tunnel_parents": [], "community_id": null}
