{"mname":null,"rname":null,"serial":null,"refresh":null,"retry":null,"expire":null,"minimum":null}
{"mname":null,"rname":null,"serial":null,"refresh":null,"retry":null,"expire":null,"minimum":null}
{"mname":"foo","rname":null,"serial":null,"refresh":null,"retry":42,"expire":null,"minimum":null}
{"mname":null,"rname":null,"serial":null,"refresh":null,"retry":null,"expire":null,"minimum":null}
{"mname":null,"rname":null,"serial":null,"refresh":null,"retry":null,"expire":null,"minimum":null}