{"ip": {"src": "139.11.6.60", "dst": "139.11.15.55", "type": 17}, "udp": {"src_port": 59778, "dst_port": 9265}, "community_id": "1:L1w7MVQKXxZB38TLcK6ncPZcZhM=", "pcap": {"linktype": 276, "timestamp": "2024-11-09T18:39:49.126305", "captured_packet_length": 289, "original_packet_length": 289, "data": "CAAAAAAAAAIAAQAGtAwl40AUAABFAAENxT1AAD8RShmLCwY8iwsPN+mCJDEA+YLPPDQ2Pk5vdiAgOSAxOTozOTo0OSByZXNvbHYtZG5zLTEgbmFtZWRbNTEzNzQ2XTogMDktTm92LTIwMjQgMTk6Mzk6NDkuMTIwIHF1ZXJpZXM6IGluZm86IGNsaWVudCBAMHg3ZjRlZjQwZjA1MTAgMTcyLjI4LjEuMTExIzMyODA2IChoYXVrZS5ocGMuaHN1LWhoLmRlLnVuaWJ3LWhhbWJ1cmcuZGUpOiBxdWVyeTogaGF1a2UuaHBjLmhzdS1oaC5kZS51bmlidy1oYW1idXJnLmRlIElOIEFBQUEgK0UoMCkgKDEzOS4xMS42LjYwKQ=="}}