{"ts":"2009-11-18T17:59:51.399032064Z","uid":"FJ9x2ru91Ue","id":{"orig_h":"192.168.1.105","orig_p":49228,"resp_h":"74.125.19.148","resp_p":80},"proto":"tcp","service":"http","duration":"1.101848s","orig_bytes":493,"resp_bytes":249,"conn_state":"SF","local_orig":null,"missed_bytes":249,"history":"ShADaFf","orig_pkts":6,"orig_ip_bytes":745,"resp_pkts":3,"resp_ip_bytes":132,"tunnel_parents":[]}
{"ts":"2009-11-18T17:59:51.423259136Z","uid":"jBj1bIw4fHc","id":{"orig_h":"192.168.1.105","orig_p":49230,"resp_h":"198.189.255.90","resp_p":80},"proto":"tcp","service":"http","duration":"1.085071s","orig_bytes":779,"resp_bytes":101679,"conn_state":"S1","local_orig":null,"missed_bytes":19769,"history":"ShADad","orig_pkts":36,"orig_ip_bytes":2231,"resp_pkts":63,"resp_ip_bytes":84891,"tunnel_parents":[]}
{"ts":"2009-11-18T18:18:51.427752960Z","uid":"OKjIPs6pMAb","id":{"orig_h":"192.168.1.105","orig_p":49531,"resp_h":"198.189.255.74","resp_p":80},"proto":"tcp","service":"http","duration":"9.362633s","orig_bytes":1350,"resp_bytes":20517013,"conn_state":"RSTO","local_orig":null,"missed_bytes":59340,"history":"ShADadFRR","orig_pkts":5186,"orig_ip_bytes":213074,"resp_pkts":14843,"resp_ip_bytes":21052785,"tunnel_parents":[]}
{"ts":"2009-11-18T18:19:48.972132864Z","uid":"Mz3ZruqPLKc","id":{"orig_h":"192.168.1.105","orig_p":49547,"resp_h":"198.189.255.74","resp_p":80},"proto":"tcp","service":"http","duration":"30.229772s","orig_bytes":1368,"resp_bytes":81259145,"conn_state":"S1","local_orig":null,"missed_bytes":2507240,"history":"ShADad","orig_pkts":16764,"orig_ip_bytes":684184,"resp_pkts":57098,"resp_ip_bytes":81051017,"tunnel_parents":[]}
{"ts":"2009-11-18T18:55:39.268279040Z","uid":"X4No40ERetd","id":{"orig_h":"192.168.1.104","orig_p":1509,"resp_h":"151.207.240.23","resp_p":80},"proto":"tcp","service":"http","duration":"1.795612s","orig_bytes":538,"resp_bytes":213986,"conn_state":"SF","local_orig":null,"missed_bytes":103824,"history":"ShADadfF","orig_pkts":67,"orig_ip_bytes":3502,"resp_pkts":86,"resp_ip_bytes":116370,"tunnel_parents":[]}
{"ts":"2009-11-18T22:13:45.950475008Z","uid":"ZzNKpU9WfS4","id":{"orig_h":"192.168.1.103","orig_p":2026,"resp_h":"151.207.243.129","resp_p":80},"proto":"tcp","service":"http","duration":"49.034977s","orig_bytes":540,"resp_bytes":3558501,"conn_state":"RSTO","local_orig":null,"missed_bytes":17940,"history":"ShADadR","orig_pkts":1953,"orig_ip_bytes":86440,"resp_pkts":2570,"resp_ip_bytes":3646129,"tunnel_parents":[]}
{"ts":"2009-11-19T00:12:53.130091008Z","uid":"lP7iYDS2Tg","id":{"orig_h":"192.168.1.105","orig_p":49616,"resp_h":"212.227.96.110","resp_p":80},"proto":"tcp","service":"http","duration":"13.90602s","orig_bytes":1121,"resp_bytes":705090,"conn_state":"SF","local_orig":null,"missed_bytes":103500,"history":"ShADadfF","orig_pkts":325,"orig_ip_bytes":14133,"resp_pkts":479,"resp_ip_bytes":674574,"tunnel_parents":[]}
{"ts":"2009-11-19T00:16:21.743417088Z","uid":"NdPHIhRDqOb","id":{"orig_h":"192.168.1.103","orig_p":50718,"resp_h":"130.59.10.36","resp_p":80},"proto":"tcp","service":"http","duration":"7.907041s","orig_bytes":104,"resp_bytes":1034621,"conn_state":"SF","local_orig":null,"missed_bytes":68256,"history":"ShADadfF","orig_pkts":508,"orig_ip_bytes":30920,"resp_pkts":749,"resp_ip_bytes":1055829,"tunnel_parents":[]}
{"ts":"2009-11-19T00:16:22.732291072Z","uid":"fob9YlYwCe9","id":{"orig_h":"192.168.1.104","orig_p":60392,"resp_h":"193.1.193.64","resp_p":80},"proto":"tcp","service":"http","duration":"6.876451s","orig_bytes":104,"resp_bytes":1034673,"conn_state":"SF","local_orig":null,"missed_bytes":12312,"history":"ShADadfF","orig_pkts":451,"orig_ip_bytes":25116,"resp_pkts":754,"resp_ip_bytes":1064313,"tunnel_parents":[]}
{"ts":"2009-11-19T00:16:25.056583936Z","uid":"yN48HcnyUTd","id":{"orig_h":"192.168.1.102","orig_p":39238,"resp_h":"193.1.193.64","resp_p":80},"proto":"tcp","service":"http","duration":"13.509543s","orig_bytes":104,"resp_bytes":1749906,"conn_state":"SF","local_orig":null,"missed_bytes":129960,"history":"ShADadfF","orig_pkts":753,"orig_ip_bytes":41292,"resp_pkts":1190,"resp_ip_bytes":1683202,"tunnel_parents":[]}
{"ts":"2009-11-19T00:16:59.416771840Z","uid":"VLe5ESvext9","id":{"orig_h":"192.168.1.102","orig_p":54748,"resp_h":"130.59.10.36","resp_p":80},"proto":"tcp","service":"http","duration":"22.987829s","orig_bytes":100,"resp_bytes":2825134,"conn_state":"SF","local_orig":null,"missed_bytes":21888,"history":"ShADadfF","orig_pkts":1095,"orig_ip_bytes":58128,"resp_pkts":2057,"resp_ip_bytes":2910222,"tunnel_parents":[]}
{"ts":"2009-11-19T00:17:01.005536Z","uid":"OXHKdGDIC5e","id":{"orig_h":"192.168.1.104","orig_p":36332,"resp_h":"193.1.193.64","resp_p":80},"proto":"tcp","service":"http","duration":"13.282901s","orig_bytes":104,"resp_bytes":1197837,"conn_state":"SF","local_orig":null,"missed_bytes":12312,"history":"ShADadfF","orig_pkts":508,"orig_ip_bytes":27236,"resp_pkts":871,"resp_ip_bytes":1230825,"tunnel_parents":[]}
{"ts":"2009-11-19T00:17:18.787369984Z","uid":"tKPrmFcm0if","id":{"orig_h":"192.168.1.103","orig_p":40865,"resp_h":"193.1.193.64","resp_p":80},"proto":"tcp","service":"http","duration":"31.487986s","orig_bytes":100,"resp_bytes":2825186,"conn_state":"SF","local_orig":null,"missed_bytes":71560,"history":"ShADadfF","orig_pkts":1100,"orig_ip_bytes":58508,"resp_pkts":2022,"resp_ip_bytes":2861514,"tunnel_parents":[]}
{"ts":"2009-11-19T00:17:19.813224960Z","uid":"0RbLR7JrF02","id":{"orig_h":"192.168.1.104","orig_p":36338,"resp_h":"193.1.193.64","resp_p":80},"proto":"tcp","service":"http","duration":"34.540341s","orig_bytes":100,"resp_bytes":2825186,"conn_state":"SF","local_orig":null,"missed_bytes":83448,"history":"ShADadfF","orig_pkts":1200,"orig_ip_bytes":64472,"resp_pkts":2009,"resp_ip_bytes":2846214,"tunnel_parents":[]}
{"ts":"2009-11-19T01:06:28.754554880Z","uid":"F9l7FloWfk7","id":{"orig_h":"192.168.1.105","orig_p":49236,"resp_h":"193.86.3.40","resp_p":80},"proto":"tcp","service":"http","duration":"1.301692s","orig_bytes":204,"resp_bytes":155,"conn_state":"S3","local_orig":null,"missed_bytes":1,"history":"ShADdaf","orig_pkts":4,"orig_ip_bytes":375,"resp_pkts":4,"resp_ip_bytes":327,"tunnel_parents":[]}
{"ts":"2009-11-19T01:06:29.157808128Z","uid":"VTFTtiDDrzi","id":{"orig_h":"192.168.1.105","orig_p":49237,"resp_h":"198.189.255.74","resp_p":80},"proto":"tcp","service":"http","duration":"139.412ms","orig_bytes":198,"resp_bytes":157320,"conn_state":"S1","local_orig":null,"missed_bytes":23460,"history":"ShADad","orig_pkts":32,"orig_ip_bytes":1490,"resp_pkts":99,"resp_ip_bytes":137832,"tunnel_parents":[]}
{"ts":"2009-11-19T01:06:34.805510144Z","uid":"B9NpzE2aPbf","id":{"orig_h":"192.168.1.105","orig_p":49251,"resp_h":"198.189.255.74","resp_p":80},"proto":"tcp","service":"http","duration":"12.254313s","orig_bytes":198,"resp_bytes":19226854,"conn_state":"SF","local_orig":null,"missed_bytes":138000,"history":"ShADadfF","orig_pkts":2254,"orig_ip_bytes":93342,"resp_pkts":13854,"resp_ip_bytes":19667866,"tunnel_parents":[]}
{"ts":"2009-11-19T01:06:52.379484928Z","uid":"4KjkWtIdxp2","id":{"orig_h":"192.168.1.105","orig_p":49255,"resp_h":"198.189.255.73","resp_p":80},"proto":"tcp","service":"http","duration":"29.590232s","orig_bytes":189,"resp_bytes":45662291,"conn_state":"SF","local_orig":null,"missed_bytes":1322040,"history":"ShADadFf","orig_pkts":4749,"orig_ip_bytes":195517,"resp_pkts":32164,"resp_ip_bytes":45644763,"tunnel_parents":[]}
{"ts":"2009-11-19T01:28:01.990388992Z","uid":"4nUkGQ2lYSi","id":{"orig_h":"192.168.1.105","orig_p":49307,"resp_h":"143.166.11.10","resp_p":64053},"proto":"tcp","service":"ftp-data","duration":"41.385777s","orig_bytes":0,"resp_bytes":4255056,"conn_state":"RSTO","local_orig":null,"missed_bytes":178020,"history":"ShAdfR","orig_pkts":1453,"orig_ip_bytes":63572,"resp_pkts":2965,"resp_ip_bytes":4198407,"tunnel_parents":[]}
{"ts":"2009-11-19T01:28:15.883165952Z","uid":"XXMr27pPkpa","id":{"orig_h":"192.168.1.105","orig_p":49316,"resp_h":"66.235.133.1","resp_p":80},"proto":"tcp","service":"http","duration":"26.508227s","orig_bytes":4318,"resp_bytes":2837,"conn_state":"RSTR","local_orig":null,"missed_bytes":3395,"history":"ShADdr","orig_pkts":8,"orig_ip_bytes":3154,"resp_pkts":5,"resp_ip_bytes":2473,"tunnel_parents":[]}
{"ts":"2009-11-19T01:28:18.072547072Z","uid":"ct7MYJQjdof","id":{"orig_h":"192.168.1.105","orig_p":49317,"resp_h":"204.16.104.2","resp_p":80},"proto":"tcp","service":"http","duration":"1.20424825min","orig_bytes":4956,"resp_bytes":41819,"conn_state":"RSTO","local_orig":null,"missed_bytes":4155,"history":"ShADadfR","orig_pkts":35,"orig_ip_bytes":6404,"resp_pkts":38,"resp_ip_bytes":39196,"tunnel_parents":[]}
{"ts":"2009-11-19T01:28:18.074044928Z","uid":"iA4W4vqPsl5","id":{"orig_h":"192.168.1.105","orig_p":49318,"resp_h":"204.16.104.2","resp_p":80},"proto":"tcp","service":"http","duration":"1.2042193min","orig_bytes":8605,"resp_bytes":10889,"conn_state":"RSTO","local_orig":null,"missed_bytes":4081,"history":"ShADadfR","orig_pkts":16,"orig_ip_bytes":7487,"resp_pkts":14,"resp_ip_bytes":9934,"tunnel_parents":[]}
{"ts":"2009-11-19T01:28:18.096281088Z","uid":"01P4eRcGe2g","id":{"orig_h":"192.168.1.105","orig_p":49319,"resp_h":"204.16.104.2","resp_p":80},"proto":"tcp","service":"http","duration":"1.20384435min","orig_bytes":7065,"resp_bytes":6992,"conn_state":"RSTO","local_orig":null,"missed_bytes":2585,"history":"ShADadfR","orig_pkts":14,"orig_ip_bytes":6740,"resp_pkts":12,"resp_ip_bytes":6474,"tunnel_parents":[]}
{"ts":"2009-11-19T01:28:18.485285120Z","uid":"iOS7KXP03N4","id":{"orig_h":"192.168.1.105","orig_p":49320,"resp_h":"204.16.104.2","resp_p":80},"proto":"tcp","service":"http","duration":"1.1973652833333333min","orig_bytes":3806,"resp_bytes":4811,"conn_state":"RSTO","local_orig":null,"missed_bytes":3214,"history":"ShADadfR","orig_pkts":10,"orig_ip_bytes":2868,"resp_pkts":8,"resp_ip_bytes":3956,"tunnel_parents":[]}
{"ts":"2009-11-19T01:28:30.359087104Z","uid":"IoFpkuTFOP","id":{"orig_h":"192.168.1.105","orig_p":49325,"resp_h":"137.226.34.227","resp_p":80},"proto":"tcp","service":"http","duration":"32.832475466666665min","orig_bytes":518,"resp_bytes":157484692,"conn_state":"RSTO","local_orig":null,"missed_bytes":658120,"history":"ShADadfR","orig_pkts":100548,"orig_ip_bytes":4140066,"resp_pkts":203934,"resp_ip_bytes":286586076,"tunnel_parents":[]}
{"ts":"2009-11-19T01:51:41.823479040Z","uid":"zvJtoxgGU7j","id":{"orig_h":"192.168.1.105","orig_p":49399,"resp_h":"65.54.95.7","resp_p":80},"proto":"tcp","service":"http","duration":"30.094372s","orig_bytes":299,"resp_bytes":8164656,"conn_state":"RSTO","local_orig":null,"missed_bytes":172500,"history":"ShADadfR","orig_pkts":2678,"orig_ip_bytes":112694,"resp_pkts":11625,"resp_ip_bytes":16496256,"tunnel_parents":[]}
{"ts":"2009-11-19T01:51:41.840481024Z","uid":"bHip4S6I3c7","id":{"orig_h":"192.168.1.105","orig_p":49400,"resp_h":"65.54.95.7","resp_p":80},"proto":"tcp","service":"http","duration":"9.313899s","orig_bytes":309,"resp_bytes":1425036,"conn_state":"RSTO","local_orig":null,"missed_bytes":42780,"history":"ShADadfR","orig_pkts":595,"orig_ip_bytes":25874,"resp_pkts":2031,"resp_ip_bytes":2876136,"tunnel_parents":[]}
{"ts":"2009-11-19T01:51:42.328162816Z","uid":"t2CjQk1bod5","id":{"orig_h":"192.168.1.105","orig_p":49401,"resp_h":"65.54.95.7","resp_p":80},"proto":"tcp","service":"http","duration":"55.139895s","orig_bytes":317,"resp_bytes":19588051,"conn_state":"RSTO","local_orig":null,"missed_bytes":796260,"history":"ShADadfR","orig_pkts":5969,"orig_ip_bytes":249638,"resp_pkts":27328,"resp_ip_bytes":38784366,"tunnel_parents":[]}
{"ts":"2009-11-19T01:51:46.658691840Z","uid":"eOwUv7zprbl","id":{"orig_h":"192.168.1.105","orig_p":49403,"resp_h":"65.54.95.7","resp_p":80},"proto":"tcp","service":"http","duration":"2.053465999s","orig_bytes":319,"resp_bytes":575404,"conn_state":"RSTO","local_orig":null,"missed_bytes":41400,"history":"ShADadfR","orig_pkts":207,"orig_ip_bytes":9251,"resp_pkts":781,"resp_ip_bytes":1102032,"tunnel_parents":[]}
{"ts":"2009-11-19T01:51:46.660690944Z","uid":"UNVsUF63SN9","id":{"orig_h":"192.168.1.105","orig_p":49404,"resp_h":"65.54.95.7","resp_p":80},"proto":"tcp","service":"http","duration":"31.885999s","orig_bytes":317,"resp_bytes":10959899,"conn_state":"RSTO","local_orig":null,"missed_bytes":213900,"history":"ShADadfR","orig_pkts":4082,"orig_ip_bytes":172262,"resp_pkts":15610,"resp_ip_bytes":22157822,"tunnel_parents":[]}
{"ts":"2009-11-19T01:51:46.679933952Z","uid":"yQaisBHNGnc","id":{"orig_h":"192.168.1.105","orig_p":49410,"resp_h":"65.54.95.7","resp_p":80},"proto":"tcp","service":"http","duration":"18.759723s","orig_bytes":311,"resp_bytes":5290518,"conn_state":"RSTO","local_orig":null,"missed_bytes":150420,"history":"ShADadfR","orig_pkts":1886,"orig_ip_bytes":79790,"resp_pkts":7529,"resp_ip_bytes":10664180,"tunnel_parents":[]}
{"ts":"2009-11-19T01:51:46.692174848Z","uid":"IS23zxx7U13","id":{"orig_h":"192.168.1.105","orig_p":49416,"resp_h":"65.54.95.7","resp_p":80},"proto":"tcp","service":"http","duration":"782.271ms","orig_bytes":319,"resp_bytes":110987,"conn_state":"RSTO","local_orig":null,"missed_bytes":11040,"history":"ShADadfR","orig_pkts":63,"orig_ip_bytes":3450,"resp_pkts":156,"resp_ip_bytes":217186,"tunnel_parents":[]}
{"ts":"2009-11-19T01:51:46.694674944Z","uid":"CbdaBdFJKXe","id":{"orig_h":"192.168.1.105","orig_p":49417,"resp_h":"65.54.95.7","resp_p":80},"proto":"tcp","service":"http","duration":"1.39688s","orig_bytes":311,"resp_bytes":241939,"conn_state":"RSTO","local_orig":null,"missed_bytes":22080,"history":"ShADadfR","orig_pkts":94,"orig_ip_bytes":4574,"resp_pkts":332,"resp_ip_bytes":464062,"tunnel_parents":[]}
{"ts":"2009-11-19T01:51:46.705164032Z","uid":"JNUTfQaIk1k","id":{"orig_h":"192.168.1.105","orig_p":49419,"resp_h":"65.54.95.7","resp_p":80},"proto":"tcp","service":"http","duration":"1.422368s","orig_bytes":319,"resp_bytes":128661,"conn_state":"RSTO","local_orig":null,"missed_bytes":11040,"history":"ShADadfR","orig_pkts":64,"orig_ip_bytes":3354,"resp_pkts":186,"resp_ip_bytes":256506,"tunnel_parents":[]}
{"ts":"2009-11-19T01:51:46.707665920Z","uid":"36PgKK4jaq9","id":{"orig_h":"192.168.1.105","orig_p":49420,"resp_h":"65.54.95.7","resp_p":80},"proto":"tcp","service":"http","duration":"2.934657s","orig_bytes":322,"resp_bytes":843635,"conn_state":"RSTO","local_orig":null,"missed_bytes":20700,"history":"ShADadfR","orig_pkts":312,"orig_ip_bytes":13832,"resp_pkts":1212,"resp_ip_bytes":1713694,"tunnel_parents":[]}
{"ts":"2009-11-19T01:51:46.714658048Z","uid":"Wns70dUqIF3","id":{"orig_h":"192.168.1.105","orig_p":49422,"resp_h":"65.54.95.7","resp_p":80},"proto":"tcp","service":"http","duration":"15.103024s","orig_bytes":304,"resp_bytes":4149404,"conn_state":"RSTO","local_orig":null,"missed_bytes":74520,"history":"ShADadfR","orig_pkts":1694,"orig_ip_bytes":72156,"resp_pkts":5933,"resp_ip_bytes":8417460,"tunnel_parents":[]}
{"ts":"2009-11-19T01:51:46.716905216Z","uid":"GNgFEqEyXoe","id":{"orig_h":"192.168.1.105","orig_p":49423,"resp_h":"65.54.95.7","resp_p":80},"proto":"tcp","service":"http","duration":"37.376295s","orig_bytes":311,"resp_bytes":13387681,"conn_state":"RSTO","local_orig":null,"missed_bytes":124200,"history":"ShADadfR","orig_pkts":4517,"orig_ip_bytes":189734,"resp_pkts":19257,"resp_ip_bytes":27331766,"tunnel_parents":[]}
{"ts":"2009-11-19T01:51:46.721911040Z","uid":"aRGqdqfpwZ5","id":{"orig_h":"192.168.1.105","orig_p":49425,"resp_h":"65.54.95.7","resp_p":80},"proto":"tcp","service":"http","duration":"28.638272s","orig_bytes":315,"resp_bytes":8938988,"conn_state":"RSTO","local_orig":null,"missed_bytes":129720,"history":"ShADadfR","orig_pkts":2806,"orig_ip_bytes":117546,"resp_pkts":12819,"resp_ip_bytes":18182380,"tunnel_parents":[]}
{"ts":"2009-11-19T01:51:46.839333120Z","uid":"wlQeHeH6Wak","id":{"orig_h":"192.168.1.105","orig_p":49430,"resp_h":"65.54.95.7","resp_p":80},"proto":"tcp","service":"http","duration":"1.884817s","orig_bytes":319,"resp_bytes":465515,"conn_state":"RSTO","local_orig":null,"missed_bytes":35880,"history":"ShADadfR","orig_pkts":179,"orig_ip_bytes":8206,"resp_pkts":640,"resp_ip_bytes":901454,"tunnel_parents":[]}
{"ts":"2009-11-19T01:51:46.845827072Z","uid":"klYzo5kN6L8","id":{"orig_h":"192.168.1.105","orig_p":49431,"resp_h":"65.54.95.7","resp_p":80},"proto":"tcp","service":"http","duration":"476.451ms","orig_bytes":319,"resp_bytes":125580,"conn_state":"S1","local_orig":null,"missed_bytes":5520,"history":"ShADad","orig_pkts":56,"orig_ip_bytes":3082,"resp_pkts":177,"resp_ip_bytes":245844,"tunnel_parents":[]}
{"ts":"2009-11-19T01:51:46.980006912Z","uid":"m8UHYCsa9M","id":{"orig_h":"192.168.1.105","orig_p":49432,"resp_h":"65.54.95.209","resp_p":80},"proto":"tcp","service":"http","duration":"22.89961s","orig_bytes":312,"resp_bytes":9460057,"conn_state":"RSTO","local_orig":null,"missed_bytes":182160,"history":"ShADadfR","orig_pkts":2969,"orig_ip_bytes":125120,"resp_pkts":13470,"resp_ip_bytes":19108418,"tunnel_parents":[]}
{"ts":"2009-11-19T01:53:20.540519936Z","uid":"xVC9jEibwwl","id":{"orig_h":"192.168.1.105","orig_p":49464,"resp_h":"65.54.95.201","resp_p":80},"proto":"tcp","service":"http","duration":"10.070931s","orig_bytes":306,"resp_bytes":9430253,"conn_state":"RSTO","local_orig":null,"missed_bytes":110400,"history":"ShADadfR","orig_pkts":2647,"orig_ip_bytes":110368,"resp_pkts":13551,"resp_ip_bytes":19232830,"tunnel_parents":[]}
{"ts":"2009-11-19T01:53:20.554510080Z","uid":"2FNTP5NfIb4","id":{"orig_h":"192.168.1.105","orig_p":49465,"resp_h":"65.54.95.201","resp_p":80},"proto":"tcp","service":"http","duration":"15.323383s","orig_bytes":292,"resp_bytes":13264556,"conn_state":"RSTO","local_orig":null,"missed_bytes":845940,"history":"ShADadfR","orig_pkts":3464,"orig_ip_bytes":144000,"resp_pkts":17988,"resp_ip_bytes":25520896,"tunnel_parents":[]}
{"ts":"2009-11-19T01:53:20.740893952Z","uid":"S8zJXNPYGRb","id":{"orig_h":"192.168.1.105","orig_p":49477,"resp_h":"65.54.95.201","resp_p":80},"proto":"tcp","service":"http","duration":"1.427357s","orig_bytes":316,"resp_bytes":699198,"conn_state":"RSTO","local_orig":null,"missed_bytes":34500,"history":"ShADadfR","orig_pkts":239,"orig_ip_bytes":10852,"resp_pkts":974,"resp_ip_bytes":1376660,"tunnel_parents":[]}
{"ts":"2009-11-19T01:53:20.915534080Z","uid":"flooff16tKe","id":{"orig_h":"192.168.1.105","orig_p":49484,"resp_h":"65.54.95.201","resp_p":80},"proto":"tcp","service":"http","duration":"1.643721s","orig_bytes":316,"resp_bytes":1576676,"conn_state":"RSTO","local_orig":null,"missed_bytes":44160,"history":"ShADadfR","orig_pkts":511,"orig_ip_bytes":22596,"resp_pkts":2226,"resp_ip_bytes":3151336,"tunnel_parents":[]}
{"ts":"2009-11-19T01:53:21.012222976Z","uid":"Nm4dpR9rBk6","id":{"orig_h":"192.168.1.105","orig_p":49490,"resp_h":"65.54.95.201","resp_p":80},"proto":"tcp","service":"http","duration":"3.145528s","orig_bytes":308,"resp_bytes":1144241,"conn_state":"RSTO","local_orig":null,"missed_bytes":28980,"history":"ShADadfR","orig_pkts":387,"orig_ip_bytes":16840,"resp_pkts":1629,"resp_ip_bytes":2302606,"tunnel_parents":[]}
{"ts":"2009-11-19T02:03:30.505361920Z","uid":"9QFRUGODfzd","id":{"orig_h":"192.168.1.105","orig_p":49525,"resp_h":"68.142.123.21","resp_p":80},"proto":"tcp","service":"http","duration":"16.359231s","orig_bytes":1010,"resp_bytes":204656,"conn_state":"RSTO","local_orig":null,"missed_bytes":49834,"history":"ShADadfR","orig_pkts":81,"orig_ip_bytes":5272,"resp_pkts":264,"resp_ip_bytes":344662,"tunnel_parents":[]}
{"ts":"2009-11-19T02:03:30.587060992Z","uid":"mIXykuaWk48","id":{"orig_h":"192.168.1.105","orig_p":49530,"resp_h":"68.142.123.31","resp_p":80},"proto":"tcp","service":"http","duration":"46.34716s","orig_bytes":2061,"resp_bytes":5047672,"conn_state":"RSTO","local_orig":null,"missed_bytes":477286,"history":"ShADadfR","orig_pkts":1861,"orig_ip_bytes":82098,"resp_pkts":6660,"resp_ip_bytes":9409436,"tunnel_parents":[]}
{"ts":"2009-11-19T02:03:30.657020160Z","uid":"x2NWgJ0XG5a","id":{"orig_h":"192.168.1.105","orig_p":49533,"resp_h":"68.142.123.21","resp_p":80},"proto":"tcp","service":"http","duration":"46.277689s","orig_bytes":1043,"resp_bytes":3119027,"conn_state":"RSTO","local_orig":null,"missed_bytes":82800,"history":"ShADadfR","orig_pkts":1224,"orig_ip_bytes":53458,"resp_pkts":4423,"resp_ip_bytes":6261818,"tunnel_parents":[]}
{"ts":"2009-11-19T02:03:30.658766080Z","uid":"5mNle4ID2ll","id":{"orig_h":"192.168.1.105","orig_p":49534,"resp_h":"68.142.123.21","resp_p":80},"proto":"tcp","service":"http","duration":"46.275704s","orig_bytes":344,"resp_bytes":1696453,"conn_state":"RSTO","local_orig":null,"missed_bytes":53820,"history":"ShADadfR","orig_pkts":758,"orig_ip_bytes":33120,"resp_pkts":2392,"resp_ip_bytes":3383718,"tunnel_parents":[]}
{"ts":"2009-11-19T02:03:30.701991936Z","uid":"g72pDnLaMtg","id":{"orig_h":"192.168.1.105","orig_p":49536,"resp_h":"68.142.123.21","resp_p":80},"proto":"tcp","service":"http","duration":"16.162856s","orig_bytes":932,"resp_bytes":2346033,"conn_state":"RSTO","local_orig":null,"missed_bytes":208380,"history":"ShADadfR","orig_pkts":792,"orig_ip_bytes":35296,"resp_pkts":3118,"resp_ip_bytes":4403314,"tunnel_parents":[]}
{"ts":"2009-11-19T02:03:30.764950016Z","uid":"nHV1DHc9znc","id":{"orig_h":"192.168.1.105","orig_p":49540,"resp_h":"68.142.123.21","resp_p":80},"proto":"tcp","service":"http","duration":"16.099646s","orig_bytes":1008,"resp_bytes":471809,"conn_state":"RSTO","local_orig":null,"missed_bytes":56900,"history":"ShADadfR","orig_pkts":144,"orig_ip_bytes":7800,"resp_pkts":616,"resp_ip_bytes":850342,"tunnel_parents":[]}
{"ts":"2009-11-19T02:03:30.924598016Z","uid":"37w5O4avrM1","id":{"orig_h":"192.168.1.105","orig_p":49549,"resp_h":"68.142.123.21","resp_p":80},"proto":"tcp","service":"http","duration":"15.940246s","orig_bytes":418,"resp_bytes":614184,"conn_state":"RSTO","local_orig":null,"missed_bytes":103500,"history":"ShADadfR","orig_pkts":190,"orig_ip_bytes":9512,"resp_pkts":755,"resp_ip_bytes":1055732,"tunnel_parents":[]}
{"ts":"2009-11-19T02:03:30.939589120Z","uid":"D1JktAr8hcd","id":{"orig_h":"192.168.1.105","orig_p":49550,"resp_h":"68.142.123.21","resp_p":80},"proto":"tcp","service":"http","duration":"45.994883s","orig_bytes":406,"resp_bytes":3801099,"conn_state":"RSTO","local_orig":null,"missed_bytes":139380,"history":"ShADadfR","orig_pkts":1328,"orig_ip_bytes":55588,"resp_pkts":5325,"resp_ip_bytes":7543362,"tunnel_parents":[]}
{"ts":"2009-11-19T02:03:30.987307008Z","uid":"cRb4664IH7j","id":{"orig_h":"192.168.1.105","orig_p":49552,"resp_h":"68.142.123.21","resp_p":80},"proto":"tcp","service":"http","duration":"15.877534s","orig_bytes":1018,"resp_bytes":280569,"conn_state":"RSTO","local_orig":null,"missed_bytes":25810,"history":"ShADadfR","orig_pkts":134,"orig_ip_bytes":6748,"resp_pkts":392,"resp_ip_bytes":543030,"tunnel_parents":[]}
{"ts":"2009-11-19T02:14:17.746747904Z","uid":"ef6bnl4zIwe","id":{"orig_h":"192.168.1.105","orig_p":49590,"resp_h":"208.111.129.62","resp_p":80},"proto":"tcp","service":"http","duration":"30.25526s","orig_bytes":1776,"resp_bytes":2170424,"conn_state":"RSTO","local_orig":null,"missed_bytes":86940,"history":"ShADadfR","orig_pkts":836,"orig_ip_bytes":40160,"resp_pkts":3060,"resp_ip_bytes":4310092,"tunnel_parents":[]}
{"ts":"2009-11-19T02:14:27.532355072Z","uid":"JSJK7sB7TGi","id":{"orig_h":"192.168.1.105","orig_p":49607,"resp_h":"65.54.95.185","resp_p":80},"proto":"tcp","service":"http","duration":"241.602ms","orig_bytes":373,"resp_bytes":73482,"conn_state":"S1","local_orig":null,"missed_bytes":37260,"history":"ShADad","orig_pkts":24,"orig_ip_bytes":1730,"resp_pkts":58,"resp_ip_bytes":74788,"tunnel_parents":[]}
{"ts":"2009-11-19T05:16:47.071568896Z","uid":"0RJSUduVrn3","id":{"orig_h":"192.168.1.104","orig_p":1169,"resp_h":"87.106.1.47","resp_p":80},"proto":"tcp","service":"http","duration":"10.06147s","orig_bytes":1118,"resp_bytes":705090,"conn_state":"SF","local_orig":null,"missed_bytes":16560,"history":"ShADadfF","orig_pkts":405,"orig_ip_bytes":18468,"resp_pkts":1002,"resp_ip_bytes":1414388,"tunnel_parents":[]}