     identifier "foo42_bar"
        newline "\n"
         scalar "42"
        newline "\n"
          minus "-"
         scalar "0"
        newline "\n"
         scalar "31.0"
        newline "\n"
          minus "-"
         scalar "3.5"
        newline "\n"
         scalar "123_456_789.00"
        newline "\n"
             ip "cafe::cafe"
        newline "\n"
             ip "1234::5678"
        newline "\n"
             ip "bad:c0ff:ee::"
        newline "\n"
             ip "c0f:fee::"
        newline "\n"
             ip "::f00d:cafe:"
        newline "\n"
             ip "::"
        newline "\n"
             ip "::1"
        newline "\n"
             ip "f::"
        newline "\n"
             ip "127.0.0.1"
        newline "\n"
             ip "::1.2.3.4"
        newline "\n"
     identifier "foo"
             ip "::ba"
     identifier "r"
            dot "."
             ip "2.3.4.5"
        newline "\n"
         subnet "0.0.0.0/42"
        newline "\n"
  delim_comment "/* hi */"
        newline "\n"
  delim_comment "/* // */"
        newline "\n"
   line_comment "// test /*"
        newline "\n"
           plus "+"
          minus "-"
           star "*"
          slash "/"
        newline "\n"
         string "\"foo\""
        newline "\n"
         string "\"foo\\\"bar\""
        newline "\n"
         string "\"\\{foo}\""
        newline "\n"
         string "\"\\xFF\""
        newline "\n"
     identifier "f"
         string "\"\""
        newline "\n"
     identifier "foo"
         string "\"\""
        newline "\n"
         scalar "42kb"
        newline "\n"
         scalar "4h"
        newline "\n"
         scalar "42foo"
        newline "\n"
     identifier "foo"
   single_quote "'"
     identifier "bar"
        newline "\n"
     identifier "foo"
   single_quote "'"
   dollar_ident "$bar"
        newline "\n"
       datetime "2023-02-20"
        newline "\n"
       datetime "2023-02-20T12:34:56"
        newline "\n"
       datetime "2023-02-20T12:34:56+02:00"
        newline "\n"
       datetime "2023-02-20T12:34:56-04:00"
        newline "\n"
         scalar "42_042ms"
        newline "\n"
         scalar "42.0gb"