[
  assignment {
    left: simple_selector {
      expr: root_field `activity_name` @ 0..13,
      has_this: false,
      path: [
        `activity_name` @ 0..13
      ]
    },
    equals: 14..15,
    right: constant {
      value: string "Launch",
      source: 16..24
    }
  },
  assignment {
    left: simple_selector {
      expr: root_field `activity_id` @ 25..36,
      has_this: false,
      path: [
        `activity_id` @ 25..36
      ]
    },
    equals: 37..38,
    right: constant {
      value: int64 1,
      source: 39..40
    }
  },
  assignment {
    left: simple_selector {
      expr: field_access {
        left: root_field `actor` @ 41..46,
        dot: 46..47,
        name: `process` @ 47..54
      },
      has_this: false,
      path: [
        `actor` @ 41..46,
        `process` @ 47..54
      ]
    },
    equals: 55..56,
    right: record {
      begin: 57..58,
      items: [
        field {
          name: `file` @ 61..65,
          expr: record {
            begin: 67..68,
            items: [
              field {
                name: `path` @ 73..77,
                expr: root_field `path` @ 79..83
              },
              field {
                name: `parent_folder` @ 89..102,
                expr: function_call {
                  fn: {
                    path: [
                      `std` @ 104..107,
                      `path` @ 108..112,
                      `parent` @ 113..119
                    ],
                    ref: unresolved
                  },
                  args: [
                    field_access {
                      left: field_access {
                        left: root_field `src` @ 120..123,
                        dot: 123..124,
                        name: `event_data` @ 124..134
                      },
                      dot: 134..135,
                      name: `ParentImage` @ 135..146
                    }
                  ],
                  rpar: 146..147,
                  method: false
                }
              },
              field {
                name: `name` @ 153..157,
                expr: function_call {
                  fn: {
                    path: [
                      `std` @ 159..162,
                      `path` @ 163..167,
                      `file_name` @ 168..177
                    ],
                    ref: unresolved
                  },
                  args: [
                    field_access {
                      left: field_access {
                        left: root_field `src` @ 178..181,
                        dot: 181..182,
                        name: `event_data` @ 182..192
                      },
                      dot: 192..193,
                      name: `ParentImage` @ 193..204
                    }
                  ],
                  rpar: 204..205,
                  method: false
                }
              },
              field {
                name: `type` @ 211..217,
                expr: constant {
                  value: string "Unknown",
                  source: 219..228
                }
              },
              field {
                name: `type_id` @ 234..241,
                expr: constant {
                  value: int64 0,
                  source: 243..244
                }
              }
            ],
            end: 248..249
          }
        },
        field {
          name: `pid` @ 253..256,
          expr: function_call {
            fn: {
              path: [
                `int` @ 258..261
              ],
              ref: unresolved
            },
            args: [
              field_access {
                left: field_access {
                  left: root_field `src` @ 262..265,
                  dot: 265..266,
                  name: `event_data` @ 266..276
                },
                dot: 276..277,
                name: `ParentProcessId` @ 277..292
              }
            ],
            rpar: 292..293,
            method: false
          }
        }
      ],
      end: 295..296
    }
  },
  invocation {
    op: {
      path: [
        `drop` @ 297..301
      ],
      ref: unresolved
    },
    args: [
      field_access {
        left: field_access {
          left: root_field `src` @ 302..305,
          dot: 305..306,
          name: `event_data` @ 306..316
        },
        dot: 316..317,
        name: `ParentImage` @ 317..328
      },
      field_access {
        left: field_access {
          left: root_field `src` @ 330..333,
          dot: 333..334,
          name: `event_data` @ 334..344
        },
        dot: 344..345,
        name: `ParentProcessId` @ 345..360
      }
    ]
  },
  assignment {
    left: simple_selector {
      expr: field_access {
        left: root_field `actor` @ 361..366,
        dot: 366..367,
        name: `user` @ 367..371
      },
      has_this: false,
      path: [
        `actor` @ 361..366,
        `user` @ 367..371
      ]
    },
    equals: 372..373,
    right: record {
      begin: 374..375,
      items: [
        field {
          name: `account_type` @ 378..390,
          expr: constant {
            value: string "Windows Account",
            source: 392..409
          }
        },
        field {
          name: `account_type_id` @ 413..428,
          expr: constant {
            value: int64 2,
            source: 430..431
          }
        },
        field {
          name: `domain` @ 435..441,
          expr: field_access {
            left: field_access {
              left: root_field `src` @ 443..446,
              dot: 446..447,
              name: `user` @ 447..451
            },
            dot: 451..452,
            name: `domain` @ 452..458
          }
        },
        field {
          name: `name` @ 462..466,
          expr: field_access {
            left: field_access {
              left: root_field `src` @ 468..471,
              dot: 471..472,
              name: `user` @ 472..476
            },
            dot: 476..477,
            name: `name` @ 477..481
          }
        },
        field {
          name: `uid` @ 485..488,
          expr: field_access {
            left: field_access {
              left: root_field `src` @ 490..493,
              dot: 493..494,
              name: `user` @ 494..498
            },
            dot: 498..499,
            name: `identifier` @ 499..509
          }
        }
      ],
      end: 511..512
    }
  },
  invocation {
    op: {
      path: [
        `drop` @ 513..517
      ],
      ref: unresolved
    },
    args: [
      field_access {
        left: field_access {
          left: root_field `src` @ 518..521,
          dot: 521..522,
          name: `user` @ 522..526
        },
        dot: 526..527,
        name: `domain` @ 527..533
      },
      field_access {
        left: field_access {
          left: root_field `src` @ 535..538,
          dot: 538..539,
          name: `user` @ 539..543
        },
        dot: 543..544,
        name: `name` @ 544..548
      },
      field_access {
        left: field_access {
          left: root_field `src` @ 550..553,
          dot: 553..554,
          name: `user` @ 554..558
        },
        dot: 558..559,
        name: `identifier` @ 559..569
      }
    ]
  },
  assignment {
    left: simple_selector {
      expr: root_field `category_name` @ 570..583,
      has_this: false,
      path: [
        `category_name` @ 570..583
      ]
    },
    equals: 584..585,
    right: constant {
      value: string "System Activity",
      source: 586..603
    }
  },
  assignment {
    left: simple_selector {
      expr: root_field `category_uid` @ 604..616,
      has_this: false,
      path: [
        `category_uid` @ 604..616
      ]
    },
    equals: 617..618,
    right: function_call {
      fn: {
        path: [
          `ocsf` @ 619..623,
          `category_uid` @ 624..636
        ],
        ref: unresolved
      },
      args: [
        root_field `category_name` @ 637..650
      ],
      rpar: 650..651,
      method: false
    }
  },
  assignment {
    left: simple_selector {
      expr: root_field `class_name` @ 652..662,
      has_this: false,
      path: [
        `class_name` @ 652..662
      ]
    },
    equals: 663..664,
    right: constant {
      value: string "Process Activity",
      source: 665..683
    }
  },
  assignment {
    left: simple_selector {
      expr: root_field `class_uid` @ 684..693,
      has_this: false,
      path: [
        `class_uid` @ 684..693
      ]
    },
    equals: 694..695,
    right: function_call {
      fn: {
        path: [
          `ocsf` @ 696..700,
          `class_uid` @ 701..710
        ],
        ref: unresolved
      },
      args: [
        root_field `class_name` @ 711..721
      ],
      rpar: 721..722,
      method: false
    }
  },
  assignment {
    left: simple_selector {
      expr: root_field `device` @ 723..729,
      has_this: false,
      path: [
        `device` @ 723..729
      ]
    },
    equals: 730..731,
    right: record {
      begin: 732..733,
      items: [
        field {
          name: `hostname` @ 736..744,
          expr: field_access {
            left: root_field `src` @ 746..749,
            dot: 749..750,
            name: `computer_name` @ 750..763
          }
        },
        field {
          name: `os` @ 767..769,
          expr: record {
            begin: 771..772,
            items: [
              field {
                name: `name` @ 777..781,
                expr: constant {
                  value: string "Windows",
                  source: 783..792
                }
              },
              field {
                name: `type` @ 798..804,
                expr: constant {
                  value: string "Windows",
                  source: 806..815
                }
              },
              field {
                name: `type_id` @ 821..828,
                expr: constant {
                  value: int64 100,
                  source: 830..833
                }
              }
            ],
            end: 837..838
          }
        },
        field {
          name: `type` @ 842..848,
          expr: constant {
            value: string "Unknown",
            source: 850..859
          }
        },
        field {
          name: `type_id` @ 863..870,
          expr: constant {
            value: int64 0,
            source: 872..873
          }
        }
      ],
      end: 875..876
    }
  },
  invocation {
    op: {
      path: [
        `drop` @ 877..881
      ],
      ref: unresolved
    },
    args: [
      field_access {
        left: root_field `src` @ 882..885,
        dot: 885..886,
        name: `computer_name` @ 886..899
      }
    ]
  },
  assignment {
    left: simple_selector {
      expr: root_field `message` @ 900..907,
      has_this: false,
      path: [
        `message` @ 900..907
      ]
    },
    equals: 908..909,
    right: constant {
      value: string "A new process has been created.",
      source: 910..943
    }
  },
  assignment {
    left: simple_selector {
      expr: root_field `metadata` @ 944..952,
      has_this: false,
      path: [
        `metadata` @ 944..952
      ]
    },
    equals: 953..954,
    right: record {
      begin: 955..956,
      items: [
        field {
          name: `original_time` @ 959..972,
          expr: field_access {
            left: field_access {
              left: root_field `src` @ 974..977,
              dot: 977..978,
              name: `event_data` @ 978..988
            },
            dot: 988..989,
            name: `UtcTime` @ 989..996
          }
        },
        field {
          name: `product` @ 1000..1007,
          expr: record {
            begin: 1009..1010,
            items: [
              field {
                name: `feature` @ 1015..1022,
                expr: record {
                  begin: 1024..1025,
                  items: [
                    field {
                      name: `name` @ 1032..1036,
                      expr: constant {
                        value: string "Security",
                        source: 1038..1048
                      }
                    }
                  ],
                  end: 1054..1055
                }
              },
              field {
                name: `name` @ 1061..1065,
                expr: constant {
                  value: string "Microsoft Windows",
                  source: 1067..1086
                }
              },
              field {
                name: `vendor_name` @ 1092..1103,
                expr: constant {
                  value: string "Microsoft",
                  source: 1105..1116
                }
              }
            ],
            end: 1120..1121
          }
        },
        field {
          name: `profiles` @ 1125..1133,
          expr: list {
            begin: 1135..1136,
            items: [
              constant {
                value: string "host",
                source: 1136..1142
              }
            ],
            end: 1142..1143
          }
        },
        field {
          name: `uid` @ 1147..1150,
          expr: field_access {
            left: root_field `src` @ 1152..1155,
            dot: 1155..1156,
            name: `record_id` @ 1156..1165
          }
        },
        field {
          name: `version` @ 1169..1176,
          expr: constant {
            value: string "1.1.0",
            source: 1178..1185
          }
        }
      ],
      end: 1187..1188
    }
  },
  invocation {
    op: {
      path: [
        `drop` @ 1189..1193
      ],
      ref: unresolved
    },
    args: [
      field_access {
        left: field_access {
          left: root_field `src` @ 1194..1197,
          dot: 1197..1198,
          name: `event_data` @ 1198..1208
        },
        dot: 1208..1209,
        name: `UtcTime` @ 1209..1216
      },
      field_access {
        left: root_field `src` @ 1218..1221,
        dot: 1221..1222,
        name: `record_id` @ 1222..1231
      }
    ]
  },
  assignment {
    left: simple_selector {
      expr: root_field `process` @ 1232..1239,
      has_this: false,
      path: [
        `process` @ 1232..1239
      ]
    },
    equals: 1240..1241,
    right: record {
      begin: 1242..1243,
      items: [
        field {
          name: `cmd_line` @ 1246..1254,
          expr: field_access {
            left: field_access {
              left: root_field `src` @ 1256..1259,
              dot: 1259..1260,
              name: `event_data` @ 1260..1270
            },
            dot: 1270..1271,
            name: `CommandLine` @ 1271..1282
          }
        },
        field {
          name: `file` @ 1286..1290,
          expr: record {
            begin: 1292..1293,
            items: [
              field {
                name: `path` @ 1298..1302,
                expr: field_access {
                  left: field_access {
                    left: root_field `src` @ 1304..1307,
                    dot: 1307..1308,
                    name: `event_data` @ 1308..1318
                  },
                  dot: 1318..1319,
                  name: `Image` @ 1319..1324
                }
              },
              field {
                name: `parent_folder` @ 1330..1343,
                expr: function_call {
                  fn: {
                    path: [
                      `std` @ 1345..1348,
                      `path` @ 1349..1353,
                      `parent` @ 1354..1360
                    ],
                    ref: unresolved
                  },
                  args: [
                    field_access {
                      left: field_access {
                        left: root_field `src` @ 1361..1364,
                        dot: 1364..1365,
                        name: `event_data` @ 1365..1375
                      },
                      dot: 1375..1376,
                      name: `Image` @ 1376..1381
                    }
                  ],
                  rpar: 1381..1382,
                  method: false
                }
              },
              field {
                name: `name` @ 1388..1392,
                expr: function_call {
                  fn: {
                    path: [
                      `std` @ 1394..1397,
                      `path` @ 1398..1402,
                      `file_name` @ 1403..1412
                    ],
                    ref: unresolved
                  },
                  args: [
                    field_access {
                      left: field_access {
                        left: root_field `src` @ 1413..1416,
                        dot: 1416..1417,
                        name: `event_data` @ 1417..1427
                      },
                      dot: 1427..1428,
                      name: `Image` @ 1428..1433
                    }
                  ],
                  rpar: 1433..1434,
                  method: false
                }
              },
              field {
                name: `type` @ 1440..1446,
                expr: constant {
                  value: string "Unknown",
                  source: 1448..1457
                }
              },
              field {
                name: `type_id` @ 1463..1470,
                expr: constant {
                  value: int64 0,
                  source: 1472..1473
                }
              }
            ],
            end: 1477..1478
          }
        },
        field {
          name: `pid` @ 1482..1485,
          expr: function_call {
            fn: {
              path: [
                `int` @ 1487..1490
              ],
              ref: unresolved
            },
            args: [
              field_access {
                left: field_access {
                  left: root_field `src` @ 1491..1494,
                  dot: 1494..1495,
                  name: `event_data` @ 1495..1505
                },
                dot: 1505..1506,
                name: `ProcessId` @ 1506..1515
              }
            ],
            rpar: 1515..1516,
            method: false
          }
        }
      ],
      end: 1518..1519
    }
  },
  invocation {
    op: {
      path: [
        `drop` @ 1520..1524
      ],
      ref: unresolved
    },
    args: [
      field_access {
        left: field_access {
          left: root_field `src` @ 1525..1528,
          dot: 1528..1529,
          name: `event_data` @ 1529..1539
        },
        dot: 1539..1540,
        name: `CommandLine` @ 1540..1551
      },
      field_access {
        left: field_access {
          left: root_field `src` @ 1553..1556,
          dot: 1556..1557,
          name: `event_data` @ 1557..1567
        },
        dot: 1567..1568,
        name: `Image` @ 1568..1573
      },
      field_access {
        left: field_access {
          left: root_field `src` @ 1575..1578,
          dot: 1578..1579,
          name: `event_data` @ 1579..1589
        },
        dot: 1589..1590,
        name: `ProcessId` @ 1590..1599
      }
    ]
  },
  assignment {
    left: simple_selector {
      expr: root_field `severity` @ 1600..1608,
      has_this: false,
      path: [
        `severity` @ 1600..1608
      ]
    },
    equals: 1609..1610,
    right: constant {
      value: string "Informational",
      source: 1611..1626
    }
  },
  assignment {
    left: simple_selector {
      expr: root_field `severity_id` @ 1627..1638,
      has_this: false,
      path: [
        `severity_id` @ 1627..1638
      ]
    },
    equals: 1639..1640,
    right: constant {
      value: int64 1,
      source: 1641..1642
    }
  },
  assignment {
    left: simple_selector {
      expr: root_field `status` @ 1643..1649,
      has_this: false,
      path: [
        `status` @ 1643..1649
      ]
    },
    equals: 1650..1651,
    right: constant {
      value: string "Success",
      source: 1652..1661
    }
  },
  assignment {
    left: simple_selector {
      expr: root_field `status_id` @ 1662..1671,
      has_this: false,
      path: [
        `status_id` @ 1662..1671
      ]
    },
    equals: 1672..1673,
    right: constant {
      value: int64 1,
      source: 1674..1675
    }
  },
  assignment {
    left: simple_selector {
      expr: root_field `time` @ 1676..1680,
      has_this: false,
      path: [
        `time` @ 1676..1680
      ]
    },
    equals: 1681..1682,
    right: function_call {
      fn: {
        path: [
          `round` @ 1683..1688
        ],
        ref: unresolved
      },
      args: [
        binary_expr {
          left: function_call {
            fn: {
              path: [
                `timestamp` @ 1718..1727
              ],
              ref: unresolved
            },
            args: [
              function_call {
                fn: {
                  path: [
                    `time` @ 1689..1693
                  ],
                  ref: unresolved
                },
                args: [
                  field_access {
                    left: root_field `metadata` @ 1694..1702,
                    dot: 1702..1703,
                    name: `original_time` @ 1703..1716
                  }
                ],
                rpar: 1716..1717,
                method: false
              }
            ],
            rpar: 1728..1729,
            method: true
          },
          op: "mul" @ 1730..1731,
          right: constant {
            value: int64 1000,
            source: 1732..1736
          }
        }
      ],
      rpar: 1736..1737,
      method: false
    }
  },
  assignment {
    left: simple_selector {
      expr: root_field `type_name` @ 1738..1747,
      has_this: false,
      path: [
        `type_name` @ 1738..1747
      ]
    },
    equals: 1748..1749,
    right: constant {
      value: string "Process Activity: Launch",
      source: 1750..1776
    }
  },
  assignment {
    left: simple_selector {
      expr: root_field `type_uid` @ 1777..1785,
      has_this: false,
      path: [
        `type_uid` @ 1777..1785
      ]
    },
    equals: 1786..1787,
    right: constant {
      value: int64 100701,
      source: 1788..1794
    }
  },
  assignment {
    left: simple_selector {
      expr: root_field `unmapped` @ 1795..1803,
      has_this: false,
      path: [
        `unmapped` @ 1795..1803
      ]
    },
    equals: 1804..1805,
    right: root_field `src` @ 1806..1809
  },
  invocation {
    op: {
      path: [
        `drop` @ 1810..1814
      ],
      ref: unresolved
    },
    args: [
      root_field `src` @ 1815..1818
    ]
  }
]