{"_path": null, "_write_ts": null, "ts": "2009-11-19T07:52:50.321798", "uid": "Yaix3QBP3Xg", "id": {"orig_h": "192.168.1.102", "orig_p": 138, "resp_h": "192.168.1.255", "resp_p": 138}, "proto": "udp", "service": null, "duration": "3.0us", "orig_bytes": 402, "resp_bytes": 0, "conn_state": "S0", "local_orig": null, "local_resp": null, "missed_bytes": 0, "history": "D", "orig_pkts": 2, "orig_ip_bytes": 458, "resp_pkts": 0, "resp_ip_bytes": 0, "tunnel_parents": [], "community_id": null}
{"_path": null, "_write_ts": null, "ts": "2009-11-19T07:55:30.376261", "uid": "Kz18xqV4Ed6", "id": {"orig_h": "192.168.1.103", "orig_p": 1222, "resp_h": "192.168.1.1", "resp_p": 53}, "proto": "udp", "service": "dns", "duration": "13.81ms", "orig_bytes": 72, "resp_bytes": 526, "conn_state": "SF", "local_orig": null, "local_resp": null, "missed_bytes": 0, "history": "Dd", "orig_pkts": 2, "orig_ip_bytes": 128, "resp_pkts": 2, "resp_ip_bytes": 582, "tunnel_parents": [], "community_id": null}
{"_path": null, "_write_ts": null, "ts": "2009-11-19T07:55:32.267584", "uid": "c0bDFuHcfo3", "id": {"orig_h": "192.168.1.103", "orig_p": 1223, "resp_h": "212.227.97.133", "resp_p": 80}, "proto": "tcp", "service": null, "duration": "2.1s", "orig_bytes": 0, "resp_bytes": 0, "conn_state": "S0", "local_orig": null, "local_resp": null, "missed_bytes": 0, "history": "S", "orig_pkts": 4, "orig_ip_bytes": 192, "resp_pkts": 0, "resp_ip_bytes": 0, "tunnel_parents": [], "community_id": null}
{"_path": null, "_write_ts": null, "ts": "2009-11-19T07:55:37.268691", "uid": "kcqct3ZuqDe", "id": {"orig_h": "192.168.1.103", "orig_p": 1224, "resp_h": "87.106.1.89", "resp_p": 80}, "proto": "tcp", "service": null, "duration": "2.92s", "orig_bytes": 0, "resp_bytes": 0, "conn_state": "S0", "local_orig": null, "local_resp": null, "missed_bytes": 0, "history": "S", "orig_pkts": 4, "orig_ip_bytes": 192, "resp_pkts": 0, "resp_ip_bytes": 0, "tunnel_parents": [], "community_id": null}
{"_path": null, "_write_ts": null, "ts": "2009-11-19T07:55:42.268052", "uid": "7WZ8bvit8f8", "id": {"orig_h": "192.168.1.103", "orig_p": 1225, "resp_h": "87.106.12.47", "resp_p": 80}, "proto": "tcp", "service": "http", "duration": "1.05s", "orig_bytes": 1119, "resp_bytes": 342, "conn_state": "SF", "local_orig": null, "local_resp": null, "missed_bytes": 0, "history": "ShADadfF", "orig_pkts": 10, "orig_ip_bytes": 2654, "resp_pkts": 10, "resp_ip_bytes": 1100, "tunnel_parents": [], "community_id": null}
{"_path": null, "_write_ts": null, "ts": "2009-11-19T07:55:43.154488", "uid": "1dtheqUiylk", "id": {"orig_h": "192.168.1.103", "orig_p": 1226, "resp_h": "87.106.12.77", "resp_p": 80}, "proto": "tcp", "service": "http", "duration": "1.17s", "orig_bytes": 1119, "resp_bytes": 342, "conn_state": "SF", "local_orig": null, "local_resp": null, "missed_bytes": 0, "history": "ShADadfF", "orig_pkts": 10, "orig_ip_bytes": 2654, "resp_pkts": 10, "resp_ip_bytes": 1100, "tunnel_parents": [], "community_id": null}
{"_path": null, "_write_ts": null, "ts": "2009-11-19T07:55:44.138369", "uid": "tf7gwTR5wj9", "id": {"orig_h": "192.168.1.103", "orig_p": 1227, "resp_h": "87.106.13.61", "resp_p": 80}, "proto": "tcp", "service": null, "duration": "2.94s", "orig_bytes": 0, "resp_bytes": 0, "conn_state": "S0", "local_orig": null, "local_resp": null, "missed_bytes": 0, "history": "S", "orig_pkts": 4, "orig_ip_bytes": 192, "resp_pkts": 0, "resp_ip_bytes": 0, "tunnel_parents": [], "community_id": null}
{"_path": null, "_write_ts": null, "ts": "2009-11-19T07:55:49.127240", "uid": "xlw7auTmbmj", "id": {"orig_h": "192.168.1.103", "orig_p": 1228, "resp_h": "87.106.13.62", "resp_p": 80}, "proto": "tcp", "service": "http", "duration": "1.12s", "orig_bytes": 1119, "resp_bytes": 342, "conn_state": "SF", "local_orig": null, "local_resp": null, "missed_bytes": 0, "history": "ShADadfF", "orig_pkts": 10, "orig_ip_bytes": 2654, "resp_pkts": 10, "resp_ip_bytes": 1100, "tunnel_parents": [], "community_id": null}
{"_path": null, "_write_ts": null, "ts": "2009-11-19T07:55:50.060898", "uid": "e1KtQFkg3H3", "id": {"orig_h": "192.168.1.103", "orig_p": 1229, "resp_h": "87.106.66.233", "resp_p": 80}, "proto": "tcp", "service": "http", "duration": "9.43s", "orig_bytes": 1161, "resp_bytes": 3911, "conn_state": "SF", "local_orig": null, "local_resp": null, "missed_bytes": 0, "history": "ShADadfF", "orig_pkts": 12, "orig_ip_bytes": 2818, "resp_pkts": 12, "resp_ip_bytes": 8310, "tunnel_parents": [], "community_id": null}
