{"ts":"2011-08-10T10:02:36.058479104Z","uid":"CDZii51cabsHqUpkcd","id":{"orig_h":"147.32.84.79","orig_p":51033,"resp_h":"147.32.84.165","resp_p":161},"duration":"3.008334s","version":"1","community":"public","get_requests":4,"get_bulk_requests":0,"get_responses":0,"set_requests":0,"display_string":null,"up_since":null}
{"ts":"2011-08-10T11:07:33.838061056Z","uid":"CVOdBg3wwfIjgbZaTe","id":{"orig_h":"147.32.84.79","orig_p":44158,"resp_h":"147.32.84.165","resp_p":161},"duration":"3.008739s","version":"1","community":"public","get_requests":4,"get_bulk_requests":0,"get_responses":0,"set_requests":0,"display_string":null,"up_since":null}
{"ts":"2011-08-10T12:07:34.083770880Z","uid":"C4qKLR2p1YHb4O1TNg","id":{"orig_h":"147.32.84.79","orig_p":48629,"resp_h":"147.32.84.165","resp_p":161},"duration":"3.009708s","version":"1","community":"public","get_requests":4,"get_bulk_requests":0,"get_responses":0,"set_requests":0,"display_string":null,"up_since":null}
{"ts":"2011-08-10T13:07:35.430121984Z","uid":"C2ANEE4sFKzaKqeEr5","id":{"orig_h":"147.32.84.79","orig_p":38807,"resp_h":"147.32.84.165","resp_p":161},"duration":"3.010803s","version":"1","community":"public","get_requests":4,"get_bulk_requests":0,"get_responses":0,"set_requests":0,"display_string":null,"up_since":null}