{"_path": null, "_write_ts": null, "ts": "2009-11-19T01:26:15.637135", "uid": "F8AhMSse1sk", "id": {"orig_h": "192.168.1.105", "orig_p": 62625, "resp_h": "192.168.1.1", "resp_p": 53}, "proto": "udp", "service": "dns", "duration": "6.79ms", "orig_bytes": 36, "resp_bytes": 178, "conn_state": "SF", "local_orig": null, "local_resp": null, "missed_bytes": 0, "history": "Dd", "orig_pkts": 1, "orig_ip_bytes": 64, "resp_pkts": 1, "resp_ip_bytes": 206, "tunnel_parents": [], "community_id": null}
{"_path": null, "_write_ts": null, "ts": "2009-11-19T01:26:15.637135", "uid": "F8AhMSse1sk", "id": {"orig_h": "192.168.1.105", "orig_p": 62625, "resp_h": "192.168.1.1", "resp_p": 53}, "proto": "udp", "trans_id": 21235, "rtt": null, "query": "survey.112.2o7.net", "qclass": 1, "qclass_name": "C_INTERNET", "qtype": 1, "qtype_name": "A", "rcode": 0, "rcode_name": "NOERROR", "AA": false, "TC": false, "RD": true, "RA": true, "Z": 0, "answers": ["66.235.138.17"], "TTLs": ["1.0m"], "rejected": false}
{"_path": null, "_write_ts": null, "ts": "2009-11-19T01:26:15.660375", "uid": "5ASQ3RHYZv8", "id": {"orig_h": "192.168.1.105", "orig_p": 49287, "resp_h": "66.235.138.17", "resp_p": 80}, "proto": "tcp", "service": "http", "duration": "9.54s", "orig_bytes": 355, "resp_bytes": 476, "conn_state": "RSTR", "local_orig": null, "local_resp": null, "missed_bytes": 0, "history": "ShADdr", "orig_pkts": 4, "orig_ip_bytes": 527, "resp_pkts": 3, "resp_ip_bytes": 600, "tunnel_parents": [], "community_id": null}
{"_path": null, "_write_ts": null, "ts": "2009-11-19T01:26:15.695599", "uid": "GMzaQNB2dxe", "id": {"orig_h": "192.168.1.105", "orig_p": 61771, "resp_h": "192.168.1.1", "resp_p": 53}, "proto": "udp", "service": "dns", "duration": "456.94ms", "orig_bytes": 38, "resp_bytes": 221, "conn_state": "SF", "local_orig": null, "local_resp": null, "missed_bytes": 0, "history": "Dd", "orig_pkts": 1, "orig_ip_bytes": 66, "resp_pkts": 1, "resp_ip_bytes": 249, "tunnel_parents": [], "community_id": null}
{"_path": null, "_write_ts": null, "ts": "2009-11-19T01:26:15.695599", "uid": "GMzaQNB2dxe", "id": {"orig_h": "192.168.1.105", "orig_p": 61771, "resp_h": "192.168.1.1", "resp_p": 53}, "proto": "udp", "trans_id": 24192, "rtt": null, "query": "dell-www.baynote.net", "qclass": 1, "qclass_name": "C_INTERNET", "qtype": 1, "qtype_name": "A", "rcode": 0, "rcode_name": "NOERROR", "AA": false, "TC": false, "RD": true, "RA": true, "Z": 0, "answers": ["g5.baynote.net", "64.127.118.104"], "TTLs": ["12.0h", "12.0h"], "rejected": false}
{"_path": null, "_write_ts": null, "ts": "2009-11-19T01:26:15.731081", "uid": "6KEjRI5e873", "id": {"orig_h": "192.168.1.105", "orig_p": 49288, "resp_h": "66.235.133.33", "resp_p": 80}, "proto": "tcp", "service": "http", "duration": "7.9s", "orig_bytes": 2277, "resp_bytes": 1696, "conn_state": "RSTR", "local_orig": null, "local_resp": null, "missed_bytes": 0, "history": "ShADdr", "orig_pkts": 5, "orig_ip_bytes": 2489, "resp_pkts": 4, "resp_ip_bytes": 1868, "tunnel_parents": [], "community_id": null}
{"_path": null, "_write_ts": null, "ts": "2009-11-19T01:26:16.154072", "uid": "Kky4WxPyDs6", "id": {"orig_h": "192.168.1.105", "orig_p": 49289, "resp_h": "64.127.118.104", "resp_p": 80}, "proto": "tcp", "service": "http", "duration": "31.55s", "orig_bytes": 1045, "resp_bytes": 13835, "conn_state": "RSTO", "local_orig": null, "local_resp": null, "missed_bytes": 0, "history": "ShADadfR", "orig_pkts": 16, "orig_ip_bytes": 1697, "resp_pkts": 14, "resp_ip_bytes": 14403, "tunnel_parents": [], "community_id": null}
