{
  "fingerprint": "6aeddcaa9adee9b9"
}
{
  "fingerprint": "6aeddcaa9adee9b9"
}
{
  "fingerprint": "6aeddcaa9adee9b9"
}
{
  "fingerprint": "6aeddcaa9adee9b9"
}
{
  "fingerprint": "6aeddcaa9adee9b9"
}
{
  "fingerprint": "6aeddcaa9adee9b9"
}
{
  "fingerprint": "6aeddcaa9adee9b9"
}
{
  "fingerprint": "6aeddcaa9adee9b9"
}
{
  "fingerprint": "6aeddcaa9adee9b9"
}
{
  "fingerprint": "6aeddcaa9adee9b9"
}
