[
  tql2.write_json {
    ordered: true,
    n_jobs: 0,
    printer: {
      compact_output: 0..0,
      tql: false
    }
  },
  tql2.save_http {
    url: "https://example.org/api/json",
    transfer_opts: {
      verbose: false,
      default_protocol: "https",
      poll_timeout: "100ms",
      ssl: {
        uses_curl_http: false
      }
    },
    http_opts: {
      json: false,
      form: false,
      chunked: false,
      multipart: false,
      method: "",
      items: [
        
      ]
    }
  }
]