{"leef_version": "2.0", "vendor": "Palo Alto Networks", "product_name": "PAN-OS Syslog Integration", "product_version": "4.0", "attributes": {"cat": "$type", "usrName": "$admin", "src": "$host", "devTime": "$cef-formatted-receive_time", "client": "$client", "sequence": "$seqno", "serial": "$serial", "msg": "$cmd"}}
{"leef_version": "2.0", "vendor": "Palo Alto Networks", "product_name": "PAN-OS Syslog Integration", "product_version": "$sender_sw_version", "attributes": {"cat": "$type", "usrName": "$admin", "src": "$host", "devTime": "$cef-formatted-receive_time", "client": "$client", "sequence": "$seqno", "msg": "$cmd", "ReceiveTime": "$receive_time", "SerialNumber": "$serial", "VirtualSystem": "$vsys", "Result": "$result", "ConfigurationPath": "$path", "ActionFlags": "$actionflags", "BeforeChangeDetail": "$before-change-detail", "AfterChangeDetail": "$after-change-detail", "DeviceGroupHierarchyL1": "$dg_hier_level_1", "DeviceGroupHierarchyL2": "$dg_hier_level_2", "DeviceGroupHierarchyL3": "$dg_hier_level_3", "DeviceGroupHierarchyL4": "$dg_hier_level_4", "vSrcName": "$vsys_name", "DeviceName": "$device_name"}}
{"leef_version": "2.0", "vendor": "Palo Alto Networks", "product_name": "PAN-OS Syslog Integration", "product_version": "$sender_sw_version", "attributes": {"cat": "$type", "usrName": "$admin", "src": "$host", "devTime": "$cef-formatted-receive_time", "client": "$client", "sequence": "$seqno", "msg": "$cmd", "VirtualSystem": "$vsys", "Result": "$result", "ConfigurationPath": "$path", "ActionFlags": "$actionflags", "BeforeChangeDetail": "$before-change-detail", "AfterChangeDetail": "$after-change-detail", "DeviceGroupHierarchyL1": "$dg_hier_level_1", "DeviceGroupHierarchyL2": "$dg_hier_level_2", "DeviceGroupHierarchyL3": "$dg_hier_level_3", "DeviceGroupHierarchyL4": "$dg_hier_level_4", "vSrcName": "$vsys_name", "DeviceName": "$device_name", "TimeReceived": "$receive_time", "DeviceSN": "$serial"}}