{"#": 90, "ts": "2009-11-18T09:15:00.662504", "uid": "HqW58gj5856", "id": {"orig_h": "192.168.1.102", "orig_p": 1191, "resp_h": "87.106.12.47", "resp_p": 80}, "proto": "tcp", "service": "http", "duration": "955.41ms", "orig_bytes": 1160, "resp_bytes": 1264, "conn_state": "SF", "local_orig": null, "local_resp": null, "missed_bytes": 0, "history": "ShADadfF", "orig_pkts": 5, "orig_ip_bytes": 1368, "resp_pkts": 5, "resp_ip_bytes": 1472, "tunnel_parents": [], "community_id": null, "_write_ts": null}
{"#": 92, "ts": "2009-11-18T09:14:10.499268", "uid": "dNSfUrlTwq3", "id": {"orig_h": "192.168.1.104", "orig_p": 68, "resp_h": "255.255.255.255", "resp_p": 67}, "proto": "udp", "service": null, "duration": null, "orig_bytes": null, "resp_bytes": null, "conn_state": "S0", "local_orig": null, "local_resp": null, "missed_bytes": 0, "history": "D", "orig_pkts": 1, "orig_ip_bytes": 328, "resp_pkts": 0, "resp_ip_bytes": 0, "tunnel_parents": [], "community_id": null, "_write_ts": null}
{"#": 94, "ts": "2009-11-18T09:15:07.137448", "uid": "YUUhPmf1G4c", "id": {"orig_h": "192.168.1.102", "orig_p": 1194, "resp_h": "87.106.66.233", "resp_p": 80}, "proto": "tcp", "service": "http", "duration": "877.45ms", "orig_bytes": 1128, "resp_bytes": 301, "conn_state": "SF", "local_orig": null, "local_resp": null, "missed_bytes": 0, "history": "ShADadfF", "orig_pkts": 5, "orig_ip_bytes": 1336, "resp_pkts": 5, "resp_ip_bytes": 505, "tunnel_parents": [], "community_id": null, "_write_ts": null}