open next reader
timestamp: timestamp[ns]
  -- field metadata --
  VAST:name:0: 'timestamp'
flow_id: uint64
  -- field metadata --
  VAST:attributes:0: '{ "index": "hash" }'
pcap_cnt: uint64
vlan: list<item: uint64>
  child 0, item: uint64
in_iface: string
src_ip: fixed_size_binary[16]
  -- field metadata --
  ARROW:extension:metadata: 'tenzir.ip'
  ARROW:extension:name: 'tenzir.ip'
src_port: uint64
  -- field metadata --
  VAST:name:0: 'port'
dest_ip: fixed_size_binary[16]
  -- field metadata --
  ARROW:extension:metadata: 'tenzir.ip'
  ARROW:extension:name: 'tenzir.ip'
dest_port: uint64
  -- field metadata --
  VAST:name:0: 'port'
proto: string
event_type: string
community_id: string
  -- field metadata --
  VAST:attributes:0: '{ "index": "hash" }'
http: struct<hostname: string, url: string, http_port: uint64, http_user_agent: string, http_content_type: string, http_method: string, http_refer: string, protocol: string, status: uint64, redirect: string, length: uint64>
  child 0, hostname: string
  child 1, url: string
  child 2, http_port: uint64
    -- field metadata --
    VAST:name:0: 'port'
  child 3, http_user_agent: string
  child 4, http_content_type: string
  child 5, http_method: string
  child 6, http_refer: string
  child 7, protocol: string
  child 8, status: uint64
  child 9, redirect: string
  child 10, length: uint64
tx_id: uint64
  -- field metadata --
  VAST:attributes:0: '{ "index": "hash" }'
-- schema metadata --
VAST:name:0: 'suricata.http'
done with current reader, rows: 1
open next reader
done with all readers