{"events":256,"schema_id":"154020317f7cf012","schema":"zeek.conn"}
{"events":256,"schema_id":"154020317f7cf012","schema":"zeek.conn"}
{"events":256,"schema_id":"154020317f7cf012","schema":"zeek.conn"}
{"events":256,"schema_id":"154020317f7cf012","schema":"zeek.conn"}
{"events":256,"schema_id":"154020317f7cf012","schema":"zeek.conn"}
{"events":256,"schema_id":"154020317f7cf012","schema":"zeek.conn"}
{"events":256,"schema_id":"154020317f7cf012","schema":"zeek.conn"}
{"events":256,"schema_id":"154020317f7cf012","schema":"zeek.conn"}
{"events":256,"schema_id":"154020317f7cf012","schema":"zeek.conn"}
{"events":256,"schema_id":"154020317f7cf012","schema":"zeek.conn"}
{"events":256,"schema_id":"154020317f7cf012","schema":"zeek.conn"}
{"events":256,"schema_id":"154020317f7cf012","schema":"zeek.conn"}
{"events":256,"schema_id":"154020317f7cf012","schema":"zeek.conn"}
{"events":256,"schema_id":"154020317f7cf012","schema":"zeek.conn"}
{"events":256,"schema_id":"154020317f7cf012","schema":"zeek.conn"}
{"events":256,"schema_id":"154020317f7cf012","schema":"zeek.conn"}
{"events":256,"schema_id":"154020317f7cf012","schema":"zeek.conn"}
{"events":256,"schema_id":"154020317f7cf012","schema":"zeek.conn"}
{"events":256,"schema_id":"154020317f7cf012","schema":"zeek.conn"}
{"events":256,"schema_id":"154020317f7cf012","schema":"zeek.conn"}
{"events":256,"schema_id":"154020317f7cf012","schema":"zeek.conn"}
{"events":256,"schema_id":"154020317f7cf012","schema":"zeek.conn"}
{"events":256,"schema_id":"154020317f7cf012","schema":"zeek.conn"}
{"events":256,"schema_id":"154020317f7cf012","schema":"zeek.conn"}
{"events":256,"schema_id":"154020317f7cf012","schema":"zeek.conn"}
{"events":256,"schema_id":"154020317f7cf012","schema":"zeek.conn"}
{"events":256,"schema_id":"154020317f7cf012","schema":"zeek.conn"}
{"events":256,"schema_id":"154020317f7cf012","schema":"zeek.conn"}
{"events":256,"schema_id":"154020317f7cf012","schema":"zeek.conn"}
{"events":256,"schema_id":"154020317f7cf012","schema":"zeek.conn"}
{"events":256,"schema_id":"154020317f7cf012","schema":"zeek.conn"}
{"events":256,"schema_id":"154020317f7cf012","schema":"zeek.conn"}
{"events":256,"schema_id":"154020317f7cf012","schema":"zeek.conn"}
{"events":14,"schema_id":"154020317f7cf012","schema":"zeek.conn"}