{"ts":"2009-11-18T17:04:48.093251840Z","uid":"hVh9xMdKk34","id":{"orig_h":"192.168.1.103","orig_p":1463,"resp_h":"198.189.255.89","resp_p":80},"proto":"tcp","service":"http","duration":"1.2790388833333333min","orig_bytes":3865,"resp_bytes":127987,"conn_state":"RSTO","local_orig":null,"missed_bytes":0,"history":"ShADadR","orig_pkts":40,"orig_ip_bytes":5473,"resp_pkts":102,"resp_ip_bytes":132075,"tunnel_parents":[]}
{"ts":"2009-11-18T17:04:48.092505856Z","uid":"JjS66I7YlVd","id":{"orig_h":"192.168.1.103","orig_p":1462,"resp_h":"198.189.255.89","resp_p":80},"proto":"tcp","service":"http","duration":"1.27905135min","orig_bytes":3528,"resp_bytes":101160,"conn_state":"RSTO","local_orig":null,"missed_bytes":0,"history":"ShADadR","orig_pkts":34,"orig_ip_bytes":4908,"resp_pkts":82,"resp_ip_bytes":104448,"tunnel_parents":[]}
{"ts":"2009-11-18T17:04:49.828411136Z","uid":"xEj2ngX3Wt1","id":{"orig_h":"192.168.1.103","orig_p":1470,"resp_h":"198.189.255.76","resp_p":80},"proto":"tcp","service":"http","duration":"1.2501237333333333min","orig_bytes":1586,"resp_bytes":4447,"conn_state":"RSTO","local_orig":null,"missed_bytes":0,"history":"ShADadR","orig_pkts":13,"orig_ip_bytes":2114,"resp_pkts":8,"resp_ip_bytes":4775,"tunnel_parents":[]}
{"ts":"2009-11-18T17:04:48.121735936Z","uid":"hIGemUGneQa","id":{"orig_h":"192.168.1.103","orig_p":1466,"resp_h":"198.189.255.76","resp_p":80},"proto":"tcp","service":"http","duration":"1.2785726333333334min","orig_bytes":2250,"resp_bytes":18788,"conn_state":"RSTO","local_orig":null,"missed_bytes":0,"history":"ShADadR","orig_pkts":19,"orig_ip_bytes":3018,"resp_pkts":19,"resp_ip_bytes":19556,"tunnel_parents":[]}
{"ts":"2009-11-18T17:04:47.806685952Z","uid":"Eosv8c09sO","id":{"orig_h":"192.168.1.103","orig_p":1454,"resp_h":"198.189.255.89","resp_p":80},"proto":"tcp","service":"http","duration":"1.2838235min","orig_bytes":1332,"resp_bytes":18615,"conn_state":"RSTO","local_orig":null,"missed_bytes":0,"history":"ShADadR","orig_pkts":12,"orig_ip_bytes":1820,"resp_pkts":17,"resp_ip_bytes":19303,"tunnel_parents":[]}
{"ts":"2009-11-18T17:04:47.807432960Z","uid":"yPoUFGOfikk","id":{"orig_h":"192.168.1.103","orig_p":1455,"resp_h":"198.189.255.89","resp_p":80},"proto":"tcp","service":"http","duration":"1.2838110666666667min","orig_bytes":1349,"resp_bytes":16514,"conn_state":"RSTO","local_orig":null,"missed_bytes":0,"history":"ShADadR","orig_pkts":12,"orig_ip_bytes":1837,"resp_pkts":16,"resp_ip_bytes":17162,"tunnel_parents":[]}
{"ts":"2009-11-18T17:04:47.988317952Z","uid":"fivYaXTb6Tg","id":{"orig_h":"192.168.1.103","orig_p":1457,"resp_h":"65.55.40.39","resp_p":80},"proto":"tcp","service":"http","duration":"1.2808002833333334min","orig_bytes":14441,"resp_bytes":24193,"conn_state":"RSTO","local_orig":null,"missed_bytes":0,"history":"ShADadR","orig_pkts":27,"orig_ip_bytes":15529,"resp_pkts":37,"resp_ip_bytes":25681,"tunnel_parents":[]}
{"ts":"2009-11-18T17:05:03.114577920Z","uid":"0oTdtqDzmHi","id":{"orig_h":"192.168.1.103","orig_p":1482,"resp_h":"65.55.40.39","resp_p":80},"proto":"tcp","service":"http","duration":"1.0286959666666666min","orig_bytes":6894,"resp_bytes":3262,"conn_state":"RSTO","local_orig":null,"missed_bytes":0,"history":"ShADadR","orig_pkts":11,"orig_ip_bytes":7342,"resp_pkts":7,"resp_ip_bytes":3550,"tunnel_parents":[]}
{"ts":"2009-11-18T17:04:48.022296832Z","uid":"Aoavsadc0Sb","id":{"orig_h":"192.168.1.103","orig_p":1460,"resp_h":"198.189.255.76","resp_p":80},"proto":"tcp","service":"http","duration":"1.5301939333333334min","orig_bytes":1305,"resp_bytes":3505,"conn_state":"RSTO","local_orig":null,"missed_bytes":0,"history":"ShADadR","orig_pkts":11,"orig_ip_bytes":1753,"resp_pkts":7,"resp_ip_bytes":3793,"tunnel_parents":[]}
{"ts":"2009-11-18T17:04:48.031289088Z","uid":"zGyq2NzOUv5","id":{"orig_h":"192.168.1.103","orig_p":1461,"resp_h":"198.189.255.76","resp_p":80},"proto":"tcp","service":"http","duration":"1.5300441166666667min","orig_bytes":1318,"resp_bytes":5415,"conn_state":"RSTO","local_orig":null,"missed_bytes":0,"history":"ShADadR","orig_pkts":10,"orig_ip_bytes":1726,"resp_pkts":8,"resp_ip_bytes":5743,"tunnel_parents":[]}