{
  "ts": "2011-08-12T13:01:02.042699",
  "uid": "CHsKGy2W8Pe1hwMRZc",
  "id.orig_h": "147.32.84.165",
  "id.orig_p": 1037,
  "id.resp_h": "130.239.18.172",
  "id.resp_p": 6667,
  "command": "NICK",
  "value": "Pepe202905"
}
{
  "ts": "2011-08-12T13:01:02.042699",
  "uid": "CHsKGy2W8Pe1hwMRZc",
  "id.orig_h": "147.32.84.165",
  "id.orig_p": 1037,
  "id.resp_h": "130.239.18.172",
  "id.resp_p": 6667,
  "command": "USER",
  "value": "snffsgw",
  "nick": "Pepe202905",
  "addl": "0 0 Pepe202905"
}
{
  "ts": "2011-08-12T13:01:03.764738",
  "uid": "CHsKGy2W8Pe1hwMRZc",
  "id.orig_h": "147.32.84.165",
  "id.orig_p": 1037,
  "id.resp_h": "130.239.18.172",
  "id.resp_p": 6667,
  "command": "JOIN",
  "value": "#zarasa48",
  "nick": "Pepe202905",
  "addl": "",
  "user": "snffsgw"
}
{
  "ts": "2011-08-12T13:01:03.764738",
  "uid": "CHsKGy2W8Pe1hwMRZc",
  "id.orig_h": "147.32.84.165",
  "id.orig_p": 1037,
  "id.resp_h": "130.239.18.172",
  "id.resp_p": 6667,
  "command": "JOIN",
  "value": "#zarasa48",
  "nick": "Pepe202905",
  "addl": "",
  "user": "snffsgw"
}
{
  "ts": "2011-08-12T13:01:03.764738",
  "uid": "CHsKGy2W8Pe1hwMRZc",
  "id.orig_h": "147.32.84.165",
  "id.orig_p": 1037,
  "id.resp_h": "130.239.18.172",
  "id.resp_p": 6667,
  "command": "JOIN",
  "value": "#zarasa48",
  "nick": "Pepe202905",
  "addl": "",
  "user": "snffsgw"
}
{
  "ts": "2011-08-12T13:01:03.764738",
  "uid": "CHsKGy2W8Pe1hwMRZc",
  "id.orig_h": "147.32.84.165",
  "id.orig_p": 1037,
  "id.resp_h": "130.239.18.172",
  "id.resp_p": 6667,
  "command": "JOIN",
  "value": "#zarasa48",
  "nick": "Pepe202905",
  "addl": "",
  "user": "snffsgw"
}
{
  "ts": "2011-08-12T13:07:59.343484",
  "uid": "Csp2kG3vr1XANzP1F8",
  "id.orig_h": "147.32.84.165",
  "id.orig_p": 1027,
  "id.resp_h": "93.152.160.101",
  "id.resp_p": 6667,
  "command": "NICK",
  "value": "Pepe305632"
}
{
  "ts": "2011-08-12T13:07:59.343484",
  "uid": "Csp2kG3vr1XANzP1F8",
  "id.orig_h": "147.32.84.165",
  "id.orig_p": 1027,
  "id.resp_h": "93.152.160.101",
  "id.resp_p": 6667,
  "command": "USER",
  "value": "bfgicdn",
  "nick": "Pepe305632",
  "addl": "0 0 Pepe305632"
}
{
  "ts": "2011-08-12T13:08:10.529427",
  "uid": "Csp2kG3vr1XANzP1F8",
  "id.orig_h": "147.32.84.165",
  "id.orig_p": 1027,
  "id.resp_h": "93.152.160.101",
  "id.resp_p": 6667,
  "command": "JOIN",
  "value": "#zarasa48",
  "nick": "Pepe305632",
  "addl": "",
  "user": "bfgicdn"
}
{
  "ts": "2011-08-12T13:08:10.529427",
  "uid": "Csp2kG3vr1XANzP1F8",
  "id.orig_h": "147.32.84.165",
  "id.orig_p": 1027,
  "id.resp_h": "93.152.160.101",
  "id.resp_p": 6667,
  "command": "JOIN",
  "value": "#zarasa48",
  "nick": "Pepe305632",
  "addl": "",
  "user": "bfgicdn"
}
{
  "ts": "2011-08-12T13:08:10.529427",
  "uid": "Csp2kG3vr1XANzP1F8",
  "id.orig_h": "147.32.84.165",
  "id.orig_p": 1027,
  "id.resp_h": "93.152.160.101",
  "id.resp_p": 6667,
  "command": "JOIN",
  "value": "#zarasa48",
  "nick": "Pepe305632",
  "addl": "",
  "user": "bfgicdn"
}
{
  "ts": "2011-08-12T13:08:10.529427",
  "uid": "Csp2kG3vr1XANzP1F8",
  "id.orig_h": "147.32.84.165",
  "id.orig_p": 1027,
  "id.resp_h": "93.152.160.101",
  "id.resp_p": 6667,
  "command": "JOIN",
  "value": "#zarasa48",
  "nick": "Pepe305632",
  "addl": "",
  "user": "bfgicdn"
}
{
  "ts": "2011-08-12T13:09:33.393483",
  "uid": "C7eIyC2XkXBkB1xKRb",
  "id.orig_h": "147.32.84.165",
  "id.orig_p": 1027,
  "id.resp_h": "38.229.70.20",
  "id.resp_p": 6667,
  "command": "NICK",
  "value": "Pepe061664"
}
{
  "ts": "2011-08-12T13:09:33.393483",
  "uid": "C7eIyC2XkXBkB1xKRb",
  "id.orig_h": "147.32.84.165",
  "id.orig_p": 1027,
  "id.resp_h": "38.229.70.20",
  "id.resp_p": 6667,
  "command": "USER",
  "value": "uyzzmmgi",
  "nick": "Pepe061664",
  "addl": "0 0 Pepe061664"
}
{
  "ts": "2011-08-12T13:09:43.028633",
  "uid": "C7eIyC2XkXBkB1xKRb",
  "id.orig_h": "147.32.84.165",
  "id.orig_p": 1027,
  "id.resp_h": "38.229.70.20",
  "id.resp_p": 6667,
  "command": "JOIN",
  "value": "#zarasa48",
  "nick": "Pepe061664",
  "addl": "",
  "user": "uyzzmmgi"
}
{
  "ts": "2011-08-12T13:09:43.028633",
  "uid": "C7eIyC2XkXBkB1xKRb",
  "id.orig_h": "147.32.84.165",
  "id.orig_p": 1027,
  "id.resp_h": "38.229.70.20",
  "id.resp_p": 6667,
  "command": "JOIN",
  "value": "#zarasa48",
  "nick": "Pepe061664",
  "addl": "",
  "user": "uyzzmmgi"
}
{
  "ts": "2011-08-12T13:09:43.028633",
  "uid": "C7eIyC2XkXBkB1xKRb",
  "id.orig_h": "147.32.84.165",
  "id.orig_p": 1027,
  "id.resp_h": "38.229.70.20",
  "id.resp_p": 6667,
  "command": "JOIN",
  "value": "#zarasa48",
  "nick": "Pepe061664",
  "addl": "",
  "user": "uyzzmmgi"
}
{
  "ts": "2011-08-12T13:09:43.028633",
  "uid": "C7eIyC2XkXBkB1xKRb",
  "id.orig_h": "147.32.84.165",
  "id.orig_p": 1027,
  "id.resp_h": "38.229.70.20",
  "id.resp_p": 6667,
  "command": "JOIN",
  "value": "#zarasa48",
  "nick": "Pepe061664",
  "addl": "",
  "user": "uyzzmmgi"
}