{"uid": "9VdICMMnxQ7"}
{"uid": "9VdICMMnxQ7"}
{"uid": "9VdICMMnxQ7"}
{"uid": "9VdICMMnxQ7"}
{"uid": "CFIX6YVTFp2"}
{"uid": "Jb4jIDToo77"}
{"uid": "KlF6tbPUSQ1"}
{"uid": "Ol4qkvXOksc"}
{"uid": "Pii6cUUq1v4"}
{"uid": "bEgBnkI31Vf"}
{"uid": "kmnBNBtl96d"}
{"uid": "kmnBNBtl96d"}
{"uid": "kmnBNBtl96d"}
{"uid": "kmnBNBtl96d"}
{"uid": "nkCxlvNN8pi"}
{"uid": "nkCxlvNN8pi"}
{"uid": "nkCxlvNN8pi"}
{"uid": "nkCxlvNN8pi"}
{"uid": "tP3DM6npTdj"}
{"uid": "xvWLhxgUmj5"}
