{"schema":"pcap.file_header"}
{"schema":"pcap.packet"}
{"schema":"pcap.packet"}
{"schema":"pcap.packet"}
{"schema":"pcap.packet"}
{"schema":"pcap.packet"}
{"schema":"pcap.packet"}
{"schema":"pcap.file_header"}
{"schema":"pcap.packet"}
{"schema":"pcap.packet"}
{"schema":"pcap.packet"}
{"schema":"pcap.packet"}
{"schema":"pcap.packet"}