{"_path": "weird.123.190", "x": null}
{"_path": "software", "x": null}
{"_path": "dhcp", "x": null}
{"_path": "corelight_metrics_cpu", "x": null}
{"_path": "conn", "x": null}
{"_path": "corelight_metrics_memory", "x": null}
{"_path": "files", "x": null}
{"_path": "pe", "x": null}
{"_path": "corelight_metrics_system", "x": null}
{"_path": "reporter", "x": null}
{"_path": "corelight_metrics_bro", "x": null}
{"_path": "corelight_metrics_iface", "x": null}
{"_path": "corelight_metrics_disk", "x": null}
{"_path": "sip", "x": ["223.71.167.165"]}
{"_path": "ssl", "x": ["71.6.167.142"]}
{"_path": "tunnel", "x": ["192.88.99.1"]}
{"_path": "notice", "x": ["106.75.3.35"]}
{"_path": "smtp", "x": ["150.164.15.49"]}
{"_path": "rdp", "x": ["101.89.191.10"]}
{"_path": "_0_0_2", "x": ["185.100.59.59"]}
{"_path": "syslog", "x": ["159.83.123.38"]}
{"_path": "weird", "x": ["150.107.75.221"]}
{"_path": "dnp3", "x": ["213.32.39.37"]}
{"_path": "modbus", "x": ["141.9.32.104"]}
{"_path": "irc", "x": ["223.71.167.165"]}
{"_path": "conn_long", "x": ["159.203.34.57"]}
{"_path": "ftp", "x": ["152.136.69.32"]}
{"_path": "kerberos", "x": ["66.240.236.119"]}
{"_path": "radius", "x": ["106.75.22.216"]}
{"_path": "dpd", "x": ["223.149.205.1"]}
{"_path": "dns", "x": ["147.203.238.18"]}
{"_path": "snmp", "x": ["104.206.128.30"]}
{"_path": "http", "x": ["113.107.111.117"]}
{"_path": null, "x": ["193.10.255.99"]}
warning: group-by column `_path` does not exist for schema `tenzir.json`

warning: aggregation column `id.orig_h` does not exist for schema `zeek.conn`

warning: aggregation column `id.orig_h` does not exist for schema `zeek.corelight_metrics_bro`

warning: aggregation column `id.orig_h` does not exist for schema `zeek.corelight_metrics_cpu`

warning: aggregation column `id.orig_h` does not exist for schema `zeek.corelight_metrics_disk`

warning: aggregation column `id.orig_h` does not exist for schema `zeek.corelight_metrics_iface`

warning: aggregation column `id.orig_h` does not exist for schema `zeek.corelight_metrics_memory`

warning: aggregation column `id.orig_h` does not exist for schema `zeek.corelight_metrics_system`

warning: aggregation column `id.orig_h` does not exist for schema `zeek.dhcp`

warning: aggregation column `id.orig_h` does not exist for schema `zeek.files`

warning: aggregation column `id.orig_h` does not exist for schema `zeek.pe`

warning: aggregation column `id.orig_h` does not exist for schema `zeek.reporter`

warning: aggregation column `id.orig_h` does not exist for schema `zeek.software`

warning: aggregation column `id.orig_h` does not exist for schema `zeek.weird.123.190`