{"id.orig_h": "213.32.39.37", "x": null}
{"id.orig_h": "141.9.32.104", "x": null}
{"id.orig_h": "223.71.167.165", "x": null}
{"id.orig_h": "45.231.152.1", "x": null}
{"id.orig_h": "152.136.69.32", "x": null}
{"id.orig_h": null, "x": null}
{"id.orig_h": "223.149.205.1", "x": null}
{"id.orig_h": "104.206.128.30", "x": null}
{"id.orig_h": "147.203.238.18", "x": null}
{"id.orig_h": "159.83.123.38", "x": null}
{"id.orig_h": "150.164.15.49", "x": null}
{"id.orig_h": "71.6.167.142", "x": null}
{"id.orig_h": "45.58.146.42", "x": null}
{"id.orig_h": "150.107.75.221", "x": null}
{"id.orig_h": "101.89.191.10", "x": null}
{"id.orig_h": "185.100.59.59", "x": null}
{"id.orig_h": "66.240.236.119", "x": null}
{"id.orig_h": "106.75.3.35", "x": null}
{"id.orig_h": "113.107.111.117", "x": null}
{"id.orig_h": "159.203.34.57", "x": null}
{"id.orig_h": "193.10.255.99", "x": null}
{"id.orig_h": "192.88.99.1", "x": null}
{"id.orig_h": "106.75.22.216", "x": null}
warning: zeek event did not contain selector field
 = note: selector field `_path` was not found

warning: zeek selected schema not found
 = note: `zeek._0_0_2` does not refer to a known schema

warning: parsed field type does not match the type from the schema
 = note: parsed type had ID `2`, schema expected ID `14`(`zeek.conn_id`)

warning: Issue writing typed data into prepared batch
 = note: !! type_clash: expected record but got int64

warning: aggregation column `y` does not exist for schema `zeek`

warning: aggregation column `y` does not exist for schema `zeek._0_0_2`

warning: aggregation column `y` does not exist for schema `zeek.conn`

warning: aggregation column `y` does not exist for schema `zeek.conn_long`

warning: group-by column `id.orig_h` does not exist for schema `zeek.corelight_metrics_bro`

warning: aggregation column `y` does not exist for schema `zeek.corelight_metrics_bro`

warning: group-by column `id.orig_h` does not exist for schema `zeek.corelight_metrics_cpu`

warning: aggregation column `y` does not exist for schema `zeek.corelight_metrics_cpu`

warning: group-by column `id.orig_h` does not exist for schema `zeek.corelight_metrics_disk`

warning: aggregation column `y` does not exist for schema `zeek.corelight_metrics_disk`

warning: group-by column `id.orig_h` does not exist for schema `zeek.corelight_metrics_iface`

warning: aggregation column `y` does not exist for schema `zeek.corelight_metrics_iface`

warning: group-by column `id.orig_h` does not exist for schema `zeek.corelight_metrics_memory`

warning: aggregation column `y` does not exist for schema `zeek.corelight_metrics_memory`

warning: group-by column `id.orig_h` does not exist for schema `zeek.corelight_metrics_system`

warning: aggregation column `y` does not exist for schema `zeek.corelight_metrics_system`

warning: group-by column `id.orig_h` does not exist for schema `zeek.dhcp`

warning: aggregation column `y` does not exist for schema `zeek.dhcp`

warning: aggregation column `y` does not exist for schema `zeek.dnp3`

warning: aggregation column `y` does not exist for schema `zeek.dns`

warning: aggregation column `y` does not exist for schema `zeek.dpd`

warning: group-by column `id.orig_h` does not exist for schema `zeek.files`

warning: aggregation column `y` does not exist for schema `zeek.files`

warning: aggregation column `y` does not exist for schema `zeek.ftp`

warning: aggregation column `y` does not exist for schema `zeek.http`

warning: aggregation column `y` does not exist for schema `zeek.irc`

warning: aggregation column `y` does not exist for schema `zeek.kerberos`

warning: aggregation column `y` does not exist for schema `zeek.modbus`

warning: aggregation column `y` does not exist for schema `zeek.notice`

warning: group-by column `id.orig_h` does not exist for schema `zeek.pe`

warning: aggregation column `y` does not exist for schema `zeek.pe`

warning: aggregation column `y` does not exist for schema `zeek.radius`

warning: aggregation column `y` does not exist for schema `zeek.rdp`

warning: group-by column `id.orig_h` does not exist for schema `zeek.reporter`

warning: aggregation column `y` does not exist for schema `zeek.reporter`

warning: aggregation column `y` does not exist for schema `zeek.sip`

warning: aggregation column `y` does not exist for schema `zeek.smtp`

warning: aggregation column `y` does not exist for schema `zeek.snmp`

warning: group-by column `id.orig_h` does not exist for schema `zeek.software`

warning: aggregation column `y` does not exist for schema `zeek.software`

warning: aggregation column `y` does not exist for schema `zeek.ssl`

warning: aggregation column `y` does not exist for schema `zeek.syslog`

warning: aggregation column `y` does not exist for schema `zeek.tunnel`

warning: aggregation column `y` does not exist for schema `zeek.weird`

warning: group-by column `id.orig_h` does not exist for schema `zeek.weird.123.190`

warning: aggregation column `y` does not exist for schema `zeek.weird.123.190`