{
  "ts": "2009-11-18T16:21:12.885550",
  "uid": "KGuu15VhBbe",
  "id": {
    "orig_h": "169.254.225.22",
    "orig_p": 137,
    "resp_h": "169.254.255.255",
    "resp_p": 137
  },
  "proto": "udp",
  "service": "dns",
  "duration": "748.78ms",
  "orig_bytes": 136,
  "resp_bytes": 0,
  "conn_state": "S0",
  "local_orig": null,
  "local_resp": null,
  "missed_bytes": 0,
  "history": "D",
  "orig_pkts": 2,
  "orig_ip_bytes": 192,
  "resp_pkts": 0,
  "resp_ip_bytes": 0,
  "tunnel_parents": [],
  "community_id": null,
  "_write_ts": null
}
{
  "ts": "2009-11-18T16:21:12.896531",
  "uid": "JpBOzEWVYnf",
  "id": {
    "orig_h": "169.254.225.22",
    "orig_p": 62194,
    "resp_h": "224.0.0.252",
    "resp_p": 5355
  },
  "proto": "udp",
  "service": "dns",
  "duration": "97.69ms",
  "orig_bytes": 54,
  "resp_bytes": 0,
  "conn_state": "S0",
  "local_orig": null,
  "local_resp": null,
  "missed_bytes": 0,
  "history": "D",
  "orig_pkts": 2,
  "orig_ip_bytes": 110,
  "resp_pkts": 0,
  "resp_ip_bytes": 0,
  "tunnel_parents": [],
  "community_id": null,
  "_write_ts": null
}
{
  "ts": "2009-11-18T16:21:12.944508",
  "uid": "tPr53bj0kl5",
  "id": {
    "orig_h": "169.254.225.22",
    "orig_p": 58543,
    "resp_h": "239.255.255.250",
    "resp_p": 3702
  },
  "proto": "udp",
  "service": null,
  "duration": "65.71ms",
  "orig_bytes": 1982,
  "resp_bytes": 0,
  "conn_state": "S0",
  "local_orig": null,
  "local_resp": null,
  "missed_bytes": 0,
  "history": "D",
  "orig_pkts": 2,
  "orig_ip_bytes": 2038,
  "resp_pkts": 0,
  "resp_ip_bytes": 0,
  "tunnel_parents": [],
  "community_id": null,
  "_write_ts": null
}
{
  "ts": "2009-11-18T16:21:13.350254",
  "uid": "YqypMXGiaYk",
  "id": {
    "orig_h": "169.254.225.22",
    "orig_p": 62198,
    "resp_h": "239.255.255.250",
    "resp_p": 1900
  },
  "proto": "udp",
  "service": null,
  "duration": null,
  "orig_bytes": null,
  "resp_bytes": null,
  "conn_state": "S0",
  "local_orig": null,
  "local_resp": null,
  "missed_bytes": 0,
  "history": "D",
  "orig_pkts": 1,
  "orig_ip_bytes": 161,
  "resp_pkts": 0,
  "resp_ip_bytes": 0,
  "tunnel_parents": [],
  "community_id": null,
  "_write_ts": null
}
{
  "ts": "2009-11-19T00:48:04.254124",
  "uid": "Vm3ikzAmsw7",
  "id": {
    "orig_h": "fe80::5074:1b53:7e7:ad4d",
    "orig_p": 133,
    "resp_h": "ff02::2",
    "resp_p": 134
  },
  "proto": "icmp",
  "service": null,
  "duration": "4.0s",
  "orig_bytes": 16,
  "resp_bytes": 0,
  "conn_state": "OTH",
  "local_orig": null,
  "local_resp": null,
  "missed_bytes": 0,
  "history": null,
  "orig_pkts": 2,
  "orig_ip_bytes": 112,
  "resp_pkts": 0,
  "resp_ip_bytes": 0,
  "tunnel_parents": [],
  "community_id": null,
  "_write_ts": null
}
{
  "ts": "2009-11-19T00:48:05.269982",
  "uid": "yQYA8IcQOa2",
  "id": {
    "orig_h": "fe80::5074:1b53:7e7:ad4d",
    "orig_p": 143,
    "resp_h": "ff02::16",
    "resp_p": 0
  },
  "proto": "icmp",
  "service": null,
  "duration": "1.22m",
  "orig_bytes": 320,
  "resp_bytes": 0,
  "conn_state": "OTH",
  "local_orig": null,
  "local_resp": null,
  "missed_bytes": 0,
  "history": null,
  "orig_pkts": 16,
  "orig_ip_bytes": 1216,
  "resp_pkts": 0,
  "resp_ip_bytes": 0,
  "tunnel_parents": [],
  "community_id": null,
  "_write_ts": null
}
{
  "ts": "2009-11-19T00:48:05.276221",
  "uid": "2Gu8SPO56aa",
  "id": {
    "orig_h": "fe80::5074:1b53:7e7:ad4d",
    "orig_p": 58299,
    "resp_h": "ff02::1:3",
    "resp_p": 5355
  },
  "proto": "udp",
  "service": "dns",
  "duration": "102.95ms",
  "orig_bytes": 60,
  "resp_bytes": 0,
  "conn_state": "S0",
  "local_orig": null,
  "local_resp": null,
  "missed_bytes": 0,
  "history": "D",
  "orig_pkts": 2,
  "orig_ip_bytes": 156,
  "resp_pkts": 0,
  "resp_ip_bytes": 0,
  "tunnel_parents": [],
  "community_id": null,
  "_write_ts": null
}
{
  "ts": "2009-11-19T00:48:07.176034",
  "uid": "BsKy9RpDo9g",
  "id": {
    "orig_h": "fe80::5074:1b53:7e7:ad4d",
    "orig_p": 58399,
    "resp_h": "ff02::1:3",
    "resp_p": 5355
  },
  "proto": "udp",
  "service": "dns",
  "duration": "109.18ms",
  "orig_bytes": 66,
  "resp_bytes": 0,
  "conn_state": "S0",
  "local_orig": null,
  "local_resp": null,
  "missed_bytes": 0,
  "history": "D",
  "orig_pkts": 2,
  "orig_ip_bytes": 162,
  "resp_pkts": 0,
  "resp_ip_bytes": 0,
  "tunnel_parents": [],
  "community_id": null,
  "_write_ts": null
}
{
  "ts": "2009-11-19T00:48:37.794810",
  "uid": "FVf5xi3RQg8",
  "id": {
    "orig_h": "fe80::5074:1b53:7e7:ad4d",
    "orig_p": 61007,
    "resp_h": "ff02::1:3",
    "resp_p": 5355
  },
  "proto": "udp",
  "service": "dns",
  "duration": "97.94ms",
  "orig_bytes": 60,
  "resp_bytes": 0,
  "conn_state": "S0",
  "local_orig": null,
  "local_resp": null,
  "missed_bytes": 0,
  "history": "D",
  "orig_pkts": 2,
  "orig_ip_bytes": 156,
  "resp_pkts": 0,
  "resp_ip_bytes": 0,
  "tunnel_parents": [],
  "community_id": null,
  "_write_ts": null
}
{
  "ts": "2009-11-19T00:48:43.516967",
  "uid": "DYIHT6xyBj1",
  "id": {
    "orig_h": "fe80::5074:1b53:7e7:ad4d",
    "orig_p": 53746,
    "resp_h": "ff02::1:3",
    "resp_p": 5355
  },
  "proto": "udp",
  "service": "dns",
  "duration": "109.94ms",
  "orig_bytes": 60,
  "resp_bytes": 0,
  "conn_state": "S0",
  "local_orig": null,
  "local_resp": null,
  "missed_bytes": 0,
  "history": "D",
  "orig_pkts": 2,
  "orig_ip_bytes": 156,
  "resp_pkts": 0,
  "resp_ip_bytes": 0,
  "tunnel_parents": [],
  "community_id": null,
  "_write_ts": null
}
{
  "ts": "2009-11-19T00:48:48.084350",
  "uid": "CjQY4OKtezh",
  "id": {
    "orig_h": "fe80::5074:1b53:7e7:ad4d",
    "orig_p": 59267,
    "resp_h": "ff02::1:3",
    "resp_p": 5355
  },
  "proto": "udp",
  "service": "dns",
  "duration": "104.7ms",
  "orig_bytes": 60,
  "resp_bytes": 0,
  "conn_state": "S0",
  "local_orig": null,
  "local_resp": null,
  "missed_bytes": 0,
  "history": "D",
  "orig_pkts": 2,
  "orig_ip_bytes": 156,
  "resp_pkts": 0,
  "resp_ip_bytes": 0,
  "tunnel_parents": [],
  "community_id": null,
  "_write_ts": null
}
{
  "ts": "2009-11-19T00:49:10.335386",
  "uid": "pFwz7LYfj59",
  "id": {
    "orig_h": "fe80::5074:1b53:7e7:ad4d",
    "orig_p": 61912,
    "resp_h": "ff02::1:3",
    "resp_p": 5355
  },
  "proto": "udp",
  "service": "dns",
  "duration": "102.19ms",
  "orig_bytes": 66,
  "resp_bytes": 0,
  "conn_state": "S0",
  "local_orig": null,
  "local_resp": null,
  "missed_bytes": 0,
  "history": "D",
  "orig_pkts": 2,
  "orig_ip_bytes": 162,
  "resp_pkts": 0,
  "resp_ip_bytes": 0,
  "tunnel_parents": [],
  "community_id": null,
  "_write_ts": null
}
{
  "ts": "2009-11-19T00:50:02.121895",
  "uid": "ODPzeuW7p04",
  "id": {
    "orig_h": "fe80::5074:1b53:7e7:ad4d",
    "orig_p": 133,
    "resp_h": "ff02::2",
    "resp_p": 134
  },
  "proto": "icmp",
  "service": null,
  "duration": "4.0s",
  "orig_bytes": 16,
  "resp_bytes": 0,
  "conn_state": "OTH",
  "local_orig": null,
  "local_resp": null,
  "missed_bytes": 0,
  "history": null,
  "orig_pkts": 2,
  "orig_ip_bytes": 112,
  "resp_pkts": 0,
  "resp_ip_bytes": 0,
  "tunnel_parents": [],
  "community_id": null,
  "_write_ts": null
}
{
  "ts": "2009-11-19T00:54:46.961099",
  "uid": "aA6lWO6zk91",
  "id": {
    "orig_h": "fe80::5074:1b53:7e7:ad4d",
    "orig_p": 143,
    "resp_h": "ff02::16",
    "resp_p": 0
  },
  "proto": "icmp",
  "service": null,
  "duration": "56.64s",
  "orig_bytes": 340,
  "resp_bytes": 0,
  "conn_state": "OTH",
  "local_orig": null,
  "local_resp": null,
  "missed_bytes": 0,
  "history": null,
  "orig_pkts": 16,
  "orig_ip_bytes": 1236,
  "resp_pkts": 0,
  "resp_ip_bytes": 0,
  "tunnel_parents": [],
  "community_id": null,
  "_write_ts": null
}
{
  "ts": "2009-11-19T00:54:46.968583",
  "uid": "wx8LnosRl1b",
  "id": {
    "orig_h": "fe80::5074:1b53:7e7:ad4d",
    "orig_p": 55606,
    "resp_h": "ff02::1:3",
    "resp_p": 5355
  },
  "proto": "udp",
  "service": "dns",
  "duration": "104.94ms",
  "orig_bytes": 54,
  "resp_bytes": 0,
  "conn_state": "S0",
  "local_orig": null,
  "local_resp": null,
  "missed_bytes": 0,
  "history": "D",
  "orig_pkts": 2,
  "orig_ip_bytes": 150,
  "resp_pkts": 0,
  "resp_ip_bytes": 0,
  "tunnel_parents": [],
  "community_id": null,
  "_write_ts": null
}
{
  "ts": "2009-11-19T00:54:47.104752",
  "uid": "2KBwgl3dsyk",
  "id": {
    "orig_h": "fe80::5074:1b53:7e7:ad4d",
    "orig_p": 133,
    "resp_h": "ff02::2",
    "resp_p": 134
  },
  "proto": "icmp",
  "service": null,
  "duration": "8.0s",
  "orig_bytes": 24,
  "resp_bytes": 0,
  "conn_state": "OTH",
  "local_orig": null,
  "local_resp": null,
  "missed_bytes": 0,
  "history": null,
  "orig_pkts": 3,
  "orig_ip_bytes": 168,
  "resp_pkts": 0,
  "resp_ip_bytes": 0,
  "tunnel_parents": [],
  "community_id": null,
  "_write_ts": null
}
{
  "ts": "2009-11-19T00:54:50.860389",
  "uid": "Mjludw586Pj",
  "id": {
    "orig_h": "fe80::5074:1b53:7e7:ad4d",
    "orig_p": 52302,
    "resp_h": "ff02::1:3",
    "resp_p": 5355
  },
  "proto": "udp",
  "service": "dns",
  "duration": "103.45ms",
  "orig_bytes": 54,
  "resp_bytes": 0,
  "conn_state": "S0",
  "local_orig": null,
  "local_resp": null,
  "missed_bytes": 0,
  "history": "D",
  "orig_pkts": 2,
  "orig_ip_bytes": 150,
  "resp_pkts": 0,
  "resp_ip_bytes": 0,
  "tunnel_parents": [],
  "community_id": null,
  "_write_ts": null
}
{
  "ts": "2009-11-19T00:55:22.308655",
  "uid": "tbmZLyqIaOa",
  "id": {
    "orig_h": "fe80::5074:1b53:7e7:ad4d",
    "orig_p": 61377,
    "resp_h": "ff02::c",
    "resp_p": 3702
  },
  "proto": "udp",
  "service": null,
  "duration": "17.51s",
  "orig_bytes": 7920,
  "resp_bytes": 0,
  "conn_state": "S0",
  "local_orig": null,
  "local_resp": null,
  "missed_bytes": 0,
  "history": "D",
  "orig_pkts": 8,
  "orig_ip_bytes": 8304,
  "resp_pkts": 0,
  "resp_ip_bytes": 0,
  "tunnel_parents": [],
  "community_id": null,
  "_write_ts": null
}
{
  "ts": "2009-11-19T00:55:39.377190",
  "uid": "wgaBw7GPKjg",
  "id": {
    "orig_h": "fe80::5074:1b53:7e7:ad4d",
    "orig_p": 64564,
    "resp_h": "ff02::1:3",
    "resp_p": 5355
  },
  "proto": "udp",
  "service": "dns",
  "duration": "99.44ms",
  "orig_bytes": 54,
  "resp_bytes": 0,
  "conn_state": "S0",
  "local_orig": null,
  "local_resp": null,
  "missed_bytes": 0,
  "history": "D",
  "orig_pkts": 2,
  "orig_ip_bytes": 150,
  "resp_pkts": 0,
  "resp_ip_bytes": 0,
  "tunnel_parents": [],
  "community_id": null,
  "_write_ts": null
}
{
  "ts": "2009-11-19T00:55:43.296230",
  "uid": "3YPxiIwMKl2",
  "id": {
    "orig_h": "fe80::5074:1b53:7e7:ad4d",
    "orig_p": 63841,
    "resp_h": "ff02::1:3",
    "resp_p": 5355
  },
  "proto": "udp",
  "service": "dns",
  "duration": "101.94ms",
  "orig_bytes": 54,
  "resp_bytes": 0,
  "conn_state": "S0",
  "local_orig": null,
  "local_resp": null,
  "missed_bytes": 0,
  "history": "D",
  "orig_pkts": 2,
  "orig_ip_bytes": 150,
  "resp_pkts": 0,
  "resp_ip_bytes": 0,
  "tunnel_parents": [],
  "community_id": null,
  "_write_ts": null
}
{
  "ts": "2009-11-19T01:02:56.690402",
  "uid": "Et21UnHUyh4",
  "id": {
    "orig_h": "fe80::5074:1b53:7e7:ad4d",
    "orig_p": 58697,
    "resp_h": "ff02::1:3",
    "resp_p": 5355
  },
  "proto": "udp",
  "service": "dns",
  "duration": "103.44ms",
  "orig_bytes": 66,
  "resp_bytes": 0,
  "conn_state": "S0",
  "local_orig": null,
  "local_resp": null,
  "missed_bytes": 0,
  "history": "D",
  "orig_pkts": 2,
  "orig_ip_bytes": 162,
  "resp_pkts": 0,
  "resp_ip_bytes": 0,
  "tunnel_parents": [],
  "community_id": null,
  "_write_ts": null
}
{
  "ts": "2009-11-19T01:02:59.561341",
  "uid": "vRmsul0okBl",
  "id": {
    "orig_h": "fe80::5074:1b53:7e7:ad4d",
    "orig_p": 57902,
    "resp_h": "ff02::1:3",
    "resp_p": 5355
  },
  "proto": "udp",
  "service": "dns",
  "duration": "107.44ms",
  "orig_bytes": 66,
  "resp_bytes": 0,
  "conn_state": "S0",
  "local_orig": null,
  "local_resp": null,
  "missed_bytes": 0,
  "history": "D",
  "orig_pkts": 2,
  "orig_ip_bytes": 162,
  "resp_pkts": 0,
  "resp_ip_bytes": 0,
  "tunnel_parents": [],
  "community_id": null,
  "_write_ts": null
}
{
  "ts": "2009-11-19T01:03:04.436530",
  "uid": "WaPagGfHsKi",
  "id": {
    "orig_h": "fe80::5074:1b53:7e7:ad4d",
    "orig_p": 53337,
    "resp_h": "ff02::1:3",
    "resp_p": 5355
  },
  "proto": "udp",
  "service": "dns",
  "duration": "106.94ms",
  "orig_bytes": 66,
  "resp_bytes": 0,
  "conn_state": "S0",
  "local_orig": null,
  "local_resp": null,
  "missed_bytes": 0,
  "history": "D",
  "orig_pkts": 2,
  "orig_ip_bytes": 162,
  "resp_pkts": 0,
  "resp_ip_bytes": 0,
  "tunnel_parents": [],
  "community_id": null,
  "_write_ts": null
}
{
  "ts": "2009-11-19T01:26:03.227924",
  "uid": "gstLC5hWBf2",
  "id": {
    "orig_h": "fe80::5074:1b53:7e7:ad4d",
    "orig_p": 51095,
    "resp_h": "ff02::1:3",
    "resp_p": 5355
  },
  "proto": "udp",
  "service": "dns",
  "duration": "116.93ms",
  "orig_bytes": 44,
  "resp_bytes": 0,
  "conn_state": "S0",
  "local_orig": null,
  "local_resp": null,
  "missed_bytes": 0,
  "history": "D",
  "orig_pkts": 2,
  "orig_ip_bytes": 140,
  "resp_pkts": 0,
  "resp_ip_bytes": 0,
  "tunnel_parents": [],
  "community_id": null,
  "_write_ts": null
}
{
  "ts": "2009-11-19T01:26:07.573955",
  "uid": "p9IWFG2yCSh",
  "id": {
    "orig_h": "fe80::5074:1b53:7e7:ad4d",
    "orig_p": 56097,
    "resp_h": "ff02::1:3",
    "resp_p": 5355
  },
  "proto": "udp",
  "service": "dns",
  "duration": "116.92ms",
  "orig_bytes": 44,
  "resp_bytes": 0,
  "conn_state": "S0",
  "local_orig": null,
  "local_resp": null,
  "missed_bytes": 0,
  "history": "D",
  "orig_pkts": 2,
  "orig_ip_bytes": 140,
  "resp_pkts": 0,
  "resp_ip_bytes": 0,
  "tunnel_parents": [],
  "community_id": null,
  "_write_ts": null
}