{"x": 36}
warning: zeek-json parser: event did not contain selector field
 = note: selector field `_path` was not found

warning: zeek-json parser: selected schema not found
 = note: `zeek._0_0_2` does not refer to a known schema

warning: zeek-json parser: parsed field type does not match the type from the schema
 = note: parsed type had ID `2`, schema expected ID `14`(`zeek.conn_id`)

warning: zeek-json parser: Issue writing typed data into prepared batch
 = note: !! type_clash: expected record but got int64