{"ts":"2009-11-18T21:01:53.173350144Z","uid":"tS3vjKMCHqj","id":{"orig_h":"192.168.1.1","orig_p":67,"resp_h":"192.168.1.104","resp_p":68},"proto":"udp","service":null,"duration":null,"orig_bytes":null,"resp_bytes":null,"conn_state":"S0","local_orig":null,"missed_bytes":0,"history":"D","orig_pkts":1,"orig_ip_bytes":328,"resp_pkts":0,"resp_ip_bytes":0,"tunnel_parents":[]}
{"ts":"2009-11-19T00:16:00.886949120Z","uid":"7NswgvxBKYh","id":{"orig_h":"192.168.1.1","orig_p":67,"resp_h":"192.168.1.104","resp_p":68},"proto":"udp","service":null,"duration":"1.63ms","orig_bytes":600,"resp_bytes":0,"conn_state":"S0","local_orig":null,"missed_bytes":0,"history":"D","orig_pkts":2,"orig_ip_bytes":656,"resp_pkts":0,"resp_ip_bytes":0,"tunnel_parents":[]}
{"ts":"2009-11-19T01:08:19.477998080Z","uid":"3dwEmxq4AR","id":{"orig_h":"192.168.1.1","orig_p":67,"resp_h":"192.168.1.104","resp_p":68},"proto":"udp","service":null,"duration":"9.788652s","orig_bytes":1200,"resp_bytes":311,"conn_state":"SF","local_orig":null,"missed_bytes":0,"history":"Dd","orig_pkts":4,"orig_ip_bytes":1312,"resp_pkts":1,"resp_ip_bytes":339,"tunnel_parents":[]}
{"ts":"2009-11-19T01:47:43.846714880Z","uid":"ZkQj2rioZO8","id":{"orig_h":"192.168.1.1","orig_p":137,"resp_h":"192.168.1.104","resp_p":137},"proto":"udp","service":null,"duration":null,"orig_bytes":null,"resp_bytes":null,"conn_state":"S0","local_orig":null,"missed_bytes":0,"history":"D","orig_pkts":1,"orig_ip_bytes":90,"resp_pkts":0,"resp_ip_bytes":0,"tunnel_parents":[]}
{"ts":"2009-11-19T01:47:43.855460864Z","uid":"SAQDY3yW0L6","id":{"orig_h":"192.168.1.1","orig_p":138,"resp_h":"192.168.1.104","resp_p":138},"proto":"udp","service":null,"duration":"2.248647s","orig_bytes":360,"resp_bytes":0,"conn_state":"S0","local_orig":null,"missed_bytes":0,"history":"D","orig_pkts":2,"orig_ip_bytes":416,"resp_pkts":0,"resp_ip_bytes":0,"tunnel_parents":[]}
{"ts":"2009-11-19T01:59:48.322488064Z","uid":"QI0zlQ5bASk","id":{"orig_h":"192.168.1.1","orig_p":137,"resp_h":"192.168.1.104","resp_p":137},"proto":"udp","service":null,"duration":null,"orig_bytes":null,"resp_bytes":null,"conn_state":"S0","local_orig":null,"missed_bytes":0,"history":"D","orig_pkts":1,"orig_ip_bytes":90,"resp_pkts":0,"resp_ip_bytes":0,"tunnel_parents":[]}
{"ts":"2009-11-19T01:59:48.331499008Z","uid":"wIPAwFTaiha","id":{"orig_h":"192.168.1.1","orig_p":138,"resp_h":"192.168.1.104","resp_p":138},"proto":"udp","service":null,"duration":"2.24783s","orig_bytes":360,"resp_bytes":0,"conn_state":"S0","local_orig":null,"missed_bytes":0,"history":"D","orig_pkts":2,"orig_ip_bytes":416,"resp_pkts":0,"resp_ip_bytes":0,"tunnel_parents":[]}
{"ts":"2009-11-19T02:11:52.798124032Z","uid":"Ssd01Fv6B09","id":{"orig_h":"192.168.1.1","orig_p":137,"resp_h":"192.168.1.104","resp_p":137},"proto":"udp","service":null,"duration":null,"orig_bytes":null,"resp_bytes":null,"conn_state":"S0","local_orig":null,"missed_bytes":0,"history":"D","orig_pkts":1,"orig_ip_bytes":90,"resp_pkts":0,"resp_ip_bytes":0,"tunnel_parents":[]}
{"ts":"2009-11-19T02:11:52.840615936Z","uid":"PfzxhBnRrx5","id":{"orig_h":"192.168.1.1","orig_p":138,"resp_h":"192.168.1.104","resp_p":138},"proto":"udp","service":null,"duration":"2.245864s","orig_bytes":360,"resp_bytes":0,"conn_state":"S0","local_orig":null,"missed_bytes":0,"history":"D","orig_pkts":2,"orig_ip_bytes":416,"resp_pkts":0,"resp_ip_bytes":0,"tunnel_parents":[]}
{"ts":"2009-11-19T02:23:57.305262080Z","uid":"epw2NutoEah","id":{"orig_h":"192.168.1.1","orig_p":137,"resp_h":"192.168.1.104","resp_p":137},"proto":"udp","service":null,"duration":null,"orig_bytes":null,"resp_bytes":null,"conn_state":"S0","local_orig":null,"missed_bytes":0,"history":"D","orig_pkts":1,"orig_ip_bytes":90,"resp_pkts":0,"resp_ip_bytes":0,"tunnel_parents":[]}
{"ts":"2009-11-19T02:23:57.313754112Z","uid":"hzzK7bx8Qgj","id":{"orig_h":"192.168.1.1","orig_p":138,"resp_h":"192.168.1.104","resp_p":138},"proto":"udp","service":null,"duration":"2.24884s","orig_bytes":360,"resp_bytes":0,"conn_state":"S0","local_orig":null,"missed_bytes":0,"history":"D","orig_pkts":2,"orig_ip_bytes":416,"resp_pkts":0,"resp_ip_bytes":0,"tunnel_parents":[]}
{"ts":"2009-11-19T02:36:01.781115136Z","uid":"DheKa7uTq4i","id":{"orig_h":"192.168.1.1","orig_p":137,"resp_h":"192.168.1.104","resp_p":137},"proto":"udp","service":null,"duration":null,"orig_bytes":null,"resp_bytes":null,"conn_state":"S0","local_orig":null,"missed_bytes":0,"history":"D","orig_pkts":1,"orig_ip_bytes":90,"resp_pkts":0,"resp_ip_bytes":0,"tunnel_parents":[]}
{"ts":"2009-11-19T02:36:01.790350848Z","uid":"MPj2EROIUsl","id":{"orig_h":"192.168.1.1","orig_p":138,"resp_h":"192.168.1.104","resp_p":138},"proto":"udp","service":null,"duration":"2.247591s","orig_bytes":360,"resp_bytes":0,"conn_state":"S0","local_orig":null,"missed_bytes":0,"history":"D","orig_pkts":2,"orig_ip_bytes":416,"resp_pkts":0,"resp_ip_bytes":0,"tunnel_parents":[]}
{"ts":"2009-11-19T02:48:06.257147136Z","uid":"1ThlYmaB1H1","id":{"orig_h":"192.168.1.1","orig_p":137,"resp_h":"192.168.1.104","resp_p":137},"proto":"udp","service":null,"duration":null,"orig_bytes":null,"resp_bytes":null,"conn_state":"S0","local_orig":null,"missed_bytes":0,"history":"D","orig_pkts":1,"orig_ip_bytes":90,"resp_pkts":0,"resp_ip_bytes":0,"tunnel_parents":[]}
{"ts":"2009-11-19T02:48:06.265410816Z","uid":"6XtKjkEol85","id":{"orig_h":"192.168.1.1","orig_p":138,"resp_h":"192.168.1.104","resp_p":138},"proto":"udp","service":null,"duration":"2.248848s","orig_bytes":360,"resp_bytes":0,"conn_state":"S0","local_orig":null,"missed_bytes":0,"history":"D","orig_pkts":2,"orig_ip_bytes":416,"resp_pkts":0,"resp_ip_bytes":0,"tunnel_parents":[]}
{"ts":"2009-11-19T03:00:10.732976896Z","uid":"tmoG3SdGpY1","id":{"orig_h":"192.168.1.1","orig_p":137,"resp_h":"192.168.1.104","resp_p":137},"proto":"udp","service":null,"duration":null,"orig_bytes":null,"resp_bytes":null,"conn_state":"S0","local_orig":null,"missed_bytes":0,"history":"D","orig_pkts":1,"orig_ip_bytes":90,"resp_pkts":0,"resp_ip_bytes":0,"tunnel_parents":[]}
{"ts":"2009-11-19T03:00:10.741492992Z","uid":"eC1qkcHt1ii","id":{"orig_h":"192.168.1.1","orig_p":138,"resp_h":"192.168.1.104","resp_p":138},"proto":"udp","service":null,"duration":"2.248082s","orig_bytes":360,"resp_bytes":0,"conn_state":"S0","local_orig":null,"missed_bytes":0,"history":"D","orig_pkts":2,"orig_ip_bytes":416,"resp_pkts":0,"resp_ip_bytes":0,"tunnel_parents":[]}
{"ts":"2009-11-19T03:12:15.209041152Z","uid":"GCtGQAHLeXe","id":{"orig_h":"192.168.1.1","orig_p":137,"resp_h":"192.168.1.104","resp_p":137},"proto":"udp","service":null,"duration":null,"orig_bytes":null,"resp_bytes":null,"conn_state":"S0","local_orig":null,"missed_bytes":0,"history":"D","orig_pkts":1,"orig_ip_bytes":90,"resp_pkts":0,"resp_ip_bytes":0,"tunnel_parents":[]}
{"ts":"2009-11-19T03:12:15.236030976Z","uid":"7Ft16hUITB8","id":{"orig_h":"192.168.1.1","orig_p":138,"resp_h":"192.168.1.104","resp_p":138},"proto":"udp","service":null,"duration":"2.244866s","orig_bytes":360,"resp_bytes":0,"conn_state":"S0","local_orig":null,"missed_bytes":0,"history":"D","orig_pkts":2,"orig_ip_bytes":416,"resp_pkts":0,"resp_ip_bytes":0,"tunnel_parents":[]}
{"ts":"2009-11-19T03:24:19.700610048Z","uid":"pwOHaNfEHQd","id":{"orig_h":"192.168.1.1","orig_p":137,"resp_h":"192.168.1.104","resp_p":137},"proto":"udp","service":null,"duration":null,"orig_bytes":null,"resp_bytes":null,"conn_state":"S0","local_orig":null,"missed_bytes":0,"history":"D","orig_pkts":1,"orig_ip_bytes":90,"resp_pkts":0,"resp_ip_bytes":0,"tunnel_parents":[]}
{"ts":"2009-11-19T03:24:19.709070848Z","uid":"zWchaRKPeKa","id":{"orig_h":"192.168.1.1","orig_p":138,"resp_h":"192.168.1.104","resp_p":138},"proto":"udp","service":null,"duration":"2.248628s","orig_bytes":360,"resp_bytes":0,"conn_state":"S0","local_orig":null,"missed_bytes":0,"history":"D","orig_pkts":2,"orig_ip_bytes":416,"resp_pkts":0,"resp_ip_bytes":0,"tunnel_parents":[]}
{"ts":"2009-11-19T03:36:24.176698880Z","uid":"NhqYfJsP1gl","id":{"orig_h":"192.168.1.1","orig_p":137,"resp_h":"192.168.1.104","resp_p":137},"proto":"udp","service":null,"duration":null,"orig_bytes":null,"resp_bytes":null,"conn_state":"S0","local_orig":null,"missed_bytes":0,"history":"D","orig_pkts":1,"orig_ip_bytes":90,"resp_pkts":0,"resp_ip_bytes":0,"tunnel_parents":[]}
{"ts":"2009-11-19T03:36:24.185437952Z","uid":"og3gA0BPqj5","id":{"orig_h":"192.168.1.1","orig_p":138,"resp_h":"192.168.1.104","resp_p":138},"proto":"udp","service":null,"duration":"2.248091s","orig_bytes":360,"resp_bytes":0,"conn_state":"S0","local_orig":null,"missed_bytes":0,"history":"D","orig_pkts":2,"orig_ip_bytes":416,"resp_pkts":0,"resp_ip_bytes":0,"tunnel_parents":[]}
{"ts":"2009-11-19T03:48:28.652996096Z","uid":"oUsXNvGt956","id":{"orig_h":"192.168.1.1","orig_p":137,"resp_h":"192.168.1.104","resp_p":137},"proto":"udp","service":null,"duration":null,"orig_bytes":null,"resp_bytes":null,"conn_state":"S0","local_orig":null,"missed_bytes":0,"history":"D","orig_pkts":1,"orig_ip_bytes":90,"resp_pkts":0,"resp_ip_bytes":0,"tunnel_parents":[]}
{"ts":"2009-11-19T03:48:28.661752064Z","uid":"fkmxgUQCVqb","id":{"orig_h":"192.168.1.1","orig_p":138,"resp_h":"192.168.1.104","resp_p":138},"proto":"udp","service":null,"duration":"2.248339s","orig_bytes":360,"resp_bytes":0,"conn_state":"S0","local_orig":null,"missed_bytes":0,"history":"D","orig_pkts":2,"orig_ip_bytes":416,"resp_pkts":0,"resp_ip_bytes":0,"tunnel_parents":[]}
{"ts":"2009-11-19T04:00:33.128808960Z","uid":"hOqHIgtc898","id":{"orig_h":"192.168.1.1","orig_p":137,"resp_h":"192.168.1.104","resp_p":137},"proto":"udp","service":null,"duration":null,"orig_bytes":null,"resp_bytes":null,"conn_state":"S0","local_orig":null,"missed_bytes":0,"history":"D","orig_pkts":1,"orig_ip_bytes":90,"resp_pkts":0,"resp_ip_bytes":0,"tunnel_parents":[]}
{"ts":"2009-11-19T04:00:33.137288960Z","uid":"yDwWuY9XnZg","id":{"orig_h":"192.168.1.1","orig_p":138,"resp_h":"192.168.1.104","resp_p":138},"proto":"udp","service":null,"duration":"2.24836s","orig_bytes":360,"resp_bytes":0,"conn_state":"S0","local_orig":null,"missed_bytes":0,"history":"D","orig_pkts":2,"orig_ip_bytes":416,"resp_pkts":0,"resp_ip_bytes":0,"tunnel_parents":[]}
{"ts":"2009-11-19T04:12:37.605353216Z","uid":"9e4VJUyykyk","id":{"orig_h":"192.168.1.1","orig_p":137,"resp_h":"192.168.1.104","resp_p":137},"proto":"udp","service":null,"duration":null,"orig_bytes":null,"resp_bytes":null,"conn_state":"S0","local_orig":null,"missed_bytes":0,"history":"D","orig_pkts":1,"orig_ip_bytes":90,"resp_pkts":0,"resp_ip_bytes":0,"tunnel_parents":[]}
{"ts":"2009-11-19T04:12:37.660929024Z","uid":"qUFqbsHfG5h","id":{"orig_h":"192.168.1.1","orig_p":138,"resp_h":"192.168.1.104","resp_p":138},"proto":"udp","service":null,"duration":"2.247734s","orig_bytes":360,"resp_bytes":0,"conn_state":"S0","local_orig":null,"missed_bytes":0,"history":"D","orig_pkts":2,"orig_ip_bytes":416,"resp_pkts":0,"resp_ip_bytes":0,"tunnel_parents":[]}
{"ts":"2009-11-19T04:24:42.127873024Z","uid":"Bqq1ShVunZj","id":{"orig_h":"192.168.1.1","orig_p":137,"resp_h":"192.168.1.104","resp_p":137},"proto":"udp","service":null,"duration":null,"orig_bytes":null,"resp_bytes":null,"conn_state":"S0","local_orig":null,"missed_bytes":0,"history":"D","orig_pkts":1,"orig_ip_bytes":90,"resp_pkts":0,"resp_ip_bytes":0,"tunnel_parents":[]}
{"ts":"2009-11-19T04:24:42.136102912Z","uid":"3hd199ON7Fb","id":{"orig_h":"192.168.1.1","orig_p":138,"resp_h":"192.168.1.104","resp_p":138},"proto":"udp","service":null,"duration":"2.249114s","orig_bytes":360,"resp_bytes":0,"conn_state":"S0","local_orig":null,"missed_bytes":0,"history":"D","orig_pkts":2,"orig_ip_bytes":416,"resp_pkts":0,"resp_ip_bytes":0,"tunnel_parents":[]}
{"ts":"2009-11-19T04:36:46.603907072Z","uid":"PaDZUzkcEw3","id":{"orig_h":"192.168.1.1","orig_p":137,"resp_h":"192.168.1.104","resp_p":137},"proto":"udp","service":null,"duration":null,"orig_bytes":null,"resp_bytes":null,"conn_state":"S0","local_orig":null,"missed_bytes":0,"history":"D","orig_pkts":1,"orig_ip_bytes":90,"resp_pkts":0,"resp_ip_bytes":0,"tunnel_parents":[]}
{"ts":"2009-11-19T04:36:46.612148992Z","uid":"zIRsO85Rg16","id":{"orig_h":"192.168.1.1","orig_p":138,"resp_h":"192.168.1.104","resp_p":138},"proto":"udp","service":null,"duration":"2.248866s","orig_bytes":360,"resp_bytes":0,"conn_state":"S0","local_orig":null,"missed_bytes":0,"history":"D","orig_pkts":2,"orig_ip_bytes":416,"resp_pkts":0,"resp_ip_bytes":0,"tunnel_parents":[]}
{"ts":"2009-11-19T04:48:51.079938816Z","uid":"fvpuNQxkWa2","id":{"orig_h":"192.168.1.1","orig_p":137,"resp_h":"192.168.1.104","resp_p":137},"proto":"udp","service":null,"duration":null,"orig_bytes":null,"resp_bytes":null,"conn_state":"S0","local_orig":null,"missed_bytes":0,"history":"D","orig_pkts":1,"orig_ip_bytes":90,"resp_pkts":0,"resp_ip_bytes":0,"tunnel_parents":[]}
{"ts":"2009-11-19T04:48:51.088697856Z","uid":"lgniBpfSxr1","id":{"orig_h":"192.168.1.1","orig_p":138,"resp_h":"192.168.1.104","resp_p":138},"proto":"udp","service":null,"duration":"2.247844s","orig_bytes":360,"resp_bytes":0,"conn_state":"S0","local_orig":null,"missed_bytes":0,"history":"D","orig_pkts":2,"orig_ip_bytes":416,"resp_pkts":0,"resp_ip_bytes":0,"tunnel_parents":[]}
{"ts":"2009-11-19T05:00:55.556220928Z","uid":"OZsrpAR7jnk","id":{"orig_h":"192.168.1.1","orig_p":137,"resp_h":"192.168.1.104","resp_p":137},"proto":"udp","service":null,"duration":null,"orig_bytes":null,"resp_bytes":null,"conn_state":"S0","local_orig":null,"missed_bytes":0,"history":"D","orig_pkts":1,"orig_ip_bytes":90,"resp_pkts":0,"resp_ip_bytes":0,"tunnel_parents":[]}
{"ts":"2009-11-19T05:00:55.578747136Z","uid":"SnHtQqdCAkj","id":{"orig_h":"192.168.1.1","orig_p":138,"resp_h":"192.168.1.104","resp_p":138},"proto":"udp","service":null,"duration":"2.250054s","orig_bytes":360,"resp_bytes":0,"conn_state":"S0","local_orig":null,"missed_bytes":0,"history":"D","orig_pkts":2,"orig_ip_bytes":416,"resp_pkts":0,"resp_ip_bytes":0,"tunnel_parents":[]}
{"ts":"2009-11-19T05:13:00.048009984Z","uid":"tii70AcirHd","id":{"orig_h":"192.168.1.1","orig_p":137,"resp_h":"192.168.1.104","resp_p":137},"proto":"udp","service":null,"duration":null,"orig_bytes":null,"resp_bytes":null,"conn_state":"S0","local_orig":null,"missed_bytes":0,"history":"D","orig_pkts":1,"orig_ip_bytes":90,"resp_pkts":0,"resp_ip_bytes":0,"tunnel_parents":[]}
{"ts":"2009-11-19T05:13:00.056759040Z","uid":"UjIJH9YFln7","id":{"orig_h":"192.168.1.1","orig_p":138,"resp_h":"192.168.1.104","resp_p":138},"proto":"udp","service":null,"duration":"2.248083s","orig_bytes":360,"resp_bytes":0,"conn_state":"S0","local_orig":null,"missed_bytes":0,"history":"D","orig_pkts":2,"orig_ip_bytes":416,"resp_pkts":0,"resp_ip_bytes":0,"tunnel_parents":[]}
{"ts":"2009-11-19T05:25:04.524028928Z","uid":"8iJQedvWQC2","id":{"orig_h":"192.168.1.1","orig_p":137,"resp_h":"192.168.1.104","resp_p":137},"proto":"udp","service":null,"duration":null,"orig_bytes":null,"resp_bytes":null,"conn_state":"S0","local_orig":null,"missed_bytes":0,"history":"D","orig_pkts":1,"orig_ip_bytes":90,"resp_pkts":0,"resp_ip_bytes":0,"tunnel_parents":[]}
{"ts":"2009-11-19T05:25:04.532531968Z","uid":"lTrkAbSqnI4","id":{"orig_h":"192.168.1.1","orig_p":138,"resp_h":"192.168.1.104","resp_p":138},"proto":"udp","service":null,"duration":"2.248599s","orig_bytes":360,"resp_bytes":0,"conn_state":"S0","local_orig":null,"missed_bytes":0,"history":"D","orig_pkts":2,"orig_ip_bytes":416,"resp_pkts":0,"resp_ip_bytes":0,"tunnel_parents":[]}
{"ts":"2009-11-19T05:27:03.468866048Z","uid":"6FW16BXtE2l","id":{"orig_h":"192.168.1.1","orig_p":67,"resp_h":"192.168.1.104","resp_p":68},"proto":"udp","service":null,"duration":"1us","orig_bytes":600,"resp_bytes":0,"conn_state":"S0","local_orig":null,"missed_bytes":0,"history":"D","orig_pkts":2,"orig_ip_bytes":656,"resp_pkts":0,"resp_ip_bytes":0,"tunnel_parents":[]}
{"ts":"2009-11-19T05:37:09.000303104Z","uid":"rSBnATyeHk","id":{"orig_h":"192.168.1.1","orig_p":137,"resp_h":"192.168.1.104","resp_p":137},"proto":"udp","service":null,"duration":null,"orig_bytes":null,"resp_bytes":null,"conn_state":"S0","local_orig":null,"missed_bytes":0,"history":"D","orig_pkts":1,"orig_ip_bytes":90,"resp_pkts":0,"resp_ip_bytes":0,"tunnel_parents":[]}
{"ts":"2009-11-19T05:37:09.008795904Z","uid":"YuwB13nBajh","id":{"orig_h":"192.168.1.1","orig_p":138,"resp_h":"192.168.1.104","resp_p":138},"proto":"udp","service":null,"duration":"2.248357s","orig_bytes":360,"resp_bytes":0,"conn_state":"S0","local_orig":null,"missed_bytes":0,"history":"D","orig_pkts":2,"orig_ip_bytes":416,"resp_pkts":0,"resp_ip_bytes":0,"tunnel_parents":[]}
{"ts":"2009-11-19T05:49:13.476134912Z","uid":"X9iJacrSrZ4","id":{"orig_h":"192.168.1.1","orig_p":137,"resp_h":"192.168.1.104","resp_p":137},"proto":"udp","service":null,"duration":null,"orig_bytes":null,"resp_bytes":null,"conn_state":"S0","local_orig":null,"missed_bytes":0,"history":"D","orig_pkts":1,"orig_ip_bytes":90,"resp_pkts":0,"resp_ip_bytes":0,"tunnel_parents":[]}
{"ts":"2009-11-19T05:49:13.484112896Z","uid":"mpQOrYH4ZM3","id":{"orig_h":"192.168.1.1","orig_p":138,"resp_h":"192.168.1.104","resp_p":138},"proto":"udp","service":null,"duration":"2.249596s","orig_bytes":360,"resp_bytes":0,"conn_state":"S0","local_orig":null,"missed_bytes":0,"history":"D","orig_pkts":2,"orig_ip_bytes":416,"resp_pkts":0,"resp_ip_bytes":0,"tunnel_parents":[]}
{"ts":"2009-11-19T06:01:17.952101120Z","uid":"2F3aacvbZbg","id":{"orig_h":"192.168.1.1","orig_p":137,"resp_h":"192.168.1.104","resp_p":137},"proto":"udp","service":null,"duration":null,"orig_bytes":null,"resp_bytes":null,"conn_state":"S0","local_orig":null,"missed_bytes":0,"history":"D","orig_pkts":1,"orig_ip_bytes":90,"resp_pkts":0,"resp_ip_bytes":0,"tunnel_parents":[]}
{"ts":"2009-11-19T06:01:17.976037888Z","uid":"TKDDjGysOca","id":{"orig_h":"192.168.1.1","orig_p":138,"resp_h":"192.168.1.104","resp_p":138},"proto":"udp","service":null,"duration":"2.248851s","orig_bytes":360,"resp_bytes":0,"conn_state":"S0","local_orig":null,"missed_bytes":0,"history":"D","orig_pkts":2,"orig_ip_bytes":416,"resp_pkts":0,"resp_ip_bytes":0,"tunnel_parents":[]}
{"ts":"2009-11-19T06:13:22.443484928Z","uid":"Eh4MbYyZ3S8","id":{"orig_h":"192.168.1.1","orig_p":137,"resp_h":"192.168.1.104","resp_p":137},"proto":"udp","service":null,"duration":null,"orig_bytes":null,"resp_bytes":null,"conn_state":"S0","local_orig":null,"missed_bytes":0,"history":"D","orig_pkts":1,"orig_ip_bytes":90,"resp_pkts":0,"resp_ip_bytes":0,"tunnel_parents":[]}
{"ts":"2009-11-19T06:13:22.451693056Z","uid":"vVQTOAMJJRe","id":{"orig_h":"192.168.1.1","orig_p":138,"resp_h":"192.168.1.104","resp_p":138},"proto":"udp","service":null,"duration":"2.248902s","orig_bytes":360,"resp_bytes":0,"conn_state":"S0","local_orig":null,"missed_bytes":0,"history":"D","orig_pkts":2,"orig_ip_bytes":416,"resp_pkts":0,"resp_ip_bytes":0,"tunnel_parents":[]}
{"ts":"2009-11-19T06:25:26.919238144Z","uid":"NQSpKmYn6e9","id":{"orig_h":"192.168.1.1","orig_p":137,"resp_h":"192.168.1.104","resp_p":137},"proto":"udp","service":null,"duration":null,"orig_bytes":null,"resp_bytes":null,"conn_state":"S0","local_orig":null,"missed_bytes":0,"history":"D","orig_pkts":1,"orig_ip_bytes":90,"resp_pkts":0,"resp_ip_bytes":0,"tunnel_parents":[]}
{"ts":"2009-11-19T06:25:26.927993088Z","uid":"5HkNZNjb9If","id":{"orig_h":"192.168.1.1","orig_p":138,"resp_h":"192.168.1.104","resp_p":138},"proto":"udp","service":null,"duration":"2.24808s","orig_bytes":360,"resp_bytes":0,"conn_state":"S0","local_orig":null,"missed_bytes":0,"history":"D","orig_pkts":2,"orig_ip_bytes":416,"resp_pkts":0,"resp_ip_bytes":0,"tunnel_parents":[]}
{"ts":"2009-11-19T06:37:31.394964992Z","uid":"cmIEyHKerPl","id":{"orig_h":"192.168.1.1","orig_p":137,"resp_h":"192.168.1.104","resp_p":137},"proto":"udp","service":null,"duration":null,"orig_bytes":null,"resp_bytes":null,"conn_state":"S0","local_orig":null,"missed_bytes":0,"history":"D","orig_pkts":1,"orig_ip_bytes":90,"resp_pkts":0,"resp_ip_bytes":0,"tunnel_parents":[]}
{"ts":"2009-11-19T06:37:31.403464960Z","uid":"jmMCcPKzvi5","id":{"orig_h":"192.168.1.1","orig_p":138,"resp_h":"192.168.1.104","resp_p":138},"proto":"udp","service":null,"duration":"2.248345s","orig_bytes":360,"resp_bytes":0,"conn_state":"S0","local_orig":null,"missed_bytes":0,"history":"D","orig_pkts":2,"orig_ip_bytes":416,"resp_pkts":0,"resp_ip_bytes":0,"tunnel_parents":[]}
{"ts":"2009-11-19T06:49:35.870441984Z","uid":"p9Ih4xTWWy3","id":{"orig_h":"192.168.1.1","orig_p":137,"resp_h":"192.168.1.104","resp_p":137},"proto":"udp","service":null,"duration":null,"orig_bytes":null,"resp_bytes":null,"conn_state":"S0","local_orig":null,"missed_bytes":0,"history":"D","orig_pkts":1,"orig_ip_bytes":90,"resp_pkts":0,"resp_ip_bytes":0,"tunnel_parents":[]}
{"ts":"2009-11-19T06:49:35.893688832Z","uid":"y38BbXAtsa","id":{"orig_h":"192.168.1.1","orig_p":138,"resp_h":"192.168.1.104","resp_p":138},"proto":"udp","service":null,"duration":"2.249854s","orig_bytes":360,"resp_bytes":0,"conn_state":"S0","local_orig":null,"missed_bytes":0,"history":"D","orig_pkts":2,"orig_ip_bytes":416,"resp_pkts":0,"resp_ip_bytes":0,"tunnel_parents":[]}
{"ts":"2009-11-19T07:01:40.361989888Z","uid":"ftkYyHU8GNk","id":{"orig_h":"192.168.1.1","orig_p":137,"resp_h":"192.168.1.104","resp_p":137},"proto":"udp","service":null,"duration":null,"orig_bytes":null,"resp_bytes":null,"conn_state":"S0","local_orig":null,"missed_bytes":0,"history":"D","orig_pkts":1,"orig_ip_bytes":90,"resp_pkts":0,"resp_ip_bytes":0,"tunnel_parents":[]}
{"ts":"2009-11-19T07:01:40.370968064Z","uid":"KIv49oLfLg4","id":{"orig_h":"192.168.1.1","orig_p":138,"resp_h":"192.168.1.104","resp_p":138},"proto":"udp","service":null,"duration":"2.248124s","orig_bytes":360,"resp_bytes":0,"conn_state":"S0","local_orig":null,"missed_bytes":0,"history":"D","orig_pkts":2,"orig_ip_bytes":416,"resp_pkts":0,"resp_ip_bytes":0,"tunnel_parents":[]}
{"ts":"2009-11-19T07:13:44.837991936Z","uid":"NYwE66vsMKh","id":{"orig_h":"192.168.1.1","orig_p":137,"resp_h":"192.168.1.104","resp_p":137},"proto":"udp","service":null,"duration":null,"orig_bytes":null,"resp_bytes":null,"conn_state":"S0","local_orig":null,"missed_bytes":0,"history":"D","orig_pkts":1,"orig_ip_bytes":90,"resp_pkts":0,"resp_ip_bytes":0,"tunnel_parents":[]}
{"ts":"2009-11-19T07:13:44.846204160Z","uid":"eWMDdEpe8Oj","id":{"orig_h":"192.168.1.1","orig_p":138,"resp_h":"192.168.1.104","resp_p":138},"proto":"udp","service":null,"duration":"2.248644s","orig_bytes":360,"resp_bytes":0,"conn_state":"S0","local_orig":null,"missed_bytes":0,"history":"D","orig_pkts":2,"orig_ip_bytes":416,"resp_pkts":0,"resp_ip_bytes":0,"tunnel_parents":[]}
{"ts":"2009-11-19T07:25:49.313731072Z","uid":"8xDN36Tw7U","id":{"orig_h":"192.168.1.1","orig_p":137,"resp_h":"192.168.1.104","resp_p":137},"proto":"udp","service":null,"duration":null,"orig_bytes":null,"resp_bytes":null,"conn_state":"S0","local_orig":null,"missed_bytes":0,"history":"D","orig_pkts":1,"orig_ip_bytes":90,"resp_pkts":0,"resp_ip_bytes":0,"tunnel_parents":[]}
{"ts":"2009-11-19T07:25:49.322253824Z","uid":"56rzAoq3zih","id":{"orig_h":"192.168.1.1","orig_p":138,"resp_h":"192.168.1.104","resp_p":138},"proto":"udp","service":null,"duration":"2.248331s","orig_bytes":360,"resp_bytes":0,"conn_state":"S0","local_orig":null,"missed_bytes":0,"history":"D","orig_pkts":2,"orig_ip_bytes":416,"resp_pkts":0,"resp_ip_bytes":0,"tunnel_parents":[]}
{"ts":"2009-11-19T07:37:53.790254080Z","uid":"HdwJj9cZWif","id":{"orig_h":"192.168.1.1","orig_p":137,"resp_h":"192.168.1.104","resp_p":137},"proto":"udp","service":null,"duration":null,"orig_bytes":null,"resp_bytes":null,"conn_state":"S0","local_orig":null,"missed_bytes":0,"history":"D","orig_pkts":1,"orig_ip_bytes":90,"resp_pkts":0,"resp_ip_bytes":0,"tunnel_parents":[]}
{"ts":"2009-11-19T07:37:53.814762240Z","uid":"YX3fYm9LWja","id":{"orig_h":"192.168.1.1","orig_p":138,"resp_h":"192.168.1.104","resp_p":138},"proto":"udp","service":null,"duration":"2.247573s","orig_bytes":360,"resp_bytes":0,"conn_state":"S0","local_orig":null,"missed_bytes":0,"history":"D","orig_pkts":2,"orig_ip_bytes":416,"resp_pkts":0,"resp_ip_bytes":0,"tunnel_parents":[]}
{"ts":"2009-11-19T07:49:58.281722112Z","uid":"FRUlsrz3xCj","id":{"orig_h":"192.168.1.1","orig_p":137,"resp_h":"192.168.1.104","resp_p":137},"proto":"udp","service":null,"duration":null,"orig_bytes":null,"resp_bytes":null,"conn_state":"S0","local_orig":null,"missed_bytes":0,"history":"D","orig_pkts":1,"orig_ip_bytes":90,"resp_pkts":0,"resp_ip_bytes":0,"tunnel_parents":[]}
{"ts":"2009-11-19T07:49:58.289946112Z","uid":"gor81hJ2bBh","id":{"orig_h":"192.168.1.1","orig_p":138,"resp_h":"192.168.1.104","resp_p":138},"proto":"udp","service":null,"duration":"2.248864s","orig_bytes":360,"resp_bytes":0,"conn_state":"S0","local_orig":null,"missed_bytes":0,"history":"D","orig_pkts":2,"orig_ip_bytes":416,"resp_pkts":0,"resp_ip_bytes":0,"tunnel_parents":[]}