{
  "ts": "2009-11-18T16:59:33.941668",
  "uid": "QqEBsEl5zOf",
  "id": {
    "orig_h": "192.168.1.103",
    "orig_p": 1397,
    "resp_h": "192.168.1.1",
    "resp_p": 25
  },
  "proto": "tcp",
  "service": "smtp",
  "duration": "2.65s",
  "orig_bytes": 2943,
  "resp_bytes": 1440,
  "conn_state": "SF",
  "local_orig": null,
  "local_resp": null,
  "missed_bytes": 0,
  "history": "ShAdDafF",
  "orig_pkts": 19,
  "orig_ip_bytes": 3711,
  "resp_pkts": 30,
  "resp_ip_bytes": 2648,
  "tunnel_parents": [],
  "community_id": null,
  "_write_ts": null
}
{
  "ts": "2009-11-18T17:23:50.304653",
  "uid": "E8oxyJ4sSf4",
  "id": {
    "orig_h": "192.168.1.103",
    "orig_p": 1749,
    "resp_h": "192.168.1.1",
    "resp_p": 25
  },
  "proto": "tcp",
  "service": "smtp",
  "duration": "115.93ms",
  "orig_bytes": 5679,
  "resp_bytes": 1405,
  "conn_state": "SF",
  "local_orig": null,
  "local_resp": null,
  "missed_bytes": 0,
  "history": "ShAdDafF",
  "orig_pkts": 19,
  "orig_ip_bytes": 6447,
  "resp_pkts": 30,
  "resp_ip_bytes": 2613,
  "tunnel_parents": [],
  "community_id": null,
  "_write_ts": null
}
{
  "ts": "2009-11-18T17:26:14.919133",
  "uid": "tkT6ftxDPmg",
  "id": {
    "orig_h": "192.168.1.103",
    "orig_p": 1755,
    "resp_h": "192.168.1.1",
    "resp_p": 25
  },
  "proto": "tcp",
  "service": "smtp",
  "duration": "118.43ms",
  "orig_bytes": 2357,
  "resp_bytes": 1405,
  "conn_state": "SF",
  "local_orig": null,
  "local_resp": null,
  "missed_bytes": 0,
  "history": "ShAdDafF",
  "orig_pkts": 17,
  "orig_ip_bytes": 3045,
  "resp_pkts": 28,
  "resp_ip_bytes": 2533,
  "tunnel_parents": [],
  "community_id": null,
  "_write_ts": null
}
{
  "ts": "2009-11-18T17:37:00.302089",
  "uid": "PK1psr2Dg68",
  "id": {
    "orig_h": "192.168.1.105",
    "orig_p": 49218,
    "resp_h": "192.168.1.1",
    "resp_p": 25
  },
  "proto": "tcp",
  "service": "smtp",
  "duration": "1.6s",
  "orig_bytes": 4899,
  "resp_bytes": 1519,
  "conn_state": "SF",
  "local_orig": null,
  "local_resp": null,
  "missed_bytes": 0,
  "history": "ShAadDfF",
  "orig_pkts": 18,
  "orig_ip_bytes": 5631,
  "resp_pkts": 29,
  "resp_ip_bytes": 2691,
  "tunnel_parents": [],
  "community_id": null,
  "_write_ts": null
}
{
  "ts": "2009-11-18T17:38:00.189256",
  "uid": "U6EoRx2yUyl",
  "id": {
    "orig_h": "192.168.1.105",
    "orig_p": 49219,
    "resp_h": "192.168.1.1",
    "resp_p": 25
  },
  "proto": "tcp",
  "service": "smtp",
  "duration": "22.98ms",
  "orig_bytes": 4429,
  "resp_bytes": 799,
  "conn_state": "SF",
  "local_orig": null,
  "local_resp": null,
  "missed_bytes": 0,
  "history": "ShAadDfF",
  "orig_pkts": 18,
  "orig_ip_bytes": 5161,
  "resp_pkts": 30,
  "resp_ip_bytes": 2011,
  "tunnel_parents": [],
  "community_id": null,
  "_write_ts": null
}
{
  "ts": "2009-11-18T17:40:50.124592",
  "uid": "3cN64Zhy0Cf",
  "id": {
    "orig_h": "192.168.1.105",
    "orig_p": 49220,
    "resp_h": "192.168.1.1",
    "resp_p": 25
  },
  "proto": "tcp",
  "service": "smtp",
  "duration": "114.18ms",
  "orig_bytes": 2750,
  "resp_bytes": 1466,
  "conn_state": "SF",
  "local_orig": null,
  "local_resp": null,
  "missed_bytes": 0,
  "history": "ShAadDfF",
  "orig_pkts": 16,
  "orig_ip_bytes": 3402,
  "resp_pkts": 27,
  "resp_ip_bytes": 2558,
  "tunnel_parents": [],
  "community_id": null,
  "_write_ts": null
}
{
  "ts": "2009-11-18T17:42:03.706407",
  "uid": "zkdnQLD4rx7",
  "id": {
    "orig_h": "192.168.1.103",
    "orig_p": 1806,
    "resp_h": "192.168.1.1",
    "resp_p": 25
  },
  "proto": "tcp",
  "service": "smtp",
  "duration": "33.24ms",
  "orig_bytes": 4371,
  "resp_bytes": 1370,
  "conn_state": "SF",
  "local_orig": null,
  "local_resp": null,
  "missed_bytes": 0,
  "history": "ShAdDafF",
  "orig_pkts": 17,
  "orig_ip_bytes": 5059,
  "resp_pkts": 28,
  "resp_ip_bytes": 2498,
  "tunnel_parents": [],
  "community_id": null,
  "_write_ts": null
}
{
  "ts": "2009-11-18T17:58:29.383510",
  "uid": "6uaqOCphs9g",
  "id": {
    "orig_h": "192.168.1.102",
    "orig_p": 1400,
    "resp_h": "192.168.1.1",
    "resp_p": 25
  },
  "proto": "tcp",
  "service": "smtp",
  "duration": "4.19s",
  "orig_bytes": 1522,
  "resp_bytes": 1370,
  "conn_state": "SF",
  "local_orig": null,
  "local_resp": null,
  "missed_bytes": 0,
  "history": "ShAdDafF",
  "orig_pkts": 16,
  "orig_ip_bytes": 2170,
  "resp_pkts": 26,
  "resp_ip_bytes": 2418,
  "tunnel_parents": [],
  "community_id": null,
  "_write_ts": null
}
{
  "ts": "2009-11-18T18:00:48.261595",
  "uid": "oAiWgG5cMng",
  "id": {
    "orig_h": "192.168.1.102",
    "orig_p": 1404,
    "resp_h": "192.168.1.1",
    "resp_p": 25
  },
  "proto": "tcp",
  "service": "smtp",
  "duration": "113.17ms",
  "orig_bytes": 5247,
  "resp_bytes": 1370,
  "conn_state": "SF",
  "local_orig": null,
  "local_resp": null,
  "missed_bytes": 0,
  "history": "ShAdDafF",
  "orig_pkts": 18,
  "orig_ip_bytes": 5975,
  "resp_pkts": 28,
  "resp_ip_bytes": 2498,
  "tunnel_parents": [],
  "community_id": null,
  "_write_ts": null
}
{
  "ts": "2009-11-18T18:01:29.262108",
  "uid": "GxYIFhoLgza",
  "id": {
    "orig_h": "192.168.1.102",
    "orig_p": 1405,
    "resp_h": "192.168.1.1",
    "resp_p": 25
  },
  "proto": "tcp",
  "service": "smtp",
  "duration": "21.48ms",
  "orig_bytes": 5796,
  "resp_bytes": 632,
  "conn_state": "SF",
  "local_orig": null,
  "local_resp": null,
  "missed_bytes": 0,
  "history": "ShAdDafF",
  "orig_pkts": 19,
  "orig_ip_bytes": 6564,
  "resp_pkts": 28,
  "resp_ip_bytes": 1760,
  "tunnel_parents": [],
  "community_id": null,
  "_write_ts": null
}
{
  "ts": "2009-11-18T18:09:17.457758",
  "uid": "3c03Zu0ccbh",
  "id": {
    "orig_h": "192.168.1.105",
    "orig_p": 49336,
    "resp_h": "192.168.1.1",
    "resp_p": 25
  },
  "proto": "tcp",
  "service": "smtp",
  "duration": "115.17ms",
  "orig_bytes": 2430,
  "resp_bytes": 1466,
  "conn_state": "SF",
  "local_orig": null,
  "local_resp": null,
  "missed_bytes": 0,
  "history": "ShAadDfF",
  "orig_pkts": 16,
  "orig_ip_bytes": 3082,
  "resp_pkts": 27,
  "resp_ip_bytes": 2558,
  "tunnel_parents": [],
  "community_id": null,
  "_write_ts": null
}
{
  "ts": "2009-11-18T18:13:56.508357",
  "uid": "lhnlnKqXCxf",
  "id": {
    "orig_h": "192.168.1.105",
    "orig_p": 49353,
    "resp_h": "192.168.1.1",
    "resp_p": 25
  },
  "proto": "tcp",
  "service": "smtp",
  "duration": "111.93ms",
  "orig_bytes": 2462,
  "resp_bytes": 1466,
  "conn_state": "SF",
  "local_orig": null,
  "local_resp": null,
  "missed_bytes": 0,
  "history": "ShAadDfF",
  "orig_pkts": 16,
  "orig_ip_bytes": 3114,
  "resp_pkts": 27,
  "resp_ip_bytes": 2558,
  "tunnel_parents": [],
  "community_id": null,
  "_write_ts": null
}
{
  "ts": "2009-11-18T18:14:19.128662",
  "uid": "ufFpSyrwjwd",
  "id": {
    "orig_h": "192.168.1.103",
    "orig_p": 1836,
    "resp_h": "192.168.1.1",
    "resp_p": 25
  },
  "proto": "tcp",
  "service": "smtp",
  "duration": "31.99ms",
  "orig_bytes": 3372,
  "resp_bytes": 1370,
  "conn_state": "SF",
  "local_orig": null,
  "local_resp": null,
  "missed_bytes": 0,
  "history": "ShAdDafF",
  "orig_pkts": 16,
  "orig_ip_bytes": 4020,
  "resp_pkts": 26,
  "resp_ip_bytes": 2418,
  "tunnel_parents": [],
  "community_id": null,
  "_write_ts": null
}
{
  "ts": "2009-11-18T18:24:27.549041",
  "uid": "mpHi6R9SU9i",
  "id": {
    "orig_h": "192.168.1.102",
    "orig_p": 1709,
    "resp_h": "192.168.1.1",
    "resp_p": 25
  },
  "proto": "tcp",
  "service": "smtp",
  "duration": "113.92ms",
  "orig_bytes": 2374,
  "resp_bytes": 1370,
  "conn_state": "SF",
  "local_orig": null,
  "local_resp": null,
  "missed_bytes": 0,
  "history": "ShAdDafF",
  "orig_pkts": 16,
  "orig_ip_bytes": 3022,
  "resp_pkts": 26,
  "resp_ip_bytes": 2418,
  "tunnel_parents": [],
  "community_id": null,
  "_write_ts": null
}
{
  "ts": "2009-11-18T18:25:38.108254",
  "uid": "Rdz0JuTWH7h",
  "id": {
    "orig_h": "192.168.1.105",
    "orig_p": 49561,
    "resp_h": "192.168.1.1",
    "resp_p": 25
  },
  "proto": "tcp",
  "service": "smtp",
  "duration": "32.98ms",
  "orig_bytes": 4334,
  "resp_bytes": 1466,
  "conn_state": "SF",
  "local_orig": null,
  "local_resp": null,
  "missed_bytes": 0,
  "history": "ShAadDfF",
  "orig_pkts": 17,
  "orig_ip_bytes": 5026,
  "resp_pkts": 28,
  "resp_ip_bytes": 2598,
  "tunnel_parents": [],
  "community_id": null,
  "_write_ts": null
}
{
  "ts": "2009-11-18T19:55:41.027461",
  "uid": "K1ETvrXVgr",
  "id": {
    "orig_h": "192.168.1.104",
    "orig_p": 1572,
    "resp_h": "192.168.1.1",
    "resp_p": 25
  },
  "proto": "tcp",
  "service": "smtp",
  "duration": "438.74ms",
  "orig_bytes": 1021,
  "resp_bytes": 308,
  "conn_state": "SF",
  "local_orig": null,
  "local_resp": null,
  "missed_bytes": 0,
  "history": "ShAdDafF",
  "orig_pkts": 10,
  "orig_ip_bytes": 1429,
  "resp_pkts": 17,
  "resp_ip_bytes": 996,
  "tunnel_parents": [],
  "community_id": null,
  "_write_ts": null
}
{
  "ts": "2009-11-18T20:51:24.692600",
  "uid": "4JRIv0bBLY5",
  "id": {
    "orig_h": "192.168.1.104",
    "orig_p": 1604,
    "resp_h": "192.168.1.1",
    "resp_p": 25
  },
  "proto": "tcp",
  "service": "smtp",
  "duration": "279.07ms",
  "orig_bytes": 761,
  "resp_bytes": 308,
  "conn_state": "SF",
  "local_orig": null,
  "local_resp": null,
  "missed_bytes": 0,
  "history": "ShAdDafF",
  "orig_pkts": 10,
  "orig_ip_bytes": 1169,
  "resp_pkts": 17,
  "resp_ip_bytes": 996,
  "tunnel_parents": [],
  "community_id": null,
  "_write_ts": null
}
{
  "ts": "2009-11-18T20:57:20.949762",
  "uid": "iZiq8ubpoz5",
  "id": {
    "orig_h": "192.168.1.104",
    "orig_p": 1665,
    "resp_h": "192.168.1.1",
    "resp_p": 25
  },
  "proto": "tcp",
  "service": "smtp",
  "duration": "254.84ms",
  "orig_bytes": 574,
  "resp_bytes": 308,
  "conn_state": "SF",
  "local_orig": null,
  "local_resp": null,
  "missed_bytes": 0,
  "history": "ShAdDafF",
  "orig_pkts": 10,
  "orig_ip_bytes": 982,
  "resp_pkts": 17,
  "resp_ip_bytes": 996,
  "tunnel_parents": [],
  "community_id": null,
  "_write_ts": null
}
{
  "ts": "2009-11-18T22:02:37.587842",
  "uid": "9ZNqUeBHGZg",
  "id": {
    "orig_h": "192.168.1.103",
    "orig_p": 1934,
    "resp_h": "192.168.1.1",
    "resp_p": 25
  },
  "proto": "tcp",
  "service": "smtp",
  "duration": "770.76ms",
  "orig_bytes": 5732,
  "resp_bytes": 1370,
  "conn_state": "SF",
  "local_orig": null,
  "local_resp": null,
  "missed_bytes": 0,
  "history": "ShAdDafF",
  "orig_pkts": 18,
  "orig_ip_bytes": 6460,
  "resp_pkts": 27,
  "resp_ip_bytes": 2458,
  "tunnel_parents": [],
  "community_id": null,
  "_write_ts": null
}
{
  "ts": "2009-11-18T22:08:27.588229",
  "uid": "PbX5YfEjOJg",
  "id": {
    "orig_h": "192.168.1.103",
    "orig_p": 2008,
    "resp_h": "192.168.1.1",
    "resp_p": 25
  },
  "proto": "tcp",
  "service": "smtp",
  "duration": "1.23s",
  "orig_bytes": 3460,
  "resp_bytes": 1370,
  "conn_state": "SF",
  "local_orig": null,
  "local_resp": null,
  "missed_bytes": 0,
  "history": "ShAdDafF",
  "orig_pkts": 17,
  "orig_ip_bytes": 4148,
  "resp_pkts": 26,
  "resp_ip_bytes": 2418,
  "tunnel_parents": [],
  "community_id": null,
  "_write_ts": null
}
{
  "ts": "2009-11-18T22:33:34.298059",
  "uid": "IcCYHXxqpC5",
  "id": {
    "orig_h": "192.168.1.102",
    "orig_p": 1911,
    "resp_h": "192.168.1.1",
    "resp_p": 25
  },
  "proto": "tcp",
  "service": "smtp",
  "duration": "1.03s",
  "orig_bytes": 7079,
  "resp_bytes": 1370,
  "conn_state": "SF",
  "local_orig": null,
  "local_resp": null,
  "missed_bytes": 0,
  "history": "ShAdDafF",
  "orig_pkts": 20,
  "orig_ip_bytes": 7887,
  "resp_pkts": 29,
  "resp_ip_bytes": 2538,
  "tunnel_parents": [],
  "community_id": null,
  "_write_ts": null
}