{"StartTime": "2009-11-18T14:10:06.325428", "Flgs": " e        ", "Proto": "udp", "SrcAddr": "192.168.1.102", "Sport": 138, "Dir": "   ->", "DstAddr": "192.168.1.255", "Dport": 138, "TotPkts": 2, "TotBytes": 440, "State": "REQ", "Dur": "2.25s", "Cause": "Status"}
{"StartTime": "2009-11-18T14:21:57.032359", "Flgs": " e        ", "Proto": "udp", "SrcAddr": "192.168.1.103", "Sport": 138, "Dir": "   ->", "DstAddr": "192.168.1.255", "Dport": 138, "TotPkts": 2, "TotBytes": 440, "State": "REQ", "Dur": "2.26s", "Cause": "Status"}
{"StartTime": "2009-11-18T14:22:10.787965", "Flgs": " e        ", "Proto": "udp", "SrcAddr": "192.168.1.102", "Sport": 138, "Dir": "   ->", "DstAddr": "192.168.1.255", "Dport": 138, "TotPkts": 2, "TotBytes": 440, "State": "REQ", "Dur": "2.25s", "Cause": "Status"}
{"StartTime": "2009-11-18T14:24:00.415620", "Flgs": " e        ", "Proto": "udp", "SrcAddr": "192.168.1.104", "Sport": 138, "Dir": "   ->", "DstAddr": "192.168.1.255", "Dport": 138, "TotPkts": 2, "TotBytes": 440, "State": "REQ", "Dur": "2.25s", "Cause": "Status"}
{"StartTime": "2009-11-18T14:34:01.526363", "Flgs": " e        ", "Proto": "udp", "SrcAddr": "192.168.1.103", "Sport": 138, "Dir": "   ->", "DstAddr": "192.168.1.255", "Dport": 138, "TotPkts": 2, "TotBytes": 440, "State": "REQ", "Dur": "2.25s", "Cause": "Status"}
{"StartTime": "2009-11-18T17:21:21.234561", "Flgs": " e        ", "Proto": "udp", "SrcAddr": "192.168.1.105", "Sport": 62207, "Dir": "   ->", "DstAddr": "239.255.255.250", "Dport": 1900, "TotPkts": 5, "TotBytes": 895, "State": "REQ", "Dur": "3.13s", "Cause": "Status"}
{"StartTime": "2009-11-18T17:21:24.430547", "Flgs": " e        ", "Proto": "udp", "SrcAddr": "192.168.1.105", "Sport": 137, "Dir": "   ->", "DstAddr": "192.168.1.255", "Dport": 137, "TotPkts": 8, "TotBytes": 912, "State": "REQ", "Dur": "4.5s", "Cause": "Status"}
{"StartTime": "2009-11-18T17:21:26.488513", "Flgs": " e        ", "Proto": "udp", "SrcAddr": "192.168.1.105", "Sport": 62207, "Dir": "   ->", "DstAddr": "239.255.255.250", "Dport": 1900, "TotPkts": 2, "TotBytes": 358, "State": "REQ", "Dur": "3.0s", "Cause": "Status"}
{"StartTime": "2009-11-18T17:21:29.680254", "Flgs": " e        ", "Proto": "udp", "SrcAddr": "192.168.1.105", "Sport": 137, "Dir": "   ->", "DstAddr": "192.168.1.255", "Dport": 137, "TotPkts": 9, "TotBytes": 972, "State": "REQ", "Dur": "1.92s", "Cause": "Status"}
{"StartTime": "2009-11-18T17:21:34.807035", "Flgs": " e        ", "Proto": "ipv6-icmp", "SrcAddr": "fe80::2c23:b96c:78d:e116", "Sport": 143, "Dir": "   ->", "DstAddr": "ff02::16", "Dport": 0, "TotPkts": 6, "TotBytes": 564, "State": "MHR", "Dur": "4.0s", "Cause": "Status"}
{"StartTime": "2009-11-18T17:21:38.774296", "Flgs": " e        ", "Proto": "udp", "SrcAddr": "192.168.1.105", "Sport": 137, "Dir": "   ->", "DstAddr": "192.168.1.255", "Dport": 137, "TotPkts": 7, "TotBytes": 672, "State": "REQ", "Dur": "4.53s", "Cause": "Status"}
{"StartTime": "2009-11-18T17:21:44.054479", "Flgs": " e        ", "Proto": "udp", "SrcAddr": "192.168.1.105", "Sport": 137, "Dir": "   ->", "DstAddr": "192.168.1.255", "Dport": 137, "TotPkts": 7, "TotBytes": 672, "State": "REQ", "Dur": "4.5s", "Cause": "Status"}
{"StartTime": "2009-11-18T17:21:48.952413", "Flgs": " e        ", "Proto": "udp", "SrcAddr": "192.168.1.105", "Sport": 62207, "Dir": "   ->", "DstAddr": "239.255.255.250", "Dport": 1900, "TotPkts": 2, "TotBytes": 358, "State": "REQ", "Dur": "3.03s", "Cause": "Status"}
{"StartTime": "2009-11-18T17:21:49.304191", "Flgs": " e        ", "Proto": "udp", "SrcAddr": "192.168.1.105", "Sport": 137, "Dir": "   ->", "DstAddr": "192.168.1.255", "Dport": 137, "TotPkts": 6, "TotBytes": 576, "State": "REQ", "Dur": "4.7s", "Cause": "Status"}
{"StartTime": "2009-11-18T17:21:54.757017", "Flgs": " e        ", "Proto": "udp", "SrcAddr": "192.168.1.105", "Sport": 137, "Dir": "   ->", "DstAddr": "192.168.1.255", "Dport": 137, "TotPkts": 7, "TotBytes": 672, "State": "REQ", "Dur": "4.48s", "Cause": "Status"}
{"StartTime": "2009-11-18T17:21:54.975879", "Flgs": " e        ", "Proto": "udp", "SrcAddr": "192.168.1.105", "Sport": 62207, "Dir": "   ->", "DstAddr": "239.255.255.250", "Dport": 1900, "TotPkts": 2, "TotBytes": 358, "State": "REQ", "Dur": "3.01s", "Cause": "Status"}
{"StartTime": "2009-11-18T17:22:00.176865", "Flgs": " e        ", "Proto": "udp", "SrcAddr": "192.168.1.105", "Sport": 137, "Dir": "   ->", "DstAddr": "192.168.1.255", "Dport": 137, "TotPkts": 7, "TotBytes": 672, "State": "REQ", "Dur": "4.81s", "Cause": "Status"}
{"StartTime": "2009-11-18T17:22:00.978360", "Flgs": " e        ", "Proto": "udp", "SrcAddr": "192.168.1.105", "Sport": 62207, "Dir": "   ->", "DstAddr": "239.255.255.250", "Dport": 1900, "TotPkts": 2, "TotBytes": 358, "State": "REQ", "Dur": "2.98s", "Cause": "Status"}