{"x":1,"y":-1,"z":1}
{"x":2,"y":-2,"z":2}
{"z":null}
{"x":4,"y":-4,"z":4}
{"x":"5","y":-5,"z":"5"}
{"y":-6,"z":-6}
warning: field `x` not found
 --> <input>:1:17
  |
1 | read_json | z = x.otherwise(y)
  |                 ~ 
  |
  = hint: append `?` to suppress this warning

warning: field `y` not found
 --> <input>:1:29
  |
1 | read_json | z = x.otherwise(y)
  |                             ~ 
  |
  = hint: append `?` to suppress this warning