{"timestamp":null,"flow_id":null,"pcap_cnt":null,"vlan":0,"in_iface":null,"src_ip":null,"src_port":null,"dest_ip":null,"dest_port":null,"proto":null,"event_type":"dns","app_proto":null,"app_proto_orig":null,"app_proto_tc":null,"app_proto_ts":null,"icmp_type":null,"icmp_code":null,"response_icmp_type":null,"response_icmp_code":null,"traffic":null,"community_id":null,"dns":{"version":null,"type":"answer","id":null,"flags":null,"qr":null,"rd":null,"ra":null,"aa":null,"tc":null,"rrname":null,"rrtype":null,"rcode":null,"ttl":null,"tx_id":null,"grouped":null,"answers":null}}
{"timestamp":null,"flow_id":null,"pcap_cnt":null,"vlan":null,"in_iface":null,"src_ip":null,"src_port":null,"dest_ip":null,"dest_port":null,"proto":null,"event_type":"dns","app_proto":null,"app_proto_orig":null,"app_proto_tc":null,"app_proto_ts":null,"icmp_type":null,"icmp_code":null,"response_icmp_type":null,"response_icmp_code":null,"traffic":null,"community_id":null,"dns":{"version":null,"type":"answer","id":null,"flags":null,"qr":null,"rd":null,"ra":null,"aa":null,"tc":null,"rrname":null,"rrtype":null,"rcode":null,"ttl":null,"tx_id":null,"grouped":null,"answers":null}}