[
  assignment {
    left: simple_selector {
      expr: root_field `a` @ 0..1,
      has_this: false,
      path: [
        `a` @ 0..1
      ]
    },
    equals: 2..3,
    right: function_call {
      fn: {
        path: [
          `b` @ 4..5
        ],
        ref: unresolved
      },
      args: [
        
      ],
      rpar: 6..7,
      method: false
    }
  },
  assignment {
    left: simple_selector {
      expr: root_field `a` @ 8..9,
      has_this: false,
      path: [
        `a` @ 8..9
      ]
    },
    equals: 10..11,
    right: function_call {
      fn: {
        path: [
          `b` @ 12..13
        ],
        ref: unresolved
      },
      args: [
        root_field `c` @ 14..15
      ],
      rpar: 15..16,
      method: false
    }
  },
  assignment {
    left: simple_selector {
      expr: root_field `a` @ 17..18,
      has_this: false,
      path: [
        `a` @ 17..18
      ]
    },
    equals: 19..20,
    right: function_call {
      fn: {
        path: [
          `b` @ 21..22
        ],
        ref: unresolved
      },
      args: [
        assignment {
          left: simple_selector {
            expr: root_field `c` @ 23..24,
            has_this: false,
            path: [
              `c` @ 23..24
            ]
          },
          equals: 24..25,
          right: root_field `d` @ 25..26
        }
      ],
      rpar: 26..27,
      method: false
    }
  },
  assignment {
    left: simple_selector {
      expr: root_field `a` @ 28..29,
      has_this: false,
      path: [
        `a` @ 28..29
      ]
    },
    equals: 30..31,
    right: function_call {
      fn: {
        path: [
          `b` @ 32..33
        ],
        ref: unresolved
      },
      args: [
        root_field `c` @ 34..35,
        assignment {
          left: simple_selector {
            expr: root_field `d` @ 37..38,
            has_this: false,
            path: [
              `d` @ 37..38
            ]
          },
          equals: 38..39,
          right: root_field `e` @ 39..40
        }
      ],
      rpar: 40..41,
      method: false
    }
  },
  assignment {
    left: simple_selector {
      expr: root_field `a` @ 42..43,
      has_this: false,
      path: [
        `a` @ 42..43
      ]
    },
    equals: 44..45,
    right: function_call {
      fn: {
        path: [
          `b` @ 46..47
        ],
        ref: unresolved
      },
      args: [
        assignment {
          left: simple_selector {
            expr: root_field `c` @ 48..49,
            has_this: false,
            path: [
              `c` @ 48..49
            ]
          },
          equals: 49..50,
          right: root_field `d` @ 50..51
        },
        root_field `e` @ 53..54,
        assignment {
          left: simple_selector {
            expr: root_field `g` @ 56..57,
            has_this: false,
            path: [
              `g` @ 56..57
            ]
          },
          equals: 57..58,
          right: root_field `h` @ 58..59
        },
        root_field `i` @ 61..62
      ],
      rpar: 63..64,
      method: false
    }
  },
  invocation {
    op: {
      path: [
        `foo` @ 65..68
      ],
      ref: unresolved
    },
    args: [
      function_call {
        fn: {
          path: [
            `b` @ 71..72
          ],
          ref: unresolved
        },
        args: [
          root_field `a` @ 69..70
        ],
        rpar: 73..74,
        method: true
      }
    ]
  },
  invocation {
    op: {
      path: [
        `foo` @ 75..78
      ],
      ref: unresolved
    },
    args: [
      function_call {
        fn: {
          path: [
            `b` @ 81..82
          ],
          ref: unresolved
        },
        args: [
          root_field `a` @ 79..80,
          root_field `c` @ 83..84
        ],
        rpar: 84..85,
        method: true
      }
    ]
  },
  invocation {
    op: {
      path: [
        `foo` @ 86..89
      ],
      ref: unresolved
    },
    args: [
      function_call {
        fn: {
          path: [
            `b` @ 92..93
          ],
          ref: unresolved
        },
        args: [
          root_field `a` @ 90..91,
          assignment {
            left: simple_selector {
              expr: root_field `c` @ 94..95,
              has_this: false,
              path: [
                `c` @ 94..95
              ]
            },
            equals: 95..96,
            right: root_field `d` @ 96..97
          }
        ],
        rpar: 97..98,
        method: true
      }
    ]
  },
  invocation {
    op: {
      path: [
        `foo` @ 99..102
      ],
      ref: unresolved
    },
    args: [
      function_call {
        fn: {
          path: [
            `b` @ 105..106
          ],
          ref: unresolved
        },
        args: [
          root_field `a` @ 103..104,
          root_field `c` @ 107..108,
          assignment {
            left: simple_selector {
              expr: root_field `d` @ 110..111,
              has_this: false,
              path: [
                `d` @ 110..111
              ]
            },
            equals: 111..112,
            right: root_field `e` @ 112..113
          }
        ],
        rpar: 113..114,
        method: true
      }
    ]
  },
  invocation {
    op: {
      path: [
        `foo` @ 115..118
      ],
      ref: unresolved
    },
    args: [
      function_call {
        fn: {
          path: [
            `b` @ 121..122
          ],
          ref: unresolved
        },
        args: [
          root_field `a` @ 119..120,
          assignment {
            left: simple_selector {
              expr: root_field `c` @ 123..124,
              has_this: false,
              path: [
                `c` @ 123..124
              ]
            },
            equals: 124..125,
            right: root_field `d` @ 125..126
          },
          root_field `e` @ 128..129,
          assignment {
            left: simple_selector {
              expr: root_field `g` @ 131..132,
              has_this: false,
              path: [
                `g` @ 131..132
              ]
            },
            equals: 132..133,
            right: root_field `h` @ 133..134
          },
          root_field `i` @ 136..137
        ],
        rpar: 138..139,
        method: true
      }
    ]
  }
]