{
  "x0": 3,
  "x1": 3,
  "x2": 3,
  "x3": 3,
  "x4": null,
  "x5": 18446744073709551615,
  "x6": null,
  "x7": 3.0,
  "x8": 3.0,
  "x9": 3.0,
  "x10": "ab",
  "x11": null,
  "x12": null,
  "x13": null,
  "x14": null
}
warning: integer overflow
 --> /dev/stdin:7:6
  |
7 | x4 = 9223372036854775807 + 1
  |      ~~~~~~~~~~~~~~~~~~~~~~~ 
  |
warning: integer overflow
 --> /dev/stdin:9:6
  |
9 | x6 = x5 + 1
  |      ~~~~~~ 
  |
warning: binary operator `add` not implemented for `string` and `int64`
  --> /dev/stdin:14:7
   |
14 | x11 = "a" + 123
   |       ~~~~~~~~~ 
   |
warning: integer overflow
  --> /dev/stdin:16:7
   |
16 | x12 = int("-9223372036854775808") + -1
   |       ~~~~~~~~~~~~~~~~~~~~~~~~~~~~~~~~ 
   |
warning: binary operator `add` not implemented for `null` and `int64`
  --> /dev/stdin:17:7
   |
17 | x13 = null + 1
   |       ~~~~~~~~ 
   |