{
  "cef_version": 0,
  "device_vendor": "FORCEPOINT",
  "device_product": "Firewall",
  "device_version": "6.6.1",
  "signature_id": "70018",
  "name": "Connection_Allowed",
  "severity": "0",
  "extension": {
    "deviceExternalId": "Master FW node 1",
    "dvc": "10.1.1.40",
    "dvchost": "10.1.1.40",
    "msg": "Referred connection: 10.1.1.40 -> 10.37.133.35 frag=0x4000 TCP 47413->3020",
    "deviceFacility": "Packet Filtering",
    "rt": "Jan 17 2020 08:52:09",
    "src": "10.37.205.252",
    "dst": "10.1.1.40",
    "proto": 1,
    "deviceOutboundInterface": 255,
    "act": "Allow",
    "app": "Dest. Unreachable (Host Unreachable)",
    "cs1Label": "RuleID",
    "cs1": 2097157.1
  }
}
{
  "cef_version": 0,
  "device_vendor": "FORCEPOINT",
  "device_product": "Firewall",
  "device_version": "unknown",
  "signature_id": "70019",
  "name": "Connection_Discarded",
  "severity": "0",
  "extension": {
    "deviceExternalId": "Firewall-10 node 1",
    "dvc": "10.1.1.10",
    "dvchost": "10.1.1.10",
    "deviceFacility": "Packet Filtering",
    "rt": "Jan 17 2020 08:56:21",
    "src": "172.16.1.1",
    "dst": "255.255.255.255",
    "proto": 17,
    "deviceOutboundInterface": 255,
    "app": "BOOTPS (UDP)",
    "cs1Label": "RuleID",
    "cs1": 605.0,
    "spt": 68,
    "dpt": 67
  }
}
{
  "cef_version": 0,
  "device_vendor": "FORCEPOINT",
  "device_product": "Firewall",
  "device_version": "unknown",
  "signature_id": "70020",
  "name": "Connection_Refused",
  "severity": "0",
  "extension": {
    "deviceExternalId": "Firewall-1 node 1",
    "dvc": "10.1.1.1",
    "dvchost": "10.1.1.1",
    "deviceFacility": "Packet Filtering",
    "rt": "Jan 17 2020 08:56:23",
    "src": "172.16.1.1",
    "dst": "192.168.1.1",
    "proto": 1,
    "deviceOutboundInterface": 255,
    "act": "Refuse",
    "app": "Echo Request (No Code)",
    "cs1Label": "RuleID",
    "cs1": 601.0
  }
}
{
  "cef_version": 0,
  "device_vendor": "FORCEPOINT",
  "device_product": "Firewall",
  "device_version": "unknown",
  "signature_id": "70021",
  "name": "Connection_Closed",
  "severity": "0",
  "extension": {
    "deviceExternalId": "Firewall-6 node 1",
    "dvc": "10.1.1.6",
    "dvchost": "10.1.1.6",
    "deviceFacility": "Packet Filtering",
    "rt": "Jan 17 2020 08:56:20",
    "proto": 6,
    "deviceOutboundInterface": 255,
    "app": "TCP",
    "destinationServiceName": "YouTube",
    "suser": "alice",
    "in": 32526,
    "out": 27366
  }
}
{
  "cef_version": 0,
  "device_vendor": "FORCEPOINT",
  "device_product": "Firewall",
  "device_version": "unknown",
  "signature_id": "72714",
  "name": "ECA_Metadata_login",
  "severity": "0",
  "extension": {
    "deviceExternalId": "Firewall-3 node 1",
    "dvc": "10.1.1.3",
    "dvchost": "10.1.1.3",
    "deviceFacility": "Endpoint Context Agent",
    "rt": "Jan 17 2020 08:56:33",
    "src": "192.168.1.1",
    "suser": "bob"
  }
}
{
  "cef_version": 0,
  "device_vendor": "FORCEPOINT",
  "device_product": "Firewall",
  "device_version": "unknown",
  "signature_id": "72715",
  "name": "ECA_Metadata_logout",
  "severity": "0",
  "extension": {
    "deviceExternalId": "Firewall-10 node 1",
    "dvc": "10.1.1.10",
    "dvchost": "10.1.1.10",
    "deviceFacility": "Endpoint Context Agent",
    "rt": "Jan 17 2020 08:56:31",
    "src": "192.168.1.1",
    "suser": "bob"
  }
}
{
  "cef_version": 0,
  "device_vendor": "FORCEPOINT",
  "device_product": "Firewall",
  "device_version": "unknown",
  "signature_id": "72716",
  "name": "ECA_Metadata_system_metadata_received",
  "severity": "0",
  "extension": {
    "deviceExternalId": "Firewall-8 node 1",
    "dvc": "10.1.1.8",
    "dvchost": "10.1.1.8",
    "deviceFacility": "Endpoint Context Agent",
    "rt": "Jan 17 2020 08:56:26",
    "src": "172.16.2.1",
    "suser": "alice"
  }
}