{
  "cef_version": 0,
  "device_vendor": "FORCEPOINT",
  "device_product": "Firewall",
  "device_version": "6.6.1",
  "signature_id": "0",
  "name": "Generic",
  "severity": "0",
  "extension": {
    "deviceExternalId": "Master FW node 1",
    "dvc": "10.1.1.40",
    "dvchost": "10.1.1.40",
    "msg": "log server connection established",
    "deviceFacility": "Logging System",
    "rt": "Jan 17 2020 08:52:10"
  }
}
{
  "cef_version": 0,
  "device_vendor": "FORCEPOINT",
  "device_product": "Firewall",
  "device_version": "6.6.1",
  "signature_id": "9005",
  "name": "FW_Communication-Communication-Error",
  "severity": "0",
  "extension": {
    "deviceExternalId": "Master FW node 1",
    "dvc": "10.1.1.40",
    "dvchost": "10.1.1.40",
    "msg": "Communication error: No route to host (-3, 5, 0)",
    "deviceFacility": "Management",
    "rt": "Jan 17 2020 08:52:09"
  }
}
{
  "cef_version": 0,
  "device_vendor": "FORCEPOINT",
  "device_product": "Firewall",
  "device_version": "6.6.1",
  "signature_id": "78002",
  "name": "TLS connection state",
  "severity": "0",
  "extension": {
    "deviceExternalId": "Master FW node 1",
    "dvc": "10.1.1.40",
    "dvchost": "10.1.1.40",
    "msg": "TLS: Couldn't establish TLS connection (11, N/A)",
    "deviceFacility": "Management",
    "rt": "Jan 17 2020 08:52:09"
  }
}