{"name":"yaml","version":"bundled","kind":"builtin","types":["parser","printer"],"dependencies":[]}
{"name":"yaml","version":"bundled","kind":"builtin","types":["parser","printer"],"dependencies":[]}
{"name":"yaml","version":"bundled","kind":"builtin","types":["parser","printer"],"dependencies":[]}
{"name":"yaml","version":"bundled","kind":"builtin","types":["parser","printer"],"dependencies":[]}
{"name":"yaml","version":"bundled","kind":"builtin","types":["parser","printer"],"dependencies":[]}
{"name":"yaml","version":"bundled","kind":"builtin","types":["parser","printer"],"dependencies":[]}
{"name":"yaml","version":"bundled","kind":"builtin","types":["parser","printer"],"dependencies":[]}
{"name":"yaml","version":"bundled","kind":"builtin","types":["parser","printer"],"dependencies":[]}
{"name":"yaml","version":"bundled","kind":"builtin","types":["parser","printer"],"dependencies":[]}
{"name":"yaml","version":"bundled","kind":"builtin","types":["parser","printer"],"dependencies":[]}