{"events": 256, "schema": "zeek.conn", "schema_id": "a98a7bd5120c4485"}
{"events": 256, "schema": "zeek.conn", "schema_id": "a98a7bd5120c4485"}
{"events": 256, "schema": "zeek.conn", "schema_id": "a98a7bd5120c4485"}
{"events": 256, "schema": "zeek.conn", "schema_id": "a98a7bd5120c4485"}
{"events": 256, "schema": "zeek.conn", "schema_id": "a98a7bd5120c4485"}
{"events": 256, "schema": "zeek.conn", "schema_id": "a98a7bd5120c4485"}
{"events": 256, "schema": "zeek.conn", "schema_id": "a98a7bd5120c4485"}
{"events": 256, "schema": "zeek.conn", "schema_id": "a98a7bd5120c4485"}
{"events": 256, "schema": "zeek.conn", "schema_id": "a98a7bd5120c4485"}
{"events": 256, "schema": "zeek.conn", "schema_id": "a98a7bd5120c4485"}
{"events": 256, "schema": "zeek.conn", "schema_id": "a98a7bd5120c4485"}
{"events": 256, "schema": "zeek.conn", "schema_id": "a98a7bd5120c4485"}
{"events": 256, "schema": "zeek.conn", "schema_id": "a98a7bd5120c4485"}
{"events": 256, "schema": "zeek.conn", "schema_id": "a98a7bd5120c4485"}
{"events": 256, "schema": "zeek.conn", "schema_id": "a98a7bd5120c4485"}
{"events": 256, "schema": "zeek.conn", "schema_id": "a98a7bd5120c4485"}
{"events": 256, "schema": "zeek.conn", "schema_id": "a98a7bd5120c4485"}
{"events": 256, "schema": "zeek.conn", "schema_id": "a98a7bd5120c4485"}
{"events": 256, "schema": "zeek.conn", "schema_id": "a98a7bd5120c4485"}
{"events": 256, "schema": "zeek.conn", "schema_id": "a98a7bd5120c4485"}
{"events": 256, "schema": "zeek.conn", "schema_id": "a98a7bd5120c4485"}
{"events": 256, "schema": "zeek.conn", "schema_id": "a98a7bd5120c4485"}
{"events": 256, "schema": "zeek.conn", "schema_id": "a98a7bd5120c4485"}
{"events": 256, "schema": "zeek.conn", "schema_id": "a98a7bd5120c4485"}
{"events": 256, "schema": "zeek.conn", "schema_id": "a98a7bd5120c4485"}
{"events": 256, "schema": "zeek.conn", "schema_id": "a98a7bd5120c4485"}
{"events": 256, "schema": "zeek.conn", "schema_id": "a98a7bd5120c4485"}
{"events": 256, "schema": "zeek.conn", "schema_id": "a98a7bd5120c4485"}
{"events": 256, "schema": "zeek.conn", "schema_id": "a98a7bd5120c4485"}
{"events": 256, "schema": "zeek.conn", "schema_id": "a98a7bd5120c4485"}
{"events": 256, "schema": "zeek.conn", "schema_id": "a98a7bd5120c4485"}
{"events": 256, "schema": "zeek.conn", "schema_id": "a98a7bd5120c4485"}
{"events": 256, "schema": "zeek.conn", "schema_id": "a98a7bd5120c4485"}
{"events": 14, "schema": "zeek.conn", "schema_id": "a98a7bd5120c4485"}